<!doctype html public "-//w3c//dtd html 4.0 transitional//en">
<html><head>
<title>Static Call Graph - [App\App.axf]</title></head>
<body><HR>
<H1>Static Call Graph for image App\App.axf</H1><HR>
<BR><P>#&#060CALLGRAPH&#062# ARM Linker, 6190004: Last Updated: Thu Sep  7 19:56:51 2023
<BR><P>
<H3>Maximum Stack Usage =        456 bytes + Unknown(Functions without stacksize, Cycles, Untraceable Function Pointers)</H3><H3>
Call chain for Maximum Stack Depth:</H3>
__rt_entry_main &rArr; main &rArr; at24cxx_basic_init &rArr; at24cxx_interface_debug_print &rArr; vsnprintf &rArr; _printf_char_common &rArr; __printf
<P>
<H3>
Functions with no stack information
</H3><UL>
 <LI><a href="#[130]">__user_initial_stackheap</a>
 <LI><a href="#[1d0]">_tx_initialize_low_level</a>
 <LI><a href="#[f1]">__tx_BadHandler</a>
 <LI><a href="#[f2]">__tx_HardfaultHandler</a>
 <LI><a href="#[f3]">__tx_SVCallHandler</a>
 <LI><a href="#[f4]">__tx_IntHandler</a>
 <LI><a href="#[b]">SysTick_Handler</a>
 <LI><a href="#[234]">__tx_SysTickHandler</a>
 <LI><a href="#[f8]">__tx_NMIHandler</a>
 <LI><a href="#[f9]">__tx_DBGHandler</a>
 <LI><a href="#[1d4]">_tx_thread_interrupt_disable</a>
 <LI><a href="#[1d5]">_tx_thread_interrupt_restore</a>
 <LI><a href="#[1d3]">_tx_thread_schedule</a>
 <LI><a href="#[a]">PendSV_Handler</a>
 <LI><a href="#[235]">__tx_PendSVHandler</a>
 <LI><a href="#[236]">tx_thread_fpu_disable</a>
 <LI><a href="#[237]">tx_thread_fpu_enable</a>
 <LI><a href="#[1e2]">_tx_thread_stack_build</a>
 <LI><a href="#[1e6]">_tx_thread_system_return</a>
 <LI><a href="#[f7]">_tx_timer_interrupt</a>
</UL>
</UL>
<P>
<H3>
Mutually Recursive functions
</H3> <LI><a href="#[8]">SVC_Handler</a>&nbsp;&nbsp;&nbsp;&rArr;&nbsp;&nbsp;&nbsp;<a href="#[8]">SVC_Handler</a><BR>
 <LI><a href="#[1e]">ADC_IRQHandler</a>&nbsp;&nbsp;&nbsp;&rArr;&nbsp;&nbsp;&nbsp;<a href="#[1e]">ADC_IRQHandler</a><BR>
 <LI><a href="#[6]">BusFault_Handler</a>&nbsp;&nbsp;&nbsp;&rArr;&nbsp;&nbsp;&nbsp;<a href="#[6]">BusFault_Handler</a><BR>
 <LI><a href="#[4]">HardFault_Handler</a>&nbsp;&nbsp;&nbsp;&rArr;&nbsp;&nbsp;&nbsp;<a href="#[4]">HardFault_Handler</a><BR>
 <LI><a href="#[5]">MemManage_Handler</a>&nbsp;&nbsp;&nbsp;&rArr;&nbsp;&nbsp;&nbsp;<a href="#[5]">MemManage_Handler</a><BR>
 <LI><a href="#[3]">NMI_Handler</a>&nbsp;&nbsp;&nbsp;&rArr;&nbsp;&nbsp;&nbsp;<a href="#[3]">NMI_Handler</a><BR>
 <LI><a href="#[7]">UsageFault_Handler</a>&nbsp;&nbsp;&nbsp;&rArr;&nbsp;&nbsp;&nbsp;<a href="#[7]">UsageFault_Handler</a><BR>
 <LI><a href="#[ae]">io_thread_entry</a>&nbsp;&nbsp;&nbsp;&rArr;&nbsp;&nbsp;&nbsp;<a href="#[ae]">io_thread_entry</a><BR>
</UL>
<P>
<H3>
Function Pointers
</H3><UL>
 <LI><a href="#[84]">ADC3_IRQHandler</a> from stm32h7xx_it.o(.text.ADC3_IRQHandler) referenced from startup_stm32h750xx.o(RESET)
 <LI><a href="#[9e]">ADC_DMAConvCplt</a> from stm32h7xx_hal_adc.o(.text.ADC_DMAConvCplt) referenced 2 times from stm32h7xx_hal_adc.o(.text.HAL_ADC_Start_DMA)
 <LI><a href="#[a0]">ADC_DMAError</a> from stm32h7xx_hal_adc.o(.text.ADC_DMAError) referenced 2 times from stm32h7xx_hal_adc.o(.text.HAL_ADC_Start_DMA)
 <LI><a href="#[9f]">ADC_DMAHalfConvCplt</a> from stm32h7xx_hal_adc.o(.text.ADC_DMAHalfConvCplt) referenced 2 times from stm32h7xx_hal_adc.o(.text.HAL_ADC_Start_DMA)
 <LI><a href="#[1e]">ADC_IRQHandler</a> from startup_stm32h750xx.o(.text) referenced from startup_stm32h750xx.o(RESET)
 <LI><a href="#[86]">BDMA_Channel0_IRQHandler</a> from startup_stm32h750xx.o(.text) referenced from startup_stm32h750xx.o(RESET)
 <LI><a href="#[87]">BDMA_Channel1_IRQHandler</a> from startup_stm32h750xx.o(.text) referenced from startup_stm32h750xx.o(RESET)
 <LI><a href="#[88]">BDMA_Channel2_IRQHandler</a> from startup_stm32h750xx.o(.text) referenced from startup_stm32h750xx.o(RESET)
 <LI><a href="#[89]">BDMA_Channel3_IRQHandler</a> from startup_stm32h750xx.o(.text) referenced from startup_stm32h750xx.o(RESET)
 <LI><a href="#[8a]">BDMA_Channel4_IRQHandler</a> from startup_stm32h750xx.o(.text) referenced from startup_stm32h750xx.o(RESET)
 <LI><a href="#[8b]">BDMA_Channel5_IRQHandler</a> from startup_stm32h750xx.o(.text) referenced from startup_stm32h750xx.o(RESET)
 <LI><a href="#[8c]">BDMA_Channel6_IRQHandler</a> from startup_stm32h750xx.o(.text) referenced from startup_stm32h750xx.o(RESET)
 <LI><a href="#[8d]">BDMA_Channel7_IRQHandler</a> from startup_stm32h750xx.o(.text) referenced from startup_stm32h750xx.o(RESET)
 <LI><a href="#[6]">BusFault_Handler</a> from stm32h7xx_it.o(.text.BusFault_Handler) referenced from startup_stm32h750xx.o(RESET)
 <LI><a href="#[65]">CEC_IRQHandler</a> from startup_stm32h750xx.o(.text) referenced from startup_stm32h750xx.o(RESET)
 <LI><a href="#[8e]">COMP1_IRQHandler</a> from startup_stm32h750xx.o(.text) referenced from startup_stm32h750xx.o(RESET)
 <LI><a href="#[94]">CRS_IRQHandler</a> from startup_stm32h750xx.o(.text) referenced from startup_stm32h750xx.o(RESET)
 <LI><a href="#[56]">CRYP_IRQHandler</a> from startup_stm32h750xx.o(.text) referenced from startup_stm32h750xx.o(RESET)
 <LI><a href="#[55]">DCMI_IRQHandler</a> from startup_stm32h750xx.o(.text) referenced from startup_stm32h750xx.o(RESET)
 <LI><a href="#[75]">DFSDM1_FLT0_IRQHandler</a> from startup_stm32h750xx.o(.text) referenced from startup_stm32h750xx.o(RESET)
 <LI><a href="#[76]">DFSDM1_FLT1_IRQHandler</a> from startup_stm32h750xx.o(.text) referenced from startup_stm32h750xx.o(RESET)
 <LI><a href="#[77]">DFSDM1_FLT2_IRQHandler</a> from startup_stm32h750xx.o(.text) referenced from startup_stm32h750xx.o(RESET)
 <LI><a href="#[78]">DFSDM1_FLT3_IRQHandler</a> from startup_stm32h750xx.o(.text) referenced from startup_stm32h750xx.o(RESET)
 <LI><a href="#[17]">DMA1_Stream0_IRQHandler</a> from stm32h7xx_it.o(.text.DMA1_Stream0_IRQHandler) referenced from startup_stm32h750xx.o(RESET)
 <LI><a href="#[18]">DMA1_Stream1_IRQHandler</a> from startup_stm32h750xx.o(.text) referenced from startup_stm32h750xx.o(RESET)
 <LI><a href="#[19]">DMA1_Stream2_IRQHandler</a> from startup_stm32h750xx.o(.text) referenced from startup_stm32h750xx.o(RESET)
 <LI><a href="#[1a]">DMA1_Stream3_IRQHandler</a> from startup_stm32h750xx.o(.text) referenced from startup_stm32h750xx.o(RESET)
 <LI><a href="#[1b]">DMA1_Stream4_IRQHandler</a> from startup_stm32h750xx.o(.text) referenced from startup_stm32h750xx.o(RESET)
 <LI><a href="#[1c]">DMA1_Stream5_IRQHandler</a> from startup_stm32h750xx.o(.text) referenced from startup_stm32h750xx.o(RESET)
 <LI><a href="#[1d]">DMA1_Stream6_IRQHandler</a> from startup_stm32h750xx.o(.text) referenced from startup_stm32h750xx.o(RESET)
 <LI><a href="#[3a]">DMA1_Stream7_IRQHandler</a> from startup_stm32h750xx.o(.text) referenced from startup_stm32h750xx.o(RESET)
 <LI><a href="#[61]">DMA2D_IRQHandler</a> from startup_stm32h750xx.o(.text) referenced from startup_stm32h750xx.o(RESET)
 <LI><a href="#[43]">DMA2_Stream0_IRQHandler</a> from startup_stm32h750xx.o(.text) referenced from startup_stm32h750xx.o(RESET)
 <LI><a href="#[44]">DMA2_Stream1_IRQHandler</a> from startup_stm32h750xx.o(.text) referenced from startup_stm32h750xx.o(RESET)
 <LI><a href="#[45]">DMA2_Stream2_IRQHandler</a> from startup_stm32h750xx.o(.text) referenced from startup_stm32h750xx.o(RESET)
 <LI><a href="#[46]">DMA2_Stream3_IRQHandler</a> from startup_stm32h750xx.o(.text) referenced from startup_stm32h750xx.o(RESET)
 <LI><a href="#[47]">DMA2_Stream4_IRQHandler</a> from startup_stm32h750xx.o(.text) referenced from startup_stm32h750xx.o(RESET)
 <LI><a href="#[4b]">DMA2_Stream5_IRQHandler</a> from startup_stm32h750xx.o(.text) referenced from startup_stm32h750xx.o(RESET)
 <LI><a href="#[4c]">DMA2_Stream6_IRQHandler</a> from startup_stm32h750xx.o(.text) referenced from startup_stm32h750xx.o(RESET)
 <LI><a href="#[4d]">DMA2_Stream7_IRQHandler</a> from startup_stm32h750xx.o(.text) referenced from startup_stm32h750xx.o(RESET)
 <LI><a href="#[6d]">DMAMUX1_OVR_IRQHandler</a> from startup_stm32h750xx.o(.text) referenced from startup_stm32h750xx.o(RESET)
 <LI><a href="#[85]">DMAMUX2_OVR_IRQHandler</a> from startup_stm32h750xx.o(.text) referenced from startup_stm32h750xx.o(RESET)
 <LI><a href="#[9]">DebugMon_Handler</a> from stm32h7xx_it.o(.text.DebugMon_Handler) referenced from startup_stm32h750xx.o(RESET)
 <LI><a href="#[95]">ECC_IRQHandler</a> from startup_stm32h750xx.o(.text) referenced from startup_stm32h750xx.o(RESET)
 <LI><a href="#[48]">ETH_IRQHandler</a> from stm32h7xx_it.o(.text.ETH_IRQHandler) referenced from startup_stm32h750xx.o(RESET)
 <LI><a href="#[49]">ETH_WKUP_IRQHandler</a> from stm32h7xx_it.o(.text.ETH_WKUP_IRQHandler) referenced from startup_stm32h750xx.o(RESET)
 <LI><a href="#[12]">EXTI0_IRQHandler</a> from startup_stm32h750xx.o(.text) referenced from startup_stm32h750xx.o(RESET)
 <LI><a href="#[34]">EXTI15_10_IRQHandler</a> from startup_stm32h750xx.o(.text) referenced from startup_stm32h750xx.o(RESET)
 <LI><a href="#[13]">EXTI1_IRQHandler</a> from startup_stm32h750xx.o(.text) referenced from startup_stm32h750xx.o(RESET)
 <LI><a href="#[14]">EXTI2_IRQHandler</a> from startup_stm32h750xx.o(.text) referenced from startup_stm32h750xx.o(RESET)
 <LI><a href="#[15]">EXTI3_IRQHandler</a> from startup_stm32h750xx.o(.text) referenced from startup_stm32h750xx.o(RESET)
 <LI><a href="#[16]">EXTI4_IRQHandler</a> from startup_stm32h750xx.o(.text) referenced from startup_stm32h750xx.o(RESET)
 <LI><a href="#[23]">EXTI9_5_IRQHandler</a> from startup_stm32h750xx.o(.text) referenced from startup_stm32h750xx.o(RESET)
 <LI><a href="#[1f]">FDCAN1_IT0_IRQHandler</a> from startup_stm32h750xx.o(.text) referenced from startup_stm32h750xx.o(RESET)
 <LI><a href="#[21]">FDCAN1_IT1_IRQHandler</a> from startup_stm32h750xx.o(.text) referenced from startup_stm32h750xx.o(RESET)
 <LI><a href="#[20]">FDCAN2_IT0_IRQHandler</a> from startup_stm32h750xx.o(.text) referenced from startup_stm32h750xx.o(RESET)
 <LI><a href="#[22]">FDCAN2_IT1_IRQHandler</a> from startup_stm32h750xx.o(.text) referenced from startup_stm32h750xx.o(RESET)
 <LI><a href="#[4a]">FDCAN_CAL_IRQHandler</a> from startup_stm32h750xx.o(.text) referenced from startup_stm32h750xx.o(RESET)
 <LI><a href="#[10]">FLASH_IRQHandler</a> from startup_stm32h750xx.o(.text) referenced from startup_stm32h750xx.o(RESET)
 <LI><a href="#[3b]">FMC_IRQHandler</a> from startup_stm32h750xx.o(.text) referenced from startup_stm32h750xx.o(RESET)
 <LI><a href="#[58]">FPU_IRQHandler</a> from startup_stm32h750xx.o(.text) referenced from startup_stm32h750xx.o(RESET)
 <LI><a href="#[57]">HASH_RNG_IRQHandler</a> from startup_stm32h750xx.o(.text) referenced from startup_stm32h750xx.o(RESET)
 <LI><a href="#[74]">HRTIM1_FLT_IRQHandler</a> from startup_stm32h750xx.o(.text) referenced from startup_stm32h750xx.o(RESET)
 <LI><a href="#[6e]">HRTIM1_Master_IRQHandler</a> from startup_stm32h750xx.o(.text) referenced from startup_stm32h750xx.o(RESET)
 <LI><a href="#[6f]">HRTIM1_TIMA_IRQHandler</a> from startup_stm32h750xx.o(.text) referenced from startup_stm32h750xx.o(RESET)
 <LI><a href="#[70]">HRTIM1_TIMB_IRQHandler</a> from startup_stm32h750xx.o(.text) referenced from startup_stm32h750xx.o(RESET)
 <LI><a href="#[71]">HRTIM1_TIMC_IRQHandler</a> from startup_stm32h750xx.o(.text) referenced from startup_stm32h750xx.o(RESET)
 <LI><a href="#[72]">HRTIM1_TIMD_IRQHandler</a> from startup_stm32h750xx.o(.text) referenced from startup_stm32h750xx.o(RESET)
 <LI><a href="#[73]">HRTIM1_TIME_IRQHandler</a> from startup_stm32h750xx.o(.text) referenced from startup_stm32h750xx.o(RESET)
 <LI><a href="#[83]">HSEM1_IRQHandler</a> from startup_stm32h750xx.o(.text) referenced from startup_stm32h750xx.o(RESET)
 <LI><a href="#[4]">HardFault_Handler</a> from stm32h7xx_it.o(.text.HardFault_Handler) referenced from startup_stm32h750xx.o(RESET)
 <LI><a href="#[2c]">I2C1_ER_IRQHandler</a> from startup_stm32h750xx.o(.text) referenced from startup_stm32h750xx.o(RESET)
 <LI><a href="#[2b]">I2C1_EV_IRQHandler</a> from startup_stm32h750xx.o(.text) referenced from startup_stm32h750xx.o(RESET)
 <LI><a href="#[2e]">I2C2_ER_IRQHandler</a> from startup_stm32h750xx.o(.text) referenced from startup_stm32h750xx.o(RESET)
 <LI><a href="#[2d]">I2C2_EV_IRQHandler</a> from startup_stm32h750xx.o(.text) referenced from startup_stm32h750xx.o(RESET)
 <LI><a href="#[50]">I2C3_ER_IRQHandler</a> from startup_stm32h750xx.o(.text) referenced from startup_stm32h750xx.o(RESET)
 <LI><a href="#[4f]">I2C3_EV_IRQHandler</a> from startup_stm32h750xx.o(.text) referenced from startup_stm32h750xx.o(RESET)
 <LI><a href="#[67]">I2C4_ER_IRQHandler</a> from startup_stm32h750xx.o(.text) referenced from startup_stm32h750xx.o(RESET)
 <LI><a href="#[66]">I2C4_EV_IRQHandler</a> from startup_stm32h750xx.o(.text) referenced from startup_stm32h750xx.o(RESET)
 <LI><a href="#[80]">JPEG_IRQHandler</a> from startup_stm32h750xx.o(.text) referenced from startup_stm32h750xx.o(RESET)
 <LI><a href="#[64]">LPTIM1_IRQHandler</a> from startup_stm32h750xx.o(.text) referenced from startup_stm32h750xx.o(RESET)
 <LI><a href="#[8f]">LPTIM2_IRQHandler</a> from startup_stm32h750xx.o(.text) referenced from startup_stm32h750xx.o(RESET)
 <LI><a href="#[90]">LPTIM3_IRQHandler</a> from startup_stm32h750xx.o(.text) referenced from startup_stm32h750xx.o(RESET)
 <LI><a href="#[91]">LPTIM4_IRQHandler</a> from startup_stm32h750xx.o(.text) referenced from startup_stm32h750xx.o(RESET)
 <LI><a href="#[92]">LPTIM5_IRQHandler</a> from startup_stm32h750xx.o(.text) referenced from startup_stm32h750xx.o(RESET)
 <LI><a href="#[93]">LPUART1_IRQHandler</a> from startup_stm32h750xx.o(.text) referenced from startup_stm32h750xx.o(RESET)
 <LI><a href="#[60]">LTDC_ER_IRQHandler</a> from startup_stm32h750xx.o(.text) referenced from startup_stm32h750xx.o(RESET)
 <LI><a href="#[5f]">LTDC_IRQHandler</a> from startup_stm32h750xx.o(.text) referenced from startup_stm32h750xx.o(RESET)
 <LI><a href="#[7f]">MDIOS_IRQHandler</a> from startup_stm32h750xx.o(.text) referenced from startup_stm32h750xx.o(RESET)
 <LI><a href="#[7e]">MDIOS_WKUP_IRQHandler</a> from startup_stm32h750xx.o(.text) referenced from startup_stm32h750xx.o(RESET)
 <LI><a href="#[81]">MDMA_IRQHandler</a> from startup_stm32h750xx.o(.text) referenced from startup_stm32h750xx.o(RESET)
 <LI><a href="#[5]">MemManage_Handler</a> from stm32h7xx_it.o(.text.MemManage_Handler) referenced from startup_stm32h750xx.o(RESET)
 <LI><a href="#[3]">NMI_Handler</a> from stm32h7xx_it.o(.text.NMI_Handler) referenced from startup_stm32h750xx.o(RESET)
 <LI><a href="#[6a]">OTG_FS_EP1_IN_IRQHandler</a> from startup_stm32h750xx.o(.text) referenced from startup_stm32h750xx.o(RESET)
 <LI><a href="#[69]">OTG_FS_EP1_OUT_IRQHandler</a> from startup_stm32h750xx.o(.text) referenced from startup_stm32h750xx.o(RESET)
 <LI><a href="#[6c]">OTG_FS_IRQHandler</a> from startup_stm32h750xx.o(.text) referenced from startup_stm32h750xx.o(RESET)
 <LI><a href="#[6b]">OTG_FS_WKUP_IRQHandler</a> from startup_stm32h750xx.o(.text) referenced from startup_stm32h750xx.o(RESET)
 <LI><a href="#[52]">OTG_HS_EP1_IN_IRQHandler</a> from startup_stm32h750xx.o(.text) referenced from startup_stm32h750xx.o(RESET)
 <LI><a href="#[51]">OTG_HS_EP1_OUT_IRQHandler</a> from startup_stm32h750xx.o(.text) referenced from startup_stm32h750xx.o(RESET)
 <LI><a href="#[54]">OTG_HS_IRQHandler</a> from startup_stm32h750xx.o(.text) referenced from startup_stm32h750xx.o(RESET)
 <LI><a href="#[53]">OTG_HS_WKUP_IRQHandler</a> from startup_stm32h750xx.o(.text) referenced from startup_stm32h750xx.o(RESET)
 <LI><a href="#[d]">PVD_AVD_IRQHandler</a> from startup_stm32h750xx.o(.text) referenced from startup_stm32h750xx.o(RESET)
 <LI><a href="#[a]">PendSV_Handler</a> from tx_thread_schedule.o(.text) referenced from startup_stm32h750xx.o(RESET)
 <LI><a href="#[63]">QUADSPI_IRQHandler</a> from startup_stm32h750xx.o(.text) referenced from startup_stm32h750xx.o(RESET)
 <LI><a href="#[11]">RCC_IRQHandler</a> from startup_stm32h750xx.o(.text) referenced from startup_stm32h750xx.o(RESET)
 <LI><a href="#[35]">RTC_Alarm_IRQHandler</a> from startup_stm32h750xx.o(.text) referenced from startup_stm32h750xx.o(RESET)
 <LI><a href="#[f]">RTC_WKUP_IRQHandler</a> from startup_stm32h750xx.o(.text) referenced from startup_stm32h750xx.o(RESET)
 <LI><a href="#[2]">Reset_Handler</a> from startup_stm32h750xx.o(.text) referenced from startup_stm32h750xx.o(RESET)
 <LI><a href="#[5e]">SAI1_IRQHandler</a> from startup_stm32h750xx.o(.text) referenced from startup_stm32h750xx.o(RESET)
 <LI><a href="#[62]">SAI2_IRQHandler</a> from startup_stm32h750xx.o(.text) referenced from startup_stm32h750xx.o(RESET)
 <LI><a href="#[79]">SAI3_IRQHandler</a> from startup_stm32h750xx.o(.text) referenced from startup_stm32h750xx.o(RESET)
 <LI><a href="#[96]">SAI4_IRQHandler</a> from startup_stm32h750xx.o(.text) referenced from startup_stm32h750xx.o(RESET)
 <LI><a href="#[3c]">SDMMC1_IRQHandler</a> from stm32h7xx_it.o(.text.SDMMC1_IRQHandler) referenced from startup_stm32h750xx.o(RESET)
 <LI><a href="#[82]">SDMMC2_IRQHandler</a> from startup_stm32h750xx.o(.text) referenced from startup_stm32h750xx.o(RESET)
 <LI><a href="#[68]">SPDIF_RX_IRQHandler</a> from startup_stm32h750xx.o(.text) referenced from startup_stm32h750xx.o(RESET)
 <LI><a href="#[2f]">SPI1_IRQHandler</a> from startup_stm32h750xx.o(.text) referenced from startup_stm32h750xx.o(RESET)
 <LI><a href="#[30]">SPI2_IRQHandler</a> from startup_stm32h750xx.o(.text) referenced from startup_stm32h750xx.o(RESET)
 <LI><a href="#[3e]">SPI3_IRQHandler</a> from startup_stm32h750xx.o(.text) referenced from startup_stm32h750xx.o(RESET)
 <LI><a href="#[5b]">SPI4_IRQHandler</a> from startup_stm32h750xx.o(.text) referenced from startup_stm32h750xx.o(RESET)
 <LI><a href="#[5c]">SPI5_IRQHandler</a> from startup_stm32h750xx.o(.text) referenced from startup_stm32h750xx.o(RESET)
 <LI><a href="#[5d]">SPI6_IRQHandler</a> from startup_stm32h750xx.o(.text) referenced from startup_stm32h750xx.o(RESET)
 <LI><a href="#[8]">SVC_Handler</a> from startup_stm32h750xx.o(.text) referenced from startup_stm32h750xx.o(RESET)
 <LI><a href="#[7a]">SWPMI1_IRQHandler</a> from startup_stm32h750xx.o(.text) referenced from startup_stm32h750xx.o(RESET)
 <LI><a href="#[b]">SysTick_Handler</a> from tx_initialize_low_level.o(.text) referenced from startup_stm32h750xx.o(RESET)
 <LI><a href="#[98]">SystemInit</a> from system_stm32h7xx.o(.text.SystemInit) referenced from startup_stm32h750xx.o(.text)
 <LI><a href="#[e]">TAMP_STAMP_IRQHandler</a> from startup_stm32h750xx.o(.text) referenced from startup_stm32h750xx.o(RESET)
 <LI><a href="#[7b]">TIM15_IRQHandler</a> from startup_stm32h750xx.o(.text) referenced from startup_stm32h750xx.o(RESET)
 <LI><a href="#[7c]">TIM16_IRQHandler</a> from startup_stm32h750xx.o(.text) referenced from startup_stm32h750xx.o(RESET)
 <LI><a href="#[7d]">TIM17_IRQHandler</a> from startup_stm32h750xx.o(.text) referenced from startup_stm32h750xx.o(RESET)
 <LI><a href="#[24]">TIM1_BRK_IRQHandler</a> from startup_stm32h750xx.o(.text) referenced from startup_stm32h750xx.o(RESET)
 <LI><a href="#[27]">TIM1_CC_IRQHandler</a> from startup_stm32h750xx.o(.text) referenced from startup_stm32h750xx.o(RESET)
 <LI><a href="#[26]">TIM1_TRG_COM_IRQHandler</a> from startup_stm32h750xx.o(.text) referenced from startup_stm32h750xx.o(RESET)
 <LI><a href="#[25]">TIM1_UP_IRQHandler</a> from startup_stm32h750xx.o(.text) referenced from startup_stm32h750xx.o(RESET)
 <LI><a href="#[28]">TIM2_IRQHandler</a> from startup_stm32h750xx.o(.text) referenced from startup_stm32h750xx.o(RESET)
 <LI><a href="#[29]">TIM3_IRQHandler</a> from startup_stm32h750xx.o(.text) referenced from startup_stm32h750xx.o(RESET)
 <LI><a href="#[2a]">TIM4_IRQHandler</a> from startup_stm32h750xx.o(.text) referenced from startup_stm32h750xx.o(RESET)
 <LI><a href="#[3d]">TIM5_IRQHandler</a> from startup_stm32h750xx.o(.text) referenced from startup_stm32h750xx.o(RESET)
 <LI><a href="#[41]">TIM6_DAC_IRQHandler</a> from startup_stm32h750xx.o(.text) referenced from startup_stm32h750xx.o(RESET)
 <LI><a href="#[42]">TIM7_IRQHandler</a> from stm32h7xx_it.o(.text.TIM7_IRQHandler) referenced from startup_stm32h750xx.o(RESET)
 <LI><a href="#[36]">TIM8_BRK_TIM12_IRQHandler</a> from startup_stm32h750xx.o(.text) referenced from startup_stm32h750xx.o(RESET)
 <LI><a href="#[39]">TIM8_CC_IRQHandler</a> from startup_stm32h750xx.o(.text) referenced from startup_stm32h750xx.o(RESET)
 <LI><a href="#[38]">TIM8_TRG_COM_TIM14_IRQHandler</a> from startup_stm32h750xx.o(.text) referenced from startup_stm32h750xx.o(RESET)
 <LI><a href="#[37]">TIM8_UP_TIM13_IRQHandler</a> from startup_stm32h750xx.o(.text) referenced from startup_stm32h750xx.o(RESET)
 <LI><a href="#[3f]">UART4_IRQHandler</a> from startup_stm32h750xx.o(.text) referenced from startup_stm32h750xx.o(RESET)
 <LI><a href="#[40]">UART5_IRQHandler</a> from startup_stm32h750xx.o(.text) referenced from startup_stm32h750xx.o(RESET)
 <LI><a href="#[59]">UART7_IRQHandler</a> from startup_stm32h750xx.o(.text) referenced from startup_stm32h750xx.o(RESET)
 <LI><a href="#[5a]">UART8_IRQHandler</a> from startup_stm32h750xx.o(.text) referenced from startup_stm32h750xx.o(RESET)
 <LI><a href="#[31]">USART1_IRQHandler</a> from startup_stm32h750xx.o(.text) referenced from startup_stm32h750xx.o(RESET)
 <LI><a href="#[32]">USART2_IRQHandler</a> from startup_stm32h750xx.o(.text) referenced from startup_stm32h750xx.o(RESET)
 <LI><a href="#[33]">USART3_IRQHandler</a> from startup_stm32h750xx.o(.text) referenced from startup_stm32h750xx.o(RESET)
 <LI><a href="#[4e]">USART6_IRQHandler</a> from startup_stm32h750xx.o(.text) referenced from startup_stm32h750xx.o(RESET)
 <LI><a href="#[7]">UsageFault_Handler</a> from stm32h7xx_it.o(.text.UsageFault_Handler) referenced from startup_stm32h750xx.o(RESET)
 <LI><a href="#[97]">WAKEUP_PIN_IRQHandler</a> from startup_stm32h750xx.o(.text) referenced from startup_stm32h750xx.o(RESET)
 <LI><a href="#[c]">WWDG_IRQHandler</a> from startup_stm32h750xx.o(.text) referenced from startup_stm32h750xx.o(RESET)
 <LI><a href="#[99]">__main</a> from __main.o(!!!main) referenced from startup_stm32h750xx.o(.text)
 <LI><a href="#[9d]">_get_lc_ctype</a> from lc_ctype_c.o(locale$$code) referenced from rt_ctype_table.o(.text)
 <LI><a href="#[9b]">_printf_input_char</a> from _printf_char_common.o(.text) referenced from _printf_char_common.o(.text)
 <LI><a href="#[9a]">_snputc</a> from _snputc.o(.text) referenced from vsnprintf.o(.text)
 <LI><a href="#[a1]">_tx_mutex_cleanup</a> from tx_mutex_cleanup.o(.text._tx_mutex_cleanup) referenced 2 times from tx_mutex_cleanup.o(.text._tx_mutex_cleanup)
 <LI><a href="#[a1]">_tx_mutex_cleanup</a> from tx_mutex_cleanup.o(.text._tx_mutex_cleanup) referenced 2 times from tx_mutex_get.o(.text._tx_mutex_get)
 <LI><a href="#[a2]">_tx_mutex_thread_release</a> from tx_mutex_cleanup.o(.text._tx_mutex_thread_release) referenced 2 times from tx_mutex_create.o(.text._tx_mutex_create)
 <LI><a href="#[a3]">_tx_semaphore_cleanup</a> from tx_semaphore_cleanup.o(.text._tx_semaphore_cleanup) referenced 2 times from tx_semaphore_cleanup.o(.text._tx_semaphore_cleanup)
 <LI><a href="#[a3]">_tx_semaphore_cleanup</a> from tx_semaphore_cleanup.o(.text._tx_semaphore_cleanup) referenced 2 times from tx_semaphore_get.o(.text._tx_semaphore_get)
 <LI><a href="#[a5]">_tx_thread_shell_entry</a> from tx_thread_shell_entry.o(.text._tx_thread_shell_entry) referenced 2 times from tx_thread_create.o(.text._tx_thread_create)
 <LI><a href="#[a4]">_tx_thread_timeout</a> from tx_thread_timeout.o(.text._tx_thread_timeout) referenced 2 times from tx_thread_create.o(.text._tx_thread_create)
 <LI><a href="#[a6]">_tx_timer_thread_entry</a> from tx_timer_thread_entry.o(.text._tx_timer_thread_entry) referenced 2 times from tx_timer_initialize.o(.text._tx_timer_initialize)
 <LI><a href="#[a7]">adc_thread_entry</a> from app_adc.o(.text.adc_thread_entry) referenced 2 times from app_adc.o(.text.app_adc_thread_init)
 <LI><a href="#[b6]">at24cxx_interface_debug_print</a> from stm32h750xb_driver_at24cxx_interface.o(.text.at24cxx_interface_debug_print) referenced 2 times from driver_at24cxx_basic.o(.text.at24cxx_basic_init)
 <LI><a href="#[b5]">at24cxx_interface_delay_ms</a> from stm32h750xb_driver_at24cxx_interface.o(.text.at24cxx_interface_delay_ms) referenced 2 times from driver_at24cxx_basic.o(.text.at24cxx_basic_init)
 <LI><a href="#[b0]">at24cxx_interface_iic_deinit</a> from stm32h750xb_driver_at24cxx_interface.o(.text.at24cxx_interface_iic_deinit) referenced 2 times from driver_at24cxx_basic.o(.text.at24cxx_basic_init)
 <LI><a href="#[af]">at24cxx_interface_iic_init</a> from stm32h750xb_driver_at24cxx_interface.o(.text.at24cxx_interface_iic_init) referenced 2 times from driver_at24cxx_basic.o(.text.at24cxx_basic_init)
 <LI><a href="#[b1]">at24cxx_interface_iic_read</a> from stm32h750xb_driver_at24cxx_interface.o(.text.at24cxx_interface_iic_read) referenced 2 times from driver_at24cxx_basic.o(.text.at24cxx_basic_init)
 <LI><a href="#[b3]">at24cxx_interface_iic_read_address16</a> from stm32h750xb_driver_at24cxx_interface.o(.text.at24cxx_interface_iic_read_address16) referenced 2 times from driver_at24cxx_basic.o(.text.at24cxx_basic_init)
 <LI><a href="#[b2]">at24cxx_interface_iic_write</a> from stm32h750xb_driver_at24cxx_interface.o(.text.at24cxx_interface_iic_write) referenced 2 times from driver_at24cxx_basic.o(.text.at24cxx_basic_init)
 <LI><a href="#[b4]">at24cxx_interface_iic_write_address16</a> from stm32h750xb_driver_at24cxx_interface.o(.text.at24cxx_interface_iic_write_address16) referenced 2 times from driver_at24cxx_basic.o(.text.at24cxx_basic_init)
 <LI><a href="#[a8]">button_sw1_read</a> from app_io.o(.text.button_sw1_read) referenced 2 times from app_io.o(.text.app_button_thread_init)
 <LI><a href="#[aa]">button_sw2_read</a> from app_io.o(.text.button_sw2_read) referenced 2 times from app_io.o(.text.app_button_thread_init)
 <LI><a href="#[a9]">cb1_single_click</a> from app_io.o(.text.cb1_single_click) referenced 2 times from app_io.o(.text.app_button_thread_init)
 <LI><a href="#[ab]">cb2_single_click</a> from app_io.o(.text.cb2_single_click) referenced 2 times from app_io.o(.text.app_button_thread_init)
 <LI><a href="#[9c]">fputc</a> from main.o(.text.fputc) referenced from _printf_char_file.o(.text)
 <LI><a href="#[1]">free</a> from h1_free.o(.text) referenced 2 times from signal_led.o(.data..L_MergedGlobals)
 <LI><a href="#[ae]">io_thread_entry</a> from app_io.o(.text.io_thread_entry) referenced 2 times from app_io.o(.text.app_button_thread_init)
 <LI><a href="#[ad]">led_b_switch_off</a> from app_io.o(.text.led_b_switch_off) referenced 2 times from app_io.o(.text.app_button_thread_init)
 <LI><a href="#[ac]">led_b_switch_on</a> from app_io.o(.text.led_b_switch_on) referenced 2 times from app_io.o(.text.app_button_thread_init)
 <LI><a href="#[0]">malloc</a> from h1_alloc.o(.text) referenced 2 times from signal_led.o(.data..L_MergedGlobals)
</UL>
<P>
<H3>
Global Symbols
</H3>
<P><STRONG><a name="[99]"></a>__main</STRONG> (Thumb, 8 bytes, Stack size 0 bytes, __main.o(!!!main))
<BR><BR>[Calls]<UL><LI><a href="#[b8]">&gt;&gt;</a>&nbsp;&nbsp;&nbsp;__rt_entry
<LI><a href="#[b7]">&gt;&gt;</a>&nbsp;&nbsp;&nbsp;__scatterload
</UL>
<BR>[Address Reference Count : 1]<UL><LI> startup_stm32h750xx.o(.text)
</UL>
<P><STRONG><a name="[b7]"></a>__scatterload</STRONG> (Thumb, 0 bytes, Stack size unknown bytes, __scatter.o(!!!scatter))
<BR><BR>[Called By]<UL><LI><a href="#[99]">&gt;&gt;</a>&nbsp;&nbsp;&nbsp;__main
</UL>

<P><STRONG><a name="[b9]"></a>__scatterload_rt2</STRONG> (Thumb, 44 bytes, Stack size unknown bytes, __scatter.o(!!!scatter), UNUSED)
<BR><BR>[Calls]<UL><LI><a href="#[b8]">&gt;&gt;</a>&nbsp;&nbsp;&nbsp;__rt_entry
</UL>

<P><STRONG><a name="[20c]"></a>__scatterload_rt2_thumb_only</STRONG> (Thumb, 0 bytes, Stack size unknown bytes, __scatter.o(!!!scatter), UNUSED)

<P><STRONG><a name="[20d]"></a>__scatterload_null</STRONG> (Thumb, 0 bytes, Stack size unknown bytes, __scatter.o(!!!scatter), UNUSED)

<P><STRONG><a name="[20e]"></a>__decompress</STRONG> (Thumb, 58 bytes, Stack size unknown bytes, __dczerorl.o(!!dczerorl), UNUSED)

<P><STRONG><a name="[20f]"></a>__decompress0</STRONG> (Thumb, 0 bytes, Stack size unknown bytes, __dczerorl.o(!!dczerorl), UNUSED)

<P><STRONG><a name="[ba]"></a>__scatterload_copy</STRONG> (Thumb, 26 bytes, Stack size unknown bytes, __scatter_copy.o(!!handler_copy), UNUSED)
<BR><BR>[Calls]<UL><LI><a href="#[ba]">&gt;&gt;</a>&nbsp;&nbsp;&nbsp;__scatterload_copy
</UL>
<BR>[Called By]<UL><LI><a href="#[ba]">&gt;&gt;</a>&nbsp;&nbsp;&nbsp;__scatterload_copy
</UL>

<P><STRONG><a name="[210]"></a>__scatterload_zeroinit</STRONG> (Thumb, 28 bytes, Stack size unknown bytes, __scatter_zi.o(!!handler_zi), UNUSED)

<P><STRONG><a name="[bb]"></a>_printf_n</STRONG> (Thumb, 0 bytes, Stack size unknown bytes, _printf_n.o(.ARM.Collect$$_printf_percent$$00000001))
<BR><BR>[Calls]<UL><LI><a href="#[bc]">&gt;&gt;</a>&nbsp;&nbsp;&nbsp;_printf_charcount
</UL>

<P><STRONG><a name="[109]"></a>_printf_percent</STRONG> (Thumb, 0 bytes, Stack size unknown bytes, _printf_percent.o(.ARM.Collect$$_printf_percent$$00000000))
<BR><BR>[Called By]<UL><LI><a href="#[107]">&gt;&gt;</a>&nbsp;&nbsp;&nbsp;__printf
</UL>

<P><STRONG><a name="[bd]"></a>_printf_p</STRONG> (Thumb, 0 bytes, Stack size unknown bytes, _printf_p.o(.ARM.Collect$$_printf_percent$$00000002))
<BR><BR>[Stack]<UL><LI>Max Depth = 64 + Unknown Stack Size
<LI>Call Chain = _printf_p &rArr; _printf_hex_ptr &rArr; _printf_longlong_hex &rArr; _printf_int_common &rArr; _printf_post_padding
</UL>
<BR>[Calls]<UL><LI><a href="#[be]">&gt;&gt;</a>&nbsp;&nbsp;&nbsp;_printf_hex_ptr
</UL>

<P><STRONG><a name="[bf]"></a>_printf_f</STRONG> (Thumb, 0 bytes, Stack size unknown bytes, _printf_f.o(.ARM.Collect$$_printf_percent$$00000003))
<BR><BR>[Stack]<UL><LI>Max Depth = 324 + Unknown Stack Size
<LI>Call Chain = _printf_f &rArr; _printf_fp_dec &rArr; _printf_fp_dec_real &rArr; _fp_digits &rArr; _btod_etento &rArr; _btod_emul &rArr; _e2e
</UL>
<BR>[Calls]<UL><LI><a href="#[c0]">&gt;&gt;</a>&nbsp;&nbsp;&nbsp;_printf_fp_dec
</UL>

<P><STRONG><a name="[c1]"></a>_printf_e</STRONG> (Thumb, 0 bytes, Stack size unknown bytes, _printf_e.o(.ARM.Collect$$_printf_percent$$00000004))
<BR><BR>[Stack]<UL><LI>Max Depth = 324 + Unknown Stack Size
<LI>Call Chain = _printf_e &rArr; _printf_fp_dec &rArr; _printf_fp_dec_real &rArr; _fp_digits &rArr; _btod_etento &rArr; _btod_emul &rArr; _e2e
</UL>
<BR>[Calls]<UL><LI><a href="#[c0]">&gt;&gt;</a>&nbsp;&nbsp;&nbsp;_printf_fp_dec
</UL>

<P><STRONG><a name="[c2]"></a>_printf_g</STRONG> (Thumb, 0 bytes, Stack size unknown bytes, _printf_g.o(.ARM.Collect$$_printf_percent$$00000005))
<BR><BR>[Stack]<UL><LI>Max Depth = 324 + Unknown Stack Size
<LI>Call Chain = _printf_g &rArr; _printf_fp_dec &rArr; _printf_fp_dec_real &rArr; _fp_digits &rArr; _btod_etento &rArr; _btod_emul &rArr; _e2e
</UL>
<BR>[Calls]<UL><LI><a href="#[c0]">&gt;&gt;</a>&nbsp;&nbsp;&nbsp;_printf_fp_dec
</UL>

<P><STRONG><a name="[c3]"></a>_printf_a</STRONG> (Thumb, 0 bytes, Stack size unknown bytes, _printf_a.o(.ARM.Collect$$_printf_percent$$00000006))
<BR><BR>[Stack]<UL><LI>Max Depth = 112 + Unknown Stack Size
<LI>Call Chain = _printf_a &rArr; _printf_fp_hex &rArr; _printf_fp_hex_real &rArr; _printf_fp_infnan &rArr; _printf_post_padding
</UL>
<BR>[Calls]<UL><LI><a href="#[c4]">&gt;&gt;</a>&nbsp;&nbsp;&nbsp;_printf_fp_hex
</UL>

<P><STRONG><a name="[211]"></a>_printf_ll</STRONG> (Thumb, 0 bytes, Stack size unknown bytes, _printf_ll.o(.ARM.Collect$$_printf_percent$$00000007))

<P><STRONG><a name="[c5]"></a>_printf_i</STRONG> (Thumb, 0 bytes, Stack size unknown bytes, _printf_i.o(.ARM.Collect$$_printf_percent$$00000008))
<BR><BR>[Stack]<UL><LI>Max Depth = 72 + Unknown Stack Size
<LI>Call Chain = _printf_i &rArr; _printf_int_dec &rArr; _printf_int_common &rArr; _printf_post_padding
</UL>
<BR>[Calls]<UL><LI><a href="#[c6]">&gt;&gt;</a>&nbsp;&nbsp;&nbsp;_printf_int_dec
</UL>

<P><STRONG><a name="[c7]"></a>_printf_d</STRONG> (Thumb, 0 bytes, Stack size unknown bytes, _printf_d.o(.ARM.Collect$$_printf_percent$$00000009))
<BR><BR>[Stack]<UL><LI>Max Depth = 72 + Unknown Stack Size
<LI>Call Chain = _printf_d &rArr; _printf_int_dec &rArr; _printf_int_common &rArr; _printf_post_padding
</UL>
<BR>[Calls]<UL><LI><a href="#[c6]">&gt;&gt;</a>&nbsp;&nbsp;&nbsp;_printf_int_dec
</UL>

<P><STRONG><a name="[c8]"></a>_printf_u</STRONG> (Thumb, 0 bytes, Stack size unknown bytes, _printf_u.o(.ARM.Collect$$_printf_percent$$0000000A))
<BR><BR>[Stack]<UL><LI>Max Depth = 72 + Unknown Stack Size
<LI>Call Chain = _printf_u &rArr; _printf_int_dec &rArr; _printf_int_common &rArr; _printf_post_padding
</UL>
<BR>[Calls]<UL><LI><a href="#[c6]">&gt;&gt;</a>&nbsp;&nbsp;&nbsp;_printf_int_dec
</UL>

<P><STRONG><a name="[c9]"></a>_printf_o</STRONG> (Thumb, 0 bytes, Stack size unknown bytes, _printf_o.o(.ARM.Collect$$_printf_percent$$0000000B))
<BR><BR>[Stack]<UL><LI>Max Depth = 64 + Unknown Stack Size
<LI>Call Chain = _printf_o &rArr; _printf_int_oct &rArr; _printf_longlong_oct &rArr; _printf_int_common &rArr; _printf_post_padding
</UL>
<BR>[Calls]<UL><LI><a href="#[ca]">&gt;&gt;</a>&nbsp;&nbsp;&nbsp;_printf_int_oct
</UL>

<P><STRONG><a name="[cb]"></a>_printf_x</STRONG> (Thumb, 0 bytes, Stack size unknown bytes, _printf_x.o(.ARM.Collect$$_printf_percent$$0000000C))
<BR><BR>[Stack]<UL><LI>Max Depth = 80 + Unknown Stack Size
<LI>Call Chain = _printf_x &rArr; _printf_int_hex &rArr; _printf_longlong_hex &rArr; _printf_int_common &rArr; _printf_post_padding
</UL>
<BR>[Calls]<UL><LI><a href="#[cc]">&gt;&gt;</a>&nbsp;&nbsp;&nbsp;_printf_int_hex
</UL>

<P><STRONG><a name="[cd]"></a>_printf_lli</STRONG> (Thumb, 0 bytes, Stack size unknown bytes, _printf_lli.o(.ARM.Collect$$_printf_percent$$0000000D))
<BR><BR>[Stack]<UL><LI>Max Depth = 72 + Unknown Stack Size
<LI>Call Chain = _printf_lli &rArr; _printf_longlong_dec &rArr; _printf_int_common &rArr; _printf_post_padding
</UL>
<BR>[Calls]<UL><LI><a href="#[ce]">&gt;&gt;</a>&nbsp;&nbsp;&nbsp;_printf_longlong_dec
</UL>

<P><STRONG><a name="[cf]"></a>_printf_lld</STRONG> (Thumb, 0 bytes, Stack size unknown bytes, _printf_lld.o(.ARM.Collect$$_printf_percent$$0000000E))
<BR><BR>[Stack]<UL><LI>Max Depth = 72 + Unknown Stack Size
<LI>Call Chain = _printf_lld &rArr; _printf_longlong_dec &rArr; _printf_int_common &rArr; _printf_post_padding
</UL>
<BR>[Calls]<UL><LI><a href="#[ce]">&gt;&gt;</a>&nbsp;&nbsp;&nbsp;_printf_longlong_dec
</UL>

<P><STRONG><a name="[d0]"></a>_printf_llu</STRONG> (Thumb, 0 bytes, Stack size unknown bytes, _printf_llu.o(.ARM.Collect$$_printf_percent$$0000000F))
<BR><BR>[Stack]<UL><LI>Max Depth = 72 + Unknown Stack Size
<LI>Call Chain = _printf_llu &rArr; _printf_longlong_dec &rArr; _printf_int_common &rArr; _printf_post_padding
</UL>
<BR>[Calls]<UL><LI><a href="#[ce]">&gt;&gt;</a>&nbsp;&nbsp;&nbsp;_printf_longlong_dec
</UL>

<P><STRONG><a name="[d1]"></a>_printf_llo</STRONG> (Thumb, 0 bytes, Stack size unknown bytes, _printf_llo.o(.ARM.Collect$$_printf_percent$$00000010))
<BR><BR>[Stack]<UL><LI>Max Depth = 56 + Unknown Stack Size
<LI>Call Chain = _printf_llo &rArr; _printf_ll_oct &rArr; _printf_longlong_oct &rArr; _printf_int_common &rArr; _printf_post_padding
</UL>
<BR>[Calls]<UL><LI><a href="#[d2]">&gt;&gt;</a>&nbsp;&nbsp;&nbsp;_printf_ll_oct
</UL>

<P><STRONG><a name="[d3]"></a>_printf_llx</STRONG> (Thumb, 0 bytes, Stack size unknown bytes, _printf_llx.o(.ARM.Collect$$_printf_percent$$00000011))
<BR><BR>[Stack]<UL><LI>Max Depth = 64 + Unknown Stack Size
<LI>Call Chain = _printf_llx &rArr; _printf_ll_hex &rArr; _printf_longlong_hex &rArr; _printf_int_common &rArr; _printf_post_padding
</UL>
<BR>[Calls]<UL><LI><a href="#[d4]">&gt;&gt;</a>&nbsp;&nbsp;&nbsp;_printf_ll_hex
</UL>

<P><STRONG><a name="[212]"></a>_printf_l</STRONG> (Thumb, 0 bytes, Stack size unknown bytes, _printf_l.o(.ARM.Collect$$_printf_percent$$00000012))

<P><STRONG><a name="[d5]"></a>_printf_c</STRONG> (Thumb, 0 bytes, Stack size unknown bytes, _printf_c.o(.ARM.Collect$$_printf_percent$$00000013))
<BR><BR>[Stack]<UL><LI>Max Depth = 40 + Unknown Stack Size
<LI>Call Chain = _printf_c &rArr; _printf_char &rArr; _printf_cs_common &rArr; _printf_str &rArr; _printf_post_padding
</UL>
<BR>[Calls]<UL><LI><a href="#[d6]">&gt;&gt;</a>&nbsp;&nbsp;&nbsp;_printf_char
</UL>

<P><STRONG><a name="[d7]"></a>_printf_s</STRONG> (Thumb, 0 bytes, Stack size unknown bytes, _printf_s.o(.ARM.Collect$$_printf_percent$$00000014))
<BR><BR>[Stack]<UL><LI>Max Depth = 40 + Unknown Stack Size
<LI>Call Chain = _printf_s &rArr; _printf_string &rArr; _printf_cs_common &rArr; _printf_str &rArr; _printf_post_padding
</UL>
<BR>[Calls]<UL><LI><a href="#[d8]">&gt;&gt;</a>&nbsp;&nbsp;&nbsp;_printf_string
</UL>

<P><STRONG><a name="[d9]"></a>_printf_lc</STRONG> (Thumb, 0 bytes, Stack size unknown bytes, _printf_lc.o(.ARM.Collect$$_printf_percent$$00000015))
<BR><BR>[Stack]<UL><LI>Max Depth = 88 + Unknown Stack Size
<LI>Call Chain = _printf_lc &rArr; _printf_wchar &rArr; _printf_lcs_common &rArr; _printf_wctomb &rArr; _wcrtomb
</UL>
<BR>[Calls]<UL><LI><a href="#[da]">&gt;&gt;</a>&nbsp;&nbsp;&nbsp;_printf_wchar
</UL>

<P><STRONG><a name="[db]"></a>_printf_ls</STRONG> (Thumb, 0 bytes, Stack size unknown bytes, _printf_ls.o(.ARM.Collect$$_printf_percent$$00000016))
<BR><BR>[Stack]<UL><LI>Max Depth = 88 + Unknown Stack Size
<LI>Call Chain = _printf_ls &rArr; _printf_wstring &rArr; _printf_lcs_common &rArr; _printf_wctomb &rArr; _wcrtomb
</UL>
<BR>[Calls]<UL><LI><a href="#[dc]">&gt;&gt;</a>&nbsp;&nbsp;&nbsp;_printf_wstring
</UL>

<P><STRONG><a name="[213]"></a>_printf_percent_end</STRONG> (Thumb, 0 bytes, Stack size unknown bytes, _printf_percent_end.o(.ARM.Collect$$_printf_percent$$00000017))

<P><STRONG><a name="[e9]"></a>__rt_lib_init</STRONG> (Thumb, 0 bytes, Stack size unknown bytes, libinit.o(.ARM.Collect$$libinit$$00000000))
<BR><BR>[Called By]<UL><LI><a href="#[e8]">&gt;&gt;</a>&nbsp;&nbsp;&nbsp;__rt_entry_li
</UL>

<P><STRONG><a name="[dd]"></a>__rt_lib_init_fp_1</STRONG> (Thumb, 0 bytes, Stack size unknown bytes, libinit2.o(.ARM.Collect$$libinit$$00000001))
<BR><BR>[Calls]<UL><LI><a href="#[de]">&gt;&gt;</a>&nbsp;&nbsp;&nbsp;_fp_init
</UL>

<P><STRONG><a name="[df]"></a>__rt_lib_init_heap_2</STRONG> (Thumb, 0 bytes, Stack size unknown bytes, libinit2.o(.ARM.Collect$$libinit$$00000007))
<BR><BR>[Stack]<UL><LI>Max Depth = 56 + Unknown Stack Size
<LI>Call Chain = __rt_lib_init_heap_2 &rArr; _init_alloc &rArr; __rt_SIGRTMEM &rArr; __rt_SIGRTMEM_inner &rArr; __default_signal_display
</UL>
<BR>[Calls]<UL><LI><a href="#[e0]">&gt;&gt;</a>&nbsp;&nbsp;&nbsp;_init_alloc
</UL>

<P><STRONG><a name="[214]"></a>__rt_lib_init_preinit_1</STRONG> (Thumb, 0 bytes, Stack size unknown bytes, libinit2.o(.ARM.Collect$$libinit$$00000006))

<P><STRONG><a name="[215]"></a>__rt_lib_init_relocate_pie_1</STRONG> (Thumb, 0 bytes, Stack size unknown bytes, libinit2.o(.ARM.Collect$$libinit$$00000004))

<P><STRONG><a name="[216]"></a>__rt_lib_init_heap_1</STRONG> (Thumb, 0 bytes, Stack size unknown bytes, libinit2.o(.ARM.Collect$$libinit$$0000000C))

<P><STRONG><a name="[e1]"></a>__rt_lib_init_lc_common</STRONG> (Thumb, 0 bytes, Stack size unknown bytes, libinit2.o(.ARM.Collect$$libinit$$00000011))
<BR><BR>[Calls]<UL><LI><a href="#[e2]">&gt;&gt;</a>&nbsp;&nbsp;&nbsp;__rt_locale
</UL>

<P><STRONG><a name="[217]"></a>__rt_lib_init_rand_1</STRONG> (Thumb, 0 bytes, Stack size unknown bytes, libinit2.o(.ARM.Collect$$libinit$$00000010))

<P><STRONG><a name="[218]"></a>__rt_lib_init_user_alloc_1</STRONG> (Thumb, 0 bytes, Stack size unknown bytes, libinit2.o(.ARM.Collect$$libinit$$0000000E))

<P><STRONG><a name="[219]"></a>__rt_lib_init_lc_collate_1</STRONG> (Thumb, 0 bytes, Stack size unknown bytes, libinit2.o(.ARM.Collect$$libinit$$00000013))

<P><STRONG><a name="[e3]"></a>__rt_lib_init_lc_ctype_2</STRONG> (Thumb, 0 bytes, Stack size unknown bytes, libinit2.o(.ARM.Collect$$libinit$$00000014))
<BR><BR>[Stack]<UL><LI>Max Depth = 16 + Unknown Stack Size
<LI>Call Chain = __rt_lib_init_lc_ctype_2 &rArr; _get_lc_ctype &rArr; strcmp
</UL>
<BR>[Calls]<UL><LI><a href="#[9d]">&gt;&gt;</a>&nbsp;&nbsp;&nbsp;_get_lc_ctype
</UL>

<P><STRONG><a name="[21a]"></a>__rt_lib_init_lc_ctype_1</STRONG> (Thumb, 0 bytes, Stack size unknown bytes, libinit2.o(.ARM.Collect$$libinit$$00000015))

<P><STRONG><a name="[21b]"></a>__rt_lib_init_lc_monetary_1</STRONG> (Thumb, 0 bytes, Stack size unknown bytes, libinit2.o(.ARM.Collect$$libinit$$00000017))

<P><STRONG><a name="[e4]"></a>__rt_lib_init_lc_numeric_2</STRONG> (Thumb, 0 bytes, Stack size unknown bytes, libinit2.o(.ARM.Collect$$libinit$$00000018))
<BR><BR>[Stack]<UL><LI>Max Depth = 16 + Unknown Stack Size
<LI>Call Chain = __rt_lib_init_lc_numeric_2 &rArr; _get_lc_numeric &rArr; strcmp
</UL>
<BR>[Calls]<UL><LI><a href="#[e5]">&gt;&gt;</a>&nbsp;&nbsp;&nbsp;_get_lc_numeric
</UL>

<P><STRONG><a name="[21c]"></a>__rt_lib_init_alloca_1</STRONG> (Thumb, 0 bytes, Stack size unknown bytes, libinit2.o(.ARM.Collect$$libinit$$00000030))

<P><STRONG><a name="[21d]"></a>__rt_lib_init_argv_1</STRONG> (Thumb, 0 bytes, Stack size unknown bytes, libinit2.o(.ARM.Collect$$libinit$$0000002E))

<P><STRONG><a name="[21e]"></a>__rt_lib_init_atexit_1</STRONG> (Thumb, 0 bytes, Stack size unknown bytes, libinit2.o(.ARM.Collect$$libinit$$0000001D))

<P><STRONG><a name="[21f]"></a>__rt_lib_init_clock_1</STRONG> (Thumb, 0 bytes, Stack size unknown bytes, libinit2.o(.ARM.Collect$$libinit$$00000023))

<P><STRONG><a name="[220]"></a>__rt_lib_init_cpp_1</STRONG> (Thumb, 0 bytes, Stack size unknown bytes, libinit2.o(.ARM.Collect$$libinit$$00000034))

<P><STRONG><a name="[221]"></a>__rt_lib_init_exceptions_1</STRONG> (Thumb, 0 bytes, Stack size unknown bytes, libinit2.o(.ARM.Collect$$libinit$$00000032))

<P><STRONG><a name="[222]"></a>__rt_lib_init_fp_trap_1</STRONG> (Thumb, 0 bytes, Stack size unknown bytes, libinit2.o(.ARM.Collect$$libinit$$00000021))

<P><STRONG><a name="[223]"></a>__rt_lib_init_getenv_1</STRONG> (Thumb, 0 bytes, Stack size unknown bytes, libinit2.o(.ARM.Collect$$libinit$$00000025))

<P><STRONG><a name="[224]"></a>__rt_lib_init_lc_numeric_1</STRONG> (Thumb, 0 bytes, Stack size unknown bytes, libinit2.o(.ARM.Collect$$libinit$$00000019))

<P><STRONG><a name="[225]"></a>__rt_lib_init_lc_time_1</STRONG> (Thumb, 0 bytes, Stack size unknown bytes, libinit2.o(.ARM.Collect$$libinit$$0000001B))

<P><STRONG><a name="[226]"></a>__rt_lib_init_return</STRONG> (Thumb, 0 bytes, Stack size unknown bytes, libinit2.o(.ARM.Collect$$libinit$$00000035))

<P><STRONG><a name="[227]"></a>__rt_lib_init_signal_1</STRONG> (Thumb, 0 bytes, Stack size unknown bytes, libinit2.o(.ARM.Collect$$libinit$$0000001F))

<P><STRONG><a name="[228]"></a>__rt_lib_init_stdio_1</STRONG> (Thumb, 0 bytes, Stack size unknown bytes, libinit2.o(.ARM.Collect$$libinit$$00000027))

<P><STRONG><a name="[ee]"></a>__rt_lib_shutdown</STRONG> (Thumb, 0 bytes, Stack size unknown bytes, libshutdown.o(.ARM.Collect$$libshutdown$$00000000))
<BR><BR>[Called By]<UL><LI><a href="#[ed]">&gt;&gt;</a>&nbsp;&nbsp;&nbsp;__rt_exit_ls
</UL>

<P><STRONG><a name="[229]"></a>__rt_lib_shutdown_cpp_1</STRONG> (Thumb, 0 bytes, Stack size unknown bytes, libshutdown2.o(.ARM.Collect$$libshutdown$$00000002))

<P><STRONG><a name="[22a]"></a>__rt_lib_shutdown_fp_trap_1</STRONG> (Thumb, 0 bytes, Stack size unknown bytes, libshutdown2.o(.ARM.Collect$$libshutdown$$00000007))

<P><STRONG><a name="[22b]"></a>__rt_lib_shutdown_heap_1</STRONG> (Thumb, 0 bytes, Stack size unknown bytes, libshutdown2.o(.ARM.Collect$$libshutdown$$0000000F))

<P><STRONG><a name="[22c]"></a>__rt_lib_shutdown_return</STRONG> (Thumb, 0 bytes, Stack size unknown bytes, libshutdown2.o(.ARM.Collect$$libshutdown$$00000010))

<P><STRONG><a name="[22d]"></a>__rt_lib_shutdown_signal_1</STRONG> (Thumb, 0 bytes, Stack size unknown bytes, libshutdown2.o(.ARM.Collect$$libshutdown$$0000000A))

<P><STRONG><a name="[22e]"></a>__rt_lib_shutdown_stdio_1</STRONG> (Thumb, 0 bytes, Stack size unknown bytes, libshutdown2.o(.ARM.Collect$$libshutdown$$00000004))

<P><STRONG><a name="[22f]"></a>__rt_lib_shutdown_user_alloc_1</STRONG> (Thumb, 0 bytes, Stack size unknown bytes, libshutdown2.o(.ARM.Collect$$libshutdown$$0000000C))

<P><STRONG><a name="[b8]"></a>__rt_entry</STRONG> (Thumb, 0 bytes, Stack size unknown bytes, __rtentry.o(.ARM.Collect$$rtentry$$00000000))
<BR><BR>[Called By]<UL><LI><a href="#[99]">&gt;&gt;</a>&nbsp;&nbsp;&nbsp;__main
<LI><a href="#[b9]">&gt;&gt;</a>&nbsp;&nbsp;&nbsp;__scatterload_rt2
</UL>

<P><STRONG><a name="[230]"></a>__rt_entry_presh_1</STRONG> (Thumb, 0 bytes, Stack size unknown bytes, __rtentry2.o(.ARM.Collect$$rtentry$$00000002))

<P><STRONG><a name="[e6]"></a>__rt_entry_sh</STRONG> (Thumb, 0 bytes, Stack size unknown bytes, __rtentry4.o(.ARM.Collect$$rtentry$$00000004))
<BR><BR>[Stack]<UL><LI>Max Depth = 8 + Unknown Stack Size
<LI>Call Chain = __rt_entry_sh &rArr; __user_setup_stackheap
</UL>
<BR>[Calls]<UL><LI><a href="#[e7]">&gt;&gt;</a>&nbsp;&nbsp;&nbsp;__user_setup_stackheap
</UL>

<P><STRONG><a name="[e8]"></a>__rt_entry_li</STRONG> (Thumb, 0 bytes, Stack size unknown bytes, __rtentry2.o(.ARM.Collect$$rtentry$$0000000A))
<BR><BR>[Calls]<UL><LI><a href="#[e9]">&gt;&gt;</a>&nbsp;&nbsp;&nbsp;__rt_lib_init
</UL>

<P><STRONG><a name="[231]"></a>__rt_entry_postsh_1</STRONG> (Thumb, 0 bytes, Stack size unknown bytes, __rtentry2.o(.ARM.Collect$$rtentry$$00000009))

<P><STRONG><a name="[ea]"></a>__rt_entry_main</STRONG> (Thumb, 0 bytes, Stack size unknown bytes, __rtentry2.o(.ARM.Collect$$rtentry$$0000000D))
<BR><BR>[Stack]<UL><LI>Max Depth = 456 + Unknown Stack Size
<LI>Call Chain = __rt_entry_main &rArr; main &rArr; at24cxx_basic_init &rArr; at24cxx_interface_debug_print &rArr; vsnprintf &rArr; _printf_char_common &rArr; __printf
</UL>
<BR>[Calls]<UL><LI><a href="#[eb]">&gt;&gt;</a>&nbsp;&nbsp;&nbsp;main
<LI><a href="#[ec]">&gt;&gt;</a>&nbsp;&nbsp;&nbsp;exit
</UL>

<P><STRONG><a name="[232]"></a>__rt_entry_postli_1</STRONG> (Thumb, 0 bytes, Stack size unknown bytes, __rtentry2.o(.ARM.Collect$$rtentry$$0000000C))

<P><STRONG><a name="[131]"></a>__rt_exit</STRONG> (Thumb, 0 bytes, Stack size unknown bytes, rtexit.o(.ARM.Collect$$rtexit$$00000000))
<BR><BR>[Called By]<UL><LI><a href="#[ec]">&gt;&gt;</a>&nbsp;&nbsp;&nbsp;exit
</UL>

<P><STRONG><a name="[ed]"></a>__rt_exit_ls</STRONG> (Thumb, 0 bytes, Stack size unknown bytes, rtexit2.o(.ARM.Collect$$rtexit$$00000003))
<BR><BR>[Calls]<UL><LI><a href="#[ee]">&gt;&gt;</a>&nbsp;&nbsp;&nbsp;__rt_lib_shutdown
</UL>

<P><STRONG><a name="[233]"></a>__rt_exit_prels_1</STRONG> (Thumb, 0 bytes, Stack size unknown bytes, rtexit2.o(.ARM.Collect$$rtexit$$00000002))

<P><STRONG><a name="[ef]"></a>__rt_exit_exit</STRONG> (Thumb, 0 bytes, Stack size unknown bytes, rtexit2.o(.ARM.Collect$$rtexit$$00000004))
<BR><BR>[Calls]<UL><LI><a href="#[f0]">&gt;&gt;</a>&nbsp;&nbsp;&nbsp;_sys_exit
</UL>

<P><STRONG><a name="[2]"></a>Reset_Handler</STRONG> (Thumb, 8 bytes, Stack size 0 bytes, startup_stm32h750xx.o(.text))
<BR>[Address Reference Count : 1]<UL><LI> startup_stm32h750xx.o(RESET)
</UL>
<P><STRONG><a name="[8]"></a>SVC_Handler</STRONG> (Thumb, 2 bytes, Stack size 0 bytes, startup_stm32h750xx.o(.text))
<BR><BR>[Calls]<UL><LI><a href="#[8]">&gt;&gt;</a>&nbsp;&nbsp;&nbsp;SVC_Handler
</UL>
<BR>[Called By]<UL><LI><a href="#[8]">&gt;&gt;</a>&nbsp;&nbsp;&nbsp;SVC_Handler
</UL>
<BR>[Address Reference Count : 1]<UL><LI> startup_stm32h750xx.o(RESET)
</UL>
<P><STRONG><a name="[1e]"></a>ADC_IRQHandler</STRONG> (Thumb, 0 bytes, Stack size 0 bytes, startup_stm32h750xx.o(.text))
<BR><BR>[Calls]<UL><LI><a href="#[1e]">&gt;&gt;</a>&nbsp;&nbsp;&nbsp;ADC_IRQHandler
</UL>
<BR>[Called By]<UL><LI><a href="#[1e]">&gt;&gt;</a>&nbsp;&nbsp;&nbsp;ADC_IRQHandler
</UL>
<BR>[Address Reference Count : 1]<UL><LI> startup_stm32h750xx.o(RESET)
</UL>
<P><STRONG><a name="[86]"></a>BDMA_Channel0_IRQHandler</STRONG> (Thumb, 0 bytes, Stack size 0 bytes, startup_stm32h750xx.o(.text))
<BR>[Address Reference Count : 1]<UL><LI> startup_stm32h750xx.o(RESET)
</UL>
<P><STRONG><a name="[87]"></a>BDMA_Channel1_IRQHandler</STRONG> (Thumb, 0 bytes, Stack size 0 bytes, startup_stm32h750xx.o(.text))
<BR>[Address Reference Count : 1]<UL><LI> startup_stm32h750xx.o(RESET)
</UL>
<P><STRONG><a name="[88]"></a>BDMA_Channel2_IRQHandler</STRONG> (Thumb, 0 bytes, Stack size 0 bytes, startup_stm32h750xx.o(.text))
<BR>[Address Reference Count : 1]<UL><LI> startup_stm32h750xx.o(RESET)
</UL>
<P><STRONG><a name="[89]"></a>BDMA_Channel3_IRQHandler</STRONG> (Thumb, 0 bytes, Stack size 0 bytes, startup_stm32h750xx.o(.text))
<BR>[Address Reference Count : 1]<UL><LI> startup_stm32h750xx.o(RESET)
</UL>
<P><STRONG><a name="[8a]"></a>BDMA_Channel4_IRQHandler</STRONG> (Thumb, 0 bytes, Stack size 0 bytes, startup_stm32h750xx.o(.text))
<BR>[Address Reference Count : 1]<UL><LI> startup_stm32h750xx.o(RESET)
</UL>
<P><STRONG><a name="[8b]"></a>BDMA_Channel5_IRQHandler</STRONG> (Thumb, 0 bytes, Stack size 0 bytes, startup_stm32h750xx.o(.text))
<BR>[Address Reference Count : 1]<UL><LI> startup_stm32h750xx.o(RESET)
</UL>
<P><STRONG><a name="[8c]"></a>BDMA_Channel6_IRQHandler</STRONG> (Thumb, 0 bytes, Stack size 0 bytes, startup_stm32h750xx.o(.text))
<BR>[Address Reference Count : 1]<UL><LI> startup_stm32h750xx.o(RESET)
</UL>
<P><STRONG><a name="[8d]"></a>BDMA_Channel7_IRQHandler</STRONG> (Thumb, 0 bytes, Stack size 0 bytes, startup_stm32h750xx.o(.text))
<BR>[Address Reference Count : 1]<UL><LI> startup_stm32h750xx.o(RESET)
</UL>
<P><STRONG><a name="[65]"></a>CEC_IRQHandler</STRONG> (Thumb, 0 bytes, Stack size 0 bytes, startup_stm32h750xx.o(.text))
<BR>[Address Reference Count : 1]<UL><LI> startup_stm32h750xx.o(RESET)
</UL>
<P><STRONG><a name="[8e]"></a>COMP1_IRQHandler</STRONG> (Thumb, 0 bytes, Stack size 0 bytes, startup_stm32h750xx.o(.text))
<BR>[Address Reference Count : 1]<UL><LI> startup_stm32h750xx.o(RESET)
</UL>
<P><STRONG><a name="[94]"></a>CRS_IRQHandler</STRONG> (Thumb, 0 bytes, Stack size 0 bytes, startup_stm32h750xx.o(.text))
<BR>[Address Reference Count : 1]<UL><LI> startup_stm32h750xx.o(RESET)
</UL>
<P><STRONG><a name="[56]"></a>CRYP_IRQHandler</STRONG> (Thumb, 0 bytes, Stack size 0 bytes, startup_stm32h750xx.o(.text))
<BR>[Address Reference Count : 1]<UL><LI> startup_stm32h750xx.o(RESET)
</UL>
<P><STRONG><a name="[55]"></a>DCMI_IRQHandler</STRONG> (Thumb, 0 bytes, Stack size 0 bytes, startup_stm32h750xx.o(.text))
<BR>[Address Reference Count : 1]<UL><LI> startup_stm32h750xx.o(RESET)
</UL>
<P><STRONG><a name="[75]"></a>DFSDM1_FLT0_IRQHandler</STRONG> (Thumb, 0 bytes, Stack size 0 bytes, startup_stm32h750xx.o(.text))
<BR>[Address Reference Count : 1]<UL><LI> startup_stm32h750xx.o(RESET)
</UL>
<P><STRONG><a name="[76]"></a>DFSDM1_FLT1_IRQHandler</STRONG> (Thumb, 0 bytes, Stack size 0 bytes, startup_stm32h750xx.o(.text))
<BR>[Address Reference Count : 1]<UL><LI> startup_stm32h750xx.o(RESET)
</UL>
<P><STRONG><a name="[77]"></a>DFSDM1_FLT2_IRQHandler</STRONG> (Thumb, 0 bytes, Stack size 0 bytes, startup_stm32h750xx.o(.text))
<BR>[Address Reference Count : 1]<UL><LI> startup_stm32h750xx.o(RESET)
</UL>
<P><STRONG><a name="[78]"></a>DFSDM1_FLT3_IRQHandler</STRONG> (Thumb, 0 bytes, Stack size 0 bytes, startup_stm32h750xx.o(.text))
<BR>[Address Reference Count : 1]<UL><LI> startup_stm32h750xx.o(RESET)
</UL>
<P><STRONG><a name="[18]"></a>DMA1_Stream1_IRQHandler</STRONG> (Thumb, 0 bytes, Stack size 0 bytes, startup_stm32h750xx.o(.text))
<BR>[Address Reference Count : 1]<UL><LI> startup_stm32h750xx.o(RESET)
</UL>
<P><STRONG><a name="[19]"></a>DMA1_Stream2_IRQHandler</STRONG> (Thumb, 0 bytes, Stack size 0 bytes, startup_stm32h750xx.o(.text))
<BR>[Address Reference Count : 1]<UL><LI> startup_stm32h750xx.o(RESET)
</UL>
<P><STRONG><a name="[1a]"></a>DMA1_Stream3_IRQHandler</STRONG> (Thumb, 0 bytes, Stack size 0 bytes, startup_stm32h750xx.o(.text))
<BR>[Address Reference Count : 1]<UL><LI> startup_stm32h750xx.o(RESET)
</UL>
<P><STRONG><a name="[1b]"></a>DMA1_Stream4_IRQHandler</STRONG> (Thumb, 0 bytes, Stack size 0 bytes, startup_stm32h750xx.o(.text))
<BR>[Address Reference Count : 1]<UL><LI> startup_stm32h750xx.o(RESET)
</UL>
<P><STRONG><a name="[1c]"></a>DMA1_Stream5_IRQHandler</STRONG> (Thumb, 0 bytes, Stack size 0 bytes, startup_stm32h750xx.o(.text))
<BR>[Address Reference Count : 1]<UL><LI> startup_stm32h750xx.o(RESET)
</UL>
<P><STRONG><a name="[1d]"></a>DMA1_Stream6_IRQHandler</STRONG> (Thumb, 0 bytes, Stack size 0 bytes, startup_stm32h750xx.o(.text))
<BR>[Address Reference Count : 1]<UL><LI> startup_stm32h750xx.o(RESET)
</UL>
<P><STRONG><a name="[3a]"></a>DMA1_Stream7_IRQHandler</STRONG> (Thumb, 0 bytes, Stack size 0 bytes, startup_stm32h750xx.o(.text))
<BR>[Address Reference Count : 1]<UL><LI> startup_stm32h750xx.o(RESET)
</UL>
<P><STRONG><a name="[61]"></a>DMA2D_IRQHandler</STRONG> (Thumb, 0 bytes, Stack size 0 bytes, startup_stm32h750xx.o(.text))
<BR>[Address Reference Count : 1]<UL><LI> startup_stm32h750xx.o(RESET)
</UL>
<P><STRONG><a name="[43]"></a>DMA2_Stream0_IRQHandler</STRONG> (Thumb, 0 bytes, Stack size 0 bytes, startup_stm32h750xx.o(.text))
<BR>[Address Reference Count : 1]<UL><LI> startup_stm32h750xx.o(RESET)
</UL>
<P><STRONG><a name="[44]"></a>DMA2_Stream1_IRQHandler</STRONG> (Thumb, 0 bytes, Stack size 0 bytes, startup_stm32h750xx.o(.text))
<BR>[Address Reference Count : 1]<UL><LI> startup_stm32h750xx.o(RESET)
</UL>
<P><STRONG><a name="[45]"></a>DMA2_Stream2_IRQHandler</STRONG> (Thumb, 0 bytes, Stack size 0 bytes, startup_stm32h750xx.o(.text))
<BR>[Address Reference Count : 1]<UL><LI> startup_stm32h750xx.o(RESET)
</UL>
<P><STRONG><a name="[46]"></a>DMA2_Stream3_IRQHandler</STRONG> (Thumb, 0 bytes, Stack size 0 bytes, startup_stm32h750xx.o(.text))
<BR>[Address Reference Count : 1]<UL><LI> startup_stm32h750xx.o(RESET)
</UL>
<P><STRONG><a name="[47]"></a>DMA2_Stream4_IRQHandler</STRONG> (Thumb, 0 bytes, Stack size 0 bytes, startup_stm32h750xx.o(.text))
<BR>[Address Reference Count : 1]<UL><LI> startup_stm32h750xx.o(RESET)
</UL>
<P><STRONG><a name="[4b]"></a>DMA2_Stream5_IRQHandler</STRONG> (Thumb, 0 bytes, Stack size 0 bytes, startup_stm32h750xx.o(.text))
<BR>[Address Reference Count : 1]<UL><LI> startup_stm32h750xx.o(RESET)
</UL>
<P><STRONG><a name="[4c]"></a>DMA2_Stream6_IRQHandler</STRONG> (Thumb, 0 bytes, Stack size 0 bytes, startup_stm32h750xx.o(.text))
<BR>[Address Reference Count : 1]<UL><LI> startup_stm32h750xx.o(RESET)
</UL>
<P><STRONG><a name="[4d]"></a>DMA2_Stream7_IRQHandler</STRONG> (Thumb, 0 bytes, Stack size 0 bytes, startup_stm32h750xx.o(.text))
<BR>[Address Reference Count : 1]<UL><LI> startup_stm32h750xx.o(RESET)
</UL>
<P><STRONG><a name="[6d]"></a>DMAMUX1_OVR_IRQHandler</STRONG> (Thumb, 0 bytes, Stack size 0 bytes, startup_stm32h750xx.o(.text))
<BR>[Address Reference Count : 1]<UL><LI> startup_stm32h750xx.o(RESET)
</UL>
<P><STRONG><a name="[85]"></a>DMAMUX2_OVR_IRQHandler</STRONG> (Thumb, 0 bytes, Stack size 0 bytes, startup_stm32h750xx.o(.text))
<BR>[Address Reference Count : 1]<UL><LI> startup_stm32h750xx.o(RESET)
</UL>
<P><STRONG><a name="[95]"></a>ECC_IRQHandler</STRONG> (Thumb, 0 bytes, Stack size 0 bytes, startup_stm32h750xx.o(.text))
<BR>[Address Reference Count : 1]<UL><LI> startup_stm32h750xx.o(RESET)
</UL>
<P><STRONG><a name="[12]"></a>EXTI0_IRQHandler</STRONG> (Thumb, 0 bytes, Stack size 0 bytes, startup_stm32h750xx.o(.text))
<BR>[Address Reference Count : 1]<UL><LI> startup_stm32h750xx.o(RESET)
</UL>
<P><STRONG><a name="[34]"></a>EXTI15_10_IRQHandler</STRONG> (Thumb, 0 bytes, Stack size 0 bytes, startup_stm32h750xx.o(.text))
<BR>[Address Reference Count : 1]<UL><LI> startup_stm32h750xx.o(RESET)
</UL>
<P><STRONG><a name="[13]"></a>EXTI1_IRQHandler</STRONG> (Thumb, 0 bytes, Stack size 0 bytes, startup_stm32h750xx.o(.text))
<BR>[Address Reference Count : 1]<UL><LI> startup_stm32h750xx.o(RESET)
</UL>
<P><STRONG><a name="[14]"></a>EXTI2_IRQHandler</STRONG> (Thumb, 0 bytes, Stack size 0 bytes, startup_stm32h750xx.o(.text))
<BR>[Address Reference Count : 1]<UL><LI> startup_stm32h750xx.o(RESET)
</UL>
<P><STRONG><a name="[15]"></a>EXTI3_IRQHandler</STRONG> (Thumb, 0 bytes, Stack size 0 bytes, startup_stm32h750xx.o(.text))
<BR>[Address Reference Count : 1]<UL><LI> startup_stm32h750xx.o(RESET)
</UL>
<P><STRONG><a name="[16]"></a>EXTI4_IRQHandler</STRONG> (Thumb, 0 bytes, Stack size 0 bytes, startup_stm32h750xx.o(.text))
<BR>[Address Reference Count : 1]<UL><LI> startup_stm32h750xx.o(RESET)
</UL>
<P><STRONG><a name="[23]"></a>EXTI9_5_IRQHandler</STRONG> (Thumb, 0 bytes, Stack size 0 bytes, startup_stm32h750xx.o(.text))
<BR>[Address Reference Count : 1]<UL><LI> startup_stm32h750xx.o(RESET)
</UL>
<P><STRONG><a name="[1f]"></a>FDCAN1_IT0_IRQHandler</STRONG> (Thumb, 0 bytes, Stack size 0 bytes, startup_stm32h750xx.o(.text))
<BR>[Address Reference Count : 1]<UL><LI> startup_stm32h750xx.o(RESET)
</UL>
<P><STRONG><a name="[21]"></a>FDCAN1_IT1_IRQHandler</STRONG> (Thumb, 0 bytes, Stack size 0 bytes, startup_stm32h750xx.o(.text))
<BR>[Address Reference Count : 1]<UL><LI> startup_stm32h750xx.o(RESET)
</UL>
<P><STRONG><a name="[20]"></a>FDCAN2_IT0_IRQHandler</STRONG> (Thumb, 0 bytes, Stack size 0 bytes, startup_stm32h750xx.o(.text))
<BR>[Address Reference Count : 1]<UL><LI> startup_stm32h750xx.o(RESET)
</UL>
<P><STRONG><a name="[22]"></a>FDCAN2_IT1_IRQHandler</STRONG> (Thumb, 0 bytes, Stack size 0 bytes, startup_stm32h750xx.o(.text))
<BR>[Address Reference Count : 1]<UL><LI> startup_stm32h750xx.o(RESET)
</UL>
<P><STRONG><a name="[4a]"></a>FDCAN_CAL_IRQHandler</STRONG> (Thumb, 0 bytes, Stack size 0 bytes, startup_stm32h750xx.o(.text))
<BR>[Address Reference Count : 1]<UL><LI> startup_stm32h750xx.o(RESET)
</UL>
<P><STRONG><a name="[10]"></a>FLASH_IRQHandler</STRONG> (Thumb, 0 bytes, Stack size 0 bytes, startup_stm32h750xx.o(.text))
<BR>[Address Reference Count : 1]<UL><LI> startup_stm32h750xx.o(RESET)
</UL>
<P><STRONG><a name="[3b]"></a>FMC_IRQHandler</STRONG> (Thumb, 0 bytes, Stack size 0 bytes, startup_stm32h750xx.o(.text))
<BR>[Address Reference Count : 1]<UL><LI> startup_stm32h750xx.o(RESET)
</UL>
<P><STRONG><a name="[58]"></a>FPU_IRQHandler</STRONG> (Thumb, 0 bytes, Stack size 0 bytes, startup_stm32h750xx.o(.text))
<BR>[Address Reference Count : 1]<UL><LI> startup_stm32h750xx.o(RESET)
</UL>
<P><STRONG><a name="[57]"></a>HASH_RNG_IRQHandler</STRONG> (Thumb, 0 bytes, Stack size 0 bytes, startup_stm32h750xx.o(.text))
<BR>[Address Reference Count : 1]<UL><LI> startup_stm32h750xx.o(RESET)
</UL>
<P><STRONG><a name="[74]"></a>HRTIM1_FLT_IRQHandler</STRONG> (Thumb, 0 bytes, Stack size 0 bytes, startup_stm32h750xx.o(.text))
<BR>[Address Reference Count : 1]<UL><LI> startup_stm32h750xx.o(RESET)
</UL>
<P><STRONG><a name="[6e]"></a>HRTIM1_Master_IRQHandler</STRONG> (Thumb, 0 bytes, Stack size 0 bytes, startup_stm32h750xx.o(.text))
<BR>[Address Reference Count : 1]<UL><LI> startup_stm32h750xx.o(RESET)
</UL>
<P><STRONG><a name="[6f]"></a>HRTIM1_TIMA_IRQHandler</STRONG> (Thumb, 0 bytes, Stack size 0 bytes, startup_stm32h750xx.o(.text))
<BR>[Address Reference Count : 1]<UL><LI> startup_stm32h750xx.o(RESET)
</UL>
<P><STRONG><a name="[70]"></a>HRTIM1_TIMB_IRQHandler</STRONG> (Thumb, 0 bytes, Stack size 0 bytes, startup_stm32h750xx.o(.text))
<BR>[Address Reference Count : 1]<UL><LI> startup_stm32h750xx.o(RESET)
</UL>
<P><STRONG><a name="[71]"></a>HRTIM1_TIMC_IRQHandler</STRONG> (Thumb, 0 bytes, Stack size 0 bytes, startup_stm32h750xx.o(.text))
<BR>[Address Reference Count : 1]<UL><LI> startup_stm32h750xx.o(RESET)
</UL>
<P><STRONG><a name="[72]"></a>HRTIM1_TIMD_IRQHandler</STRONG> (Thumb, 0 bytes, Stack size 0 bytes, startup_stm32h750xx.o(.text))
<BR>[Address Reference Count : 1]<UL><LI> startup_stm32h750xx.o(RESET)
</UL>
<P><STRONG><a name="[73]"></a>HRTIM1_TIME_IRQHandler</STRONG> (Thumb, 0 bytes, Stack size 0 bytes, startup_stm32h750xx.o(.text))
<BR>[Address Reference Count : 1]<UL><LI> startup_stm32h750xx.o(RESET)
</UL>
<P><STRONG><a name="[83]"></a>HSEM1_IRQHandler</STRONG> (Thumb, 0 bytes, Stack size 0 bytes, startup_stm32h750xx.o(.text))
<BR>[Address Reference Count : 1]<UL><LI> startup_stm32h750xx.o(RESET)
</UL>
<P><STRONG><a name="[2c]"></a>I2C1_ER_IRQHandler</STRONG> (Thumb, 0 bytes, Stack size 0 bytes, startup_stm32h750xx.o(.text))
<BR>[Address Reference Count : 1]<UL><LI> startup_stm32h750xx.o(RESET)
</UL>
<P><STRONG><a name="[2b]"></a>I2C1_EV_IRQHandler</STRONG> (Thumb, 0 bytes, Stack size 0 bytes, startup_stm32h750xx.o(.text))
<BR>[Address Reference Count : 1]<UL><LI> startup_stm32h750xx.o(RESET)
</UL>
<P><STRONG><a name="[2e]"></a>I2C2_ER_IRQHandler</STRONG> (Thumb, 0 bytes, Stack size 0 bytes, startup_stm32h750xx.o(.text))
<BR>[Address Reference Count : 1]<UL><LI> startup_stm32h750xx.o(RESET)
</UL>
<P><STRONG><a name="[2d]"></a>I2C2_EV_IRQHandler</STRONG> (Thumb, 0 bytes, Stack size 0 bytes, startup_stm32h750xx.o(.text))
<BR>[Address Reference Count : 1]<UL><LI> startup_stm32h750xx.o(RESET)
</UL>
<P><STRONG><a name="[50]"></a>I2C3_ER_IRQHandler</STRONG> (Thumb, 0 bytes, Stack size 0 bytes, startup_stm32h750xx.o(.text))
<BR>[Address Reference Count : 1]<UL><LI> startup_stm32h750xx.o(RESET)
</UL>
<P><STRONG><a name="[4f]"></a>I2C3_EV_IRQHandler</STRONG> (Thumb, 0 bytes, Stack size 0 bytes, startup_stm32h750xx.o(.text))
<BR>[Address Reference Count : 1]<UL><LI> startup_stm32h750xx.o(RESET)
</UL>
<P><STRONG><a name="[67]"></a>I2C4_ER_IRQHandler</STRONG> (Thumb, 0 bytes, Stack size 0 bytes, startup_stm32h750xx.o(.text))
<BR>[Address Reference Count : 1]<UL><LI> startup_stm32h750xx.o(RESET)
</UL>
<P><STRONG><a name="[66]"></a>I2C4_EV_IRQHandler</STRONG> (Thumb, 0 bytes, Stack size 0 bytes, startup_stm32h750xx.o(.text))
<BR>[Address Reference Count : 1]<UL><LI> startup_stm32h750xx.o(RESET)
</UL>
<P><STRONG><a name="[80]"></a>JPEG_IRQHandler</STRONG> (Thumb, 0 bytes, Stack size 0 bytes, startup_stm32h750xx.o(.text))
<BR>[Address Reference Count : 1]<UL><LI> startup_stm32h750xx.o(RESET)
</UL>
<P><STRONG><a name="[64]"></a>LPTIM1_IRQHandler</STRONG> (Thumb, 0 bytes, Stack size 0 bytes, startup_stm32h750xx.o(.text))
<BR>[Address Reference Count : 1]<UL><LI> startup_stm32h750xx.o(RESET)
</UL>
<P><STRONG><a name="[8f]"></a>LPTIM2_IRQHandler</STRONG> (Thumb, 0 bytes, Stack size 0 bytes, startup_stm32h750xx.o(.text))
<BR>[Address Reference Count : 1]<UL><LI> startup_stm32h750xx.o(RESET)
</UL>
<P><STRONG><a name="[90]"></a>LPTIM3_IRQHandler</STRONG> (Thumb, 0 bytes, Stack size 0 bytes, startup_stm32h750xx.o(.text))
<BR>[Address Reference Count : 1]<UL><LI> startup_stm32h750xx.o(RESET)
</UL>
<P><STRONG><a name="[91]"></a>LPTIM4_IRQHandler</STRONG> (Thumb, 0 bytes, Stack size 0 bytes, startup_stm32h750xx.o(.text))
<BR>[Address Reference Count : 1]<UL><LI> startup_stm32h750xx.o(RESET)
</UL>
<P><STRONG><a name="[92]"></a>LPTIM5_IRQHandler</STRONG> (Thumb, 0 bytes, Stack size 0 bytes, startup_stm32h750xx.o(.text))
<BR>[Address Reference Count : 1]<UL><LI> startup_stm32h750xx.o(RESET)
</UL>
<P><STRONG><a name="[93]"></a>LPUART1_IRQHandler</STRONG> (Thumb, 0 bytes, Stack size 0 bytes, startup_stm32h750xx.o(.text))
<BR>[Address Reference Count : 1]<UL><LI> startup_stm32h750xx.o(RESET)
</UL>
<P><STRONG><a name="[60]"></a>LTDC_ER_IRQHandler</STRONG> (Thumb, 0 bytes, Stack size 0 bytes, startup_stm32h750xx.o(.text))
<BR>[Address Reference Count : 1]<UL><LI> startup_stm32h750xx.o(RESET)
</UL>
<P><STRONG><a name="[5f]"></a>LTDC_IRQHandler</STRONG> (Thumb, 0 bytes, Stack size 0 bytes, startup_stm32h750xx.o(.text))
<BR>[Address Reference Count : 1]<UL><LI> startup_stm32h750xx.o(RESET)
</UL>
<P><STRONG><a name="[7f]"></a>MDIOS_IRQHandler</STRONG> (Thumb, 0 bytes, Stack size 0 bytes, startup_stm32h750xx.o(.text))
<BR>[Address Reference Count : 1]<UL><LI> startup_stm32h750xx.o(RESET)
</UL>
<P><STRONG><a name="[7e]"></a>MDIOS_WKUP_IRQHandler</STRONG> (Thumb, 0 bytes, Stack size 0 bytes, startup_stm32h750xx.o(.text))
<BR>[Address Reference Count : 1]<UL><LI> startup_stm32h750xx.o(RESET)
</UL>
<P><STRONG><a name="[81]"></a>MDMA_IRQHandler</STRONG> (Thumb, 0 bytes, Stack size 0 bytes, startup_stm32h750xx.o(.text))
<BR>[Address Reference Count : 1]<UL><LI> startup_stm32h750xx.o(RESET)
</UL>
<P><STRONG><a name="[6a]"></a>OTG_FS_EP1_IN_IRQHandler</STRONG> (Thumb, 0 bytes, Stack size 0 bytes, startup_stm32h750xx.o(.text))
<BR>[Address Reference Count : 1]<UL><LI> startup_stm32h750xx.o(RESET)
</UL>
<P><STRONG><a name="[69]"></a>OTG_FS_EP1_OUT_IRQHandler</STRONG> (Thumb, 0 bytes, Stack size 0 bytes, startup_stm32h750xx.o(.text))
<BR>[Address Reference Count : 1]<UL><LI> startup_stm32h750xx.o(RESET)
</UL>
<P><STRONG><a name="[6c]"></a>OTG_FS_IRQHandler</STRONG> (Thumb, 0 bytes, Stack size 0 bytes, startup_stm32h750xx.o(.text))
<BR>[Address Reference Count : 1]<UL><LI> startup_stm32h750xx.o(RESET)
</UL>
<P><STRONG><a name="[6b]"></a>OTG_FS_WKUP_IRQHandler</STRONG> (Thumb, 0 bytes, Stack size 0 bytes, startup_stm32h750xx.o(.text))
<BR>[Address Reference Count : 1]<UL><LI> startup_stm32h750xx.o(RESET)
</UL>
<P><STRONG><a name="[52]"></a>OTG_HS_EP1_IN_IRQHandler</STRONG> (Thumb, 0 bytes, Stack size 0 bytes, startup_stm32h750xx.o(.text))
<BR>[Address Reference Count : 1]<UL><LI> startup_stm32h750xx.o(RESET)
</UL>
<P><STRONG><a name="[51]"></a>OTG_HS_EP1_OUT_IRQHandler</STRONG> (Thumb, 0 bytes, Stack size 0 bytes, startup_stm32h750xx.o(.text))
<BR>[Address Reference Count : 1]<UL><LI> startup_stm32h750xx.o(RESET)
</UL>
<P><STRONG><a name="[54]"></a>OTG_HS_IRQHandler</STRONG> (Thumb, 0 bytes, Stack size 0 bytes, startup_stm32h750xx.o(.text))
<BR>[Address Reference Count : 1]<UL><LI> startup_stm32h750xx.o(RESET)
</UL>
<P><STRONG><a name="[53]"></a>OTG_HS_WKUP_IRQHandler</STRONG> (Thumb, 0 bytes, Stack size 0 bytes, startup_stm32h750xx.o(.text))
<BR>[Address Reference Count : 1]<UL><LI> startup_stm32h750xx.o(RESET)
</UL>
<P><STRONG><a name="[d]"></a>PVD_AVD_IRQHandler</STRONG> (Thumb, 0 bytes, Stack size 0 bytes, startup_stm32h750xx.o(.text))
<BR>[Address Reference Count : 1]<UL><LI> startup_stm32h750xx.o(RESET)
</UL>
<P><STRONG><a name="[63]"></a>QUADSPI_IRQHandler</STRONG> (Thumb, 0 bytes, Stack size 0 bytes, startup_stm32h750xx.o(.text))
<BR>[Address Reference Count : 1]<UL><LI> startup_stm32h750xx.o(RESET)
</UL>
<P><STRONG><a name="[11]"></a>RCC_IRQHandler</STRONG> (Thumb, 0 bytes, Stack size 0 bytes, startup_stm32h750xx.o(.text))
<BR>[Address Reference Count : 1]<UL><LI> startup_stm32h750xx.o(RESET)
</UL>
<P><STRONG><a name="[35]"></a>RTC_Alarm_IRQHandler</STRONG> (Thumb, 0 bytes, Stack size 0 bytes, startup_stm32h750xx.o(.text))
<BR>[Address Reference Count : 1]<UL><LI> startup_stm32h750xx.o(RESET)
</UL>
<P><STRONG><a name="[f]"></a>RTC_WKUP_IRQHandler</STRONG> (Thumb, 0 bytes, Stack size 0 bytes, startup_stm32h750xx.o(.text))
<BR>[Address Reference Count : 1]<UL><LI> startup_stm32h750xx.o(RESET)
</UL>
<P><STRONG><a name="[5e]"></a>SAI1_IRQHandler</STRONG> (Thumb, 0 bytes, Stack size 0 bytes, startup_stm32h750xx.o(.text))
<BR>[Address Reference Count : 1]<UL><LI> startup_stm32h750xx.o(RESET)
</UL>
<P><STRONG><a name="[62]"></a>SAI2_IRQHandler</STRONG> (Thumb, 0 bytes, Stack size 0 bytes, startup_stm32h750xx.o(.text))
<BR>[Address Reference Count : 1]<UL><LI> startup_stm32h750xx.o(RESET)
</UL>
<P><STRONG><a name="[79]"></a>SAI3_IRQHandler</STRONG> (Thumb, 0 bytes, Stack size 0 bytes, startup_stm32h750xx.o(.text))
<BR>[Address Reference Count : 1]<UL><LI> startup_stm32h750xx.o(RESET)
</UL>
<P><STRONG><a name="[96]"></a>SAI4_IRQHandler</STRONG> (Thumb, 0 bytes, Stack size 0 bytes, startup_stm32h750xx.o(.text))
<BR>[Address Reference Count : 1]<UL><LI> startup_stm32h750xx.o(RESET)
</UL>
<P><STRONG><a name="[82]"></a>SDMMC2_IRQHandler</STRONG> (Thumb, 0 bytes, Stack size 0 bytes, startup_stm32h750xx.o(.text))
<BR>[Address Reference Count : 1]<UL><LI> startup_stm32h750xx.o(RESET)
</UL>
<P><STRONG><a name="[68]"></a>SPDIF_RX_IRQHandler</STRONG> (Thumb, 0 bytes, Stack size 0 bytes, startup_stm32h750xx.o(.text))
<BR>[Address Reference Count : 1]<UL><LI> startup_stm32h750xx.o(RESET)
</UL>
<P><STRONG><a name="[2f]"></a>SPI1_IRQHandler</STRONG> (Thumb, 0 bytes, Stack size 0 bytes, startup_stm32h750xx.o(.text))
<BR>[Address Reference Count : 1]<UL><LI> startup_stm32h750xx.o(RESET)
</UL>
<P><STRONG><a name="[30]"></a>SPI2_IRQHandler</STRONG> (Thumb, 0 bytes, Stack size 0 bytes, startup_stm32h750xx.o(.text))
<BR>[Address Reference Count : 1]<UL><LI> startup_stm32h750xx.o(RESET)
</UL>
<P><STRONG><a name="[3e]"></a>SPI3_IRQHandler</STRONG> (Thumb, 0 bytes, Stack size 0 bytes, startup_stm32h750xx.o(.text))
<BR>[Address Reference Count : 1]<UL><LI> startup_stm32h750xx.o(RESET)
</UL>
<P><STRONG><a name="[5b]"></a>SPI4_IRQHandler</STRONG> (Thumb, 0 bytes, Stack size 0 bytes, startup_stm32h750xx.o(.text))
<BR>[Address Reference Count : 1]<UL><LI> startup_stm32h750xx.o(RESET)
</UL>
<P><STRONG><a name="[5c]"></a>SPI5_IRQHandler</STRONG> (Thumb, 0 bytes, Stack size 0 bytes, startup_stm32h750xx.o(.text))
<BR>[Address Reference Count : 1]<UL><LI> startup_stm32h750xx.o(RESET)
</UL>
<P><STRONG><a name="[5d]"></a>SPI6_IRQHandler</STRONG> (Thumb, 0 bytes, Stack size 0 bytes, startup_stm32h750xx.o(.text))
<BR>[Address Reference Count : 1]<UL><LI> startup_stm32h750xx.o(RESET)
</UL>
<P><STRONG><a name="[7a]"></a>SWPMI1_IRQHandler</STRONG> (Thumb, 0 bytes, Stack size 0 bytes, startup_stm32h750xx.o(.text))
<BR>[Address Reference Count : 1]<UL><LI> startup_stm32h750xx.o(RESET)
</UL>
<P><STRONG><a name="[e]"></a>TAMP_STAMP_IRQHandler</STRONG> (Thumb, 0 bytes, Stack size 0 bytes, startup_stm32h750xx.o(.text))
<BR>[Address Reference Count : 1]<UL><LI> startup_stm32h750xx.o(RESET)
</UL>
<P><STRONG><a name="[7b]"></a>TIM15_IRQHandler</STRONG> (Thumb, 0 bytes, Stack size 0 bytes, startup_stm32h750xx.o(.text))
<BR>[Address Reference Count : 1]<UL><LI> startup_stm32h750xx.o(RESET)
</UL>
<P><STRONG><a name="[7c]"></a>TIM16_IRQHandler</STRONG> (Thumb, 0 bytes, Stack size 0 bytes, startup_stm32h750xx.o(.text))
<BR>[Address Reference Count : 1]<UL><LI> startup_stm32h750xx.o(RESET)
</UL>
<P><STRONG><a name="[7d]"></a>TIM17_IRQHandler</STRONG> (Thumb, 0 bytes, Stack size 0 bytes, startup_stm32h750xx.o(.text))
<BR>[Address Reference Count : 1]<UL><LI> startup_stm32h750xx.o(RESET)
</UL>
<P><STRONG><a name="[24]"></a>TIM1_BRK_IRQHandler</STRONG> (Thumb, 0 bytes, Stack size 0 bytes, startup_stm32h750xx.o(.text))
<BR>[Address Reference Count : 1]<UL><LI> startup_stm32h750xx.o(RESET)
</UL>
<P><STRONG><a name="[27]"></a>TIM1_CC_IRQHandler</STRONG> (Thumb, 0 bytes, Stack size 0 bytes, startup_stm32h750xx.o(.text))
<BR>[Address Reference Count : 1]<UL><LI> startup_stm32h750xx.o(RESET)
</UL>
<P><STRONG><a name="[26]"></a>TIM1_TRG_COM_IRQHandler</STRONG> (Thumb, 0 bytes, Stack size 0 bytes, startup_stm32h750xx.o(.text))
<BR>[Address Reference Count : 1]<UL><LI> startup_stm32h750xx.o(RESET)
</UL>
<P><STRONG><a name="[25]"></a>TIM1_UP_IRQHandler</STRONG> (Thumb, 0 bytes, Stack size 0 bytes, startup_stm32h750xx.o(.text))
<BR>[Address Reference Count : 1]<UL><LI> startup_stm32h750xx.o(RESET)
</UL>
<P><STRONG><a name="[28]"></a>TIM2_IRQHandler</STRONG> (Thumb, 0 bytes, Stack size 0 bytes, startup_stm32h750xx.o(.text))
<BR>[Address Reference Count : 1]<UL><LI> startup_stm32h750xx.o(RESET)
</UL>
<P><STRONG><a name="[29]"></a>TIM3_IRQHandler</STRONG> (Thumb, 0 bytes, Stack size 0 bytes, startup_stm32h750xx.o(.text))
<BR>[Address Reference Count : 1]<UL><LI> startup_stm32h750xx.o(RESET)
</UL>
<P><STRONG><a name="[2a]"></a>TIM4_IRQHandler</STRONG> (Thumb, 0 bytes, Stack size 0 bytes, startup_stm32h750xx.o(.text))
<BR>[Address Reference Count : 1]<UL><LI> startup_stm32h750xx.o(RESET)
</UL>
<P><STRONG><a name="[3d]"></a>TIM5_IRQHandler</STRONG> (Thumb, 0 bytes, Stack size 0 bytes, startup_stm32h750xx.o(.text))
<BR>[Address Reference Count : 1]<UL><LI> startup_stm32h750xx.o(RESET)
</UL>
<P><STRONG><a name="[41]"></a>TIM6_DAC_IRQHandler</STRONG> (Thumb, 0 bytes, Stack size 0 bytes, startup_stm32h750xx.o(.text))
<BR>[Address Reference Count : 1]<UL><LI> startup_stm32h750xx.o(RESET)
</UL>
<P><STRONG><a name="[36]"></a>TIM8_BRK_TIM12_IRQHandler</STRONG> (Thumb, 0 bytes, Stack size 0 bytes, startup_stm32h750xx.o(.text))
<BR>[Address Reference Count : 1]<UL><LI> startup_stm32h750xx.o(RESET)
</UL>
<P><STRONG><a name="[39]"></a>TIM8_CC_IRQHandler</STRONG> (Thumb, 0 bytes, Stack size 0 bytes, startup_stm32h750xx.o(.text))
<BR>[Address Reference Count : 1]<UL><LI> startup_stm32h750xx.o(RESET)
</UL>
<P><STRONG><a name="[38]"></a>TIM8_TRG_COM_TIM14_IRQHandler</STRONG> (Thumb, 0 bytes, Stack size 0 bytes, startup_stm32h750xx.o(.text))
<BR>[Address Reference Count : 1]<UL><LI> startup_stm32h750xx.o(RESET)
</UL>
<P><STRONG><a name="[37]"></a>TIM8_UP_TIM13_IRQHandler</STRONG> (Thumb, 0 bytes, Stack size 0 bytes, startup_stm32h750xx.o(.text))
<BR>[Address Reference Count : 1]<UL><LI> startup_stm32h750xx.o(RESET)
</UL>
<P><STRONG><a name="[3f]"></a>UART4_IRQHandler</STRONG> (Thumb, 0 bytes, Stack size 0 bytes, startup_stm32h750xx.o(.text))
<BR>[Address Reference Count : 1]<UL><LI> startup_stm32h750xx.o(RESET)
</UL>
<P><STRONG><a name="[40]"></a>UART5_IRQHandler</STRONG> (Thumb, 0 bytes, Stack size 0 bytes, startup_stm32h750xx.o(.text))
<BR>[Address Reference Count : 1]<UL><LI> startup_stm32h750xx.o(RESET)
</UL>
<P><STRONG><a name="[59]"></a>UART7_IRQHandler</STRONG> (Thumb, 0 bytes, Stack size 0 bytes, startup_stm32h750xx.o(.text))
<BR>[Address Reference Count : 1]<UL><LI> startup_stm32h750xx.o(RESET)
</UL>
<P><STRONG><a name="[5a]"></a>UART8_IRQHandler</STRONG> (Thumb, 0 bytes, Stack size 0 bytes, startup_stm32h750xx.o(.text))
<BR>[Address Reference Count : 1]<UL><LI> startup_stm32h750xx.o(RESET)
</UL>
<P><STRONG><a name="[31]"></a>USART1_IRQHandler</STRONG> (Thumb, 0 bytes, Stack size 0 bytes, startup_stm32h750xx.o(.text))
<BR>[Address Reference Count : 1]<UL><LI> startup_stm32h750xx.o(RESET)
</UL>
<P><STRONG><a name="[32]"></a>USART2_IRQHandler</STRONG> (Thumb, 0 bytes, Stack size 0 bytes, startup_stm32h750xx.o(.text))
<BR>[Address Reference Count : 1]<UL><LI> startup_stm32h750xx.o(RESET)
</UL>
<P><STRONG><a name="[33]"></a>USART3_IRQHandler</STRONG> (Thumb, 0 bytes, Stack size 0 bytes, startup_stm32h750xx.o(.text))
<BR>[Address Reference Count : 1]<UL><LI> startup_stm32h750xx.o(RESET)
</UL>
<P><STRONG><a name="[4e]"></a>USART6_IRQHandler</STRONG> (Thumb, 0 bytes, Stack size 0 bytes, startup_stm32h750xx.o(.text))
<BR>[Address Reference Count : 1]<UL><LI> startup_stm32h750xx.o(RESET)
</UL>
<P><STRONG><a name="[97]"></a>WAKEUP_PIN_IRQHandler</STRONG> (Thumb, 0 bytes, Stack size 0 bytes, startup_stm32h750xx.o(.text))
<BR>[Address Reference Count : 1]<UL><LI> startup_stm32h750xx.o(RESET)
</UL>
<P><STRONG><a name="[c]"></a>WWDG_IRQHandler</STRONG> (Thumb, 0 bytes, Stack size 0 bytes, startup_stm32h750xx.o(.text))
<BR>[Address Reference Count : 1]<UL><LI> startup_stm32h750xx.o(RESET)
</UL>
<P><STRONG><a name="[130]"></a>__user_initial_stackheap</STRONG> (Thumb, 0 bytes, Stack size unknown bytes, startup_stm32h750xx.o(.text))
<BR><BR>[Called By]<UL><LI><a href="#[e7]">&gt;&gt;</a>&nbsp;&nbsp;&nbsp;__user_setup_stackheap
</UL>

<P><STRONG><a name="[1d0]"></a>_tx_initialize_low_level</STRONG> (Thumb, 0 bytes, Stack size unknown bytes, tx_initialize_low_level.o(.text))
<BR><BR>[Called By]<UL><LI><a href="#[1c4]">&gt;&gt;</a>&nbsp;&nbsp;&nbsp;_tx_initialize_kernel_enter
</UL>

<P><STRONG><a name="[f1]"></a>__tx_BadHandler</STRONG> (Thumb, 0 bytes, Stack size unknown bytes, tx_initialize_low_level.o(.text), UNUSED)
<BR><BR>[Calls]<UL><LI><a href="#[f1]">&gt;&gt;</a>&nbsp;&nbsp;&nbsp;__tx_BadHandler
</UL>
<BR>[Called By]<UL><LI><a href="#[f1]">&gt;&gt;</a>&nbsp;&nbsp;&nbsp;__tx_BadHandler
</UL>

<P><STRONG><a name="[f2]"></a>__tx_HardfaultHandler</STRONG> (Thumb, 0 bytes, Stack size unknown bytes, tx_initialize_low_level.o(.text), UNUSED)
<BR><BR>[Calls]<UL><LI><a href="#[f2]">&gt;&gt;</a>&nbsp;&nbsp;&nbsp;__tx_HardfaultHandler
</UL>
<BR>[Called By]<UL><LI><a href="#[f2]">&gt;&gt;</a>&nbsp;&nbsp;&nbsp;__tx_HardfaultHandler
</UL>

<P><STRONG><a name="[f3]"></a>__tx_SVCallHandler</STRONG> (Thumb, 0 bytes, Stack size unknown bytes, tx_initialize_low_level.o(.text), UNUSED)
<BR><BR>[Calls]<UL><LI><a href="#[f3]">&gt;&gt;</a>&nbsp;&nbsp;&nbsp;__tx_SVCallHandler
</UL>
<BR>[Called By]<UL><LI><a href="#[f3]">&gt;&gt;</a>&nbsp;&nbsp;&nbsp;__tx_SVCallHandler
</UL>

<P><STRONG><a name="[f4]"></a>__tx_IntHandler</STRONG> (Thumb, 0 bytes, Stack size unknown bytes, tx_initialize_low_level.o(.text), UNUSED)
<BR><BR>[Calls]<UL><LI><a href="#[f6]">&gt;&gt;</a>&nbsp;&nbsp;&nbsp;_tx_execution_isr_exit
<LI><a href="#[f5]">&gt;&gt;</a>&nbsp;&nbsp;&nbsp;_tx_execution_isr_enter
</UL>

<P><STRONG><a name="[b]"></a>SysTick_Handler</STRONG> (Thumb, 0 bytes, Stack size unknown bytes, tx_initialize_low_level.o(.text))
<BR><BR>[Stack]<UL><LI>Max Depth = 64 + Unknown Stack Size
<LI>Call Chain = SysTick_Handler &rArr; _tx_timer_interrupt &rArr; _tx_timer_expiration_process &rArr; _tx_thread_system_resume &rArr; _tx_thread_stack_analyze
</UL>
<BR>[Calls]<UL><LI><a href="#[f6]">&gt;&gt;</a>&nbsp;&nbsp;&nbsp;_tx_execution_isr_exit
<LI><a href="#[f5]">&gt;&gt;</a>&nbsp;&nbsp;&nbsp;_tx_execution_isr_enter
<LI><a href="#[f7]">&gt;&gt;</a>&nbsp;&nbsp;&nbsp;_tx_timer_interrupt
</UL>
<BR>[Address Reference Count : 1]<UL><LI> startup_stm32h750xx.o(RESET)
</UL>
<P><STRONG><a name="[234]"></a>__tx_SysTickHandler</STRONG> (Thumb, 0 bytes, Stack size unknown bytes, tx_initialize_low_level.o(.text), UNUSED)

<P><STRONG><a name="[f8]"></a>__tx_NMIHandler</STRONG> (Thumb, 0 bytes, Stack size unknown bytes, tx_initialize_low_level.o(.text), UNUSED)
<BR><BR>[Calls]<UL><LI><a href="#[f8]">&gt;&gt;</a>&nbsp;&nbsp;&nbsp;__tx_NMIHandler
</UL>
<BR>[Called By]<UL><LI><a href="#[f8]">&gt;&gt;</a>&nbsp;&nbsp;&nbsp;__tx_NMIHandler
</UL>

<P><STRONG><a name="[f9]"></a>__tx_DBGHandler</STRONG> (Thumb, 0 bytes, Stack size unknown bytes, tx_initialize_low_level.o(.text), UNUSED)
<BR><BR>[Calls]<UL><LI><a href="#[f9]">&gt;&gt;</a>&nbsp;&nbsp;&nbsp;__tx_DBGHandler
</UL>
<BR>[Called By]<UL><LI><a href="#[f9]">&gt;&gt;</a>&nbsp;&nbsp;&nbsp;__tx_DBGHandler
</UL>

<P><STRONG><a name="[1d4]"></a>_tx_thread_interrupt_disable</STRONG> (Thumb, 0 bytes, Stack size unknown bytes, tx_thread_interrupt_disable.o(.text))
<BR><BR>[Called By]<UL><LI><a href="#[1e0]">&gt;&gt;</a>&nbsp;&nbsp;&nbsp;_tx_semaphore_put
<LI><a href="#[1df]">&gt;&gt;</a>&nbsp;&nbsp;&nbsp;_tx_semaphore_get
<LI><a href="#[1de]">&gt;&gt;</a>&nbsp;&nbsp;&nbsp;_tx_semaphore_create
<LI><a href="#[a3]">&gt;&gt;</a>&nbsp;&nbsp;&nbsp;_tx_semaphore_cleanup
<LI><a href="#[1db]">&gt;&gt;</a>&nbsp;&nbsp;&nbsp;_tx_mutex_prioritize
<LI><a href="#[1d9]">&gt;&gt;</a>&nbsp;&nbsp;&nbsp;_tx_mutex_priority_change
<LI><a href="#[1d8]">&gt;&gt;</a>&nbsp;&nbsp;&nbsp;_tx_mutex_get
<LI><a href="#[1d7]">&gt;&gt;</a>&nbsp;&nbsp;&nbsp;_tx_mutex_create
<LI><a href="#[1dd]">&gt;&gt;</a>&nbsp;&nbsp;&nbsp;_tx_mutex_put
<LI><a href="#[a2]">&gt;&gt;</a>&nbsp;&nbsp;&nbsp;_tx_mutex_thread_release
<LI><a href="#[a1]">&gt;&gt;</a>&nbsp;&nbsp;&nbsp;_tx_mutex_cleanup
<LI><a href="#[1dc]">&gt;&gt;</a>&nbsp;&nbsp;&nbsp;_tx_thread_system_preempt_check
<LI><a href="#[1d6]">&gt;&gt;</a>&nbsp;&nbsp;&nbsp;_tx_thread_system_resume
<LI><a href="#[1da]">&gt;&gt;</a>&nbsp;&nbsp;&nbsp;_tx_thread_system_suspend
<LI><a href="#[fc]">&gt;&gt;</a>&nbsp;&nbsp;&nbsp;_tx_timer_expiration_process
<LI><a href="#[fd]">&gt;&gt;</a>&nbsp;&nbsp;&nbsp;_tx_thread_time_slice
<LI><a href="#[1e9]">&gt;&gt;</a>&nbsp;&nbsp;&nbsp;_txe_mutex_create
<LI><a href="#[1ec]">&gt;&gt;</a>&nbsp;&nbsp;&nbsp;_txe_semaphore_create
<LI><a href="#[1e3]">&gt;&gt;</a>&nbsp;&nbsp;&nbsp;_tx_thread_sleep
<LI><a href="#[1ee]">&gt;&gt;</a>&nbsp;&nbsp;&nbsp;_txe_thread_create
<LI><a href="#[a6]">&gt;&gt;</a>&nbsp;&nbsp;&nbsp;_tx_timer_thread_entry
<LI><a href="#[1e4]">&gt;&gt;</a>&nbsp;&nbsp;&nbsp;_tx_thread_stack_analyze
<LI><a href="#[1e5]">&gt;&gt;</a>&nbsp;&nbsp;&nbsp;_tx_thread_stack_error_handler
<LI><a href="#[a5]">&gt;&gt;</a>&nbsp;&nbsp;&nbsp;_tx_thread_shell_entry
[...]
</UL>
<BR>[Called By]<UL><LI><a href="#[ae]">&gt;&gt;</a>&nbsp;&nbsp;&nbsp;io_thread_entry
</UL>

<P><STRONG><a name="[202]"></a>dwt_init</STRONG> (Thumb, 38 bytes, Stack size 0 bytes, dwt.o(.text.dwt_init))
<BR><BR>[Called By]<UL><LI><a href="#[eb]">&gt;&gt;</a>&nbsp;&nbsp;&nbsp;main
</UL>

<P><STRONG><a name="[9c]"></a>fputc</STRONG> (Thumb, 32 bytes, Stack size 16 bytes, main.o(.text.fputc))
<BR><BR>[Stack]<UL><LI>Max Depth = 72<LI>Call Chain = fputc &rArr; HAL_UART_Transmit &rArr; UART_WaitOnFlagUntilTimeout
</UL>
<BR>[Calls]<UL><LI><a href="#[1b3]">&gt;&gt;</a>&nbsp;&nbsp;&nbsp;HAL_UART_Transmit
</UL>
<BR>[Called By]<UL><LI><a href="#[10d]">&gt;&gt;</a>&nbsp;&nbsp;&nbsp;puts
</UL>
<BR>[Address Reference Count : 1]<UL><LI> _printf_char_file.o(.text)
</UL>
<P><STRONG><a name="[1f5]"></a>led_create</STRONG> (Thumb, 68 bytes, Stack size 24 bytes, signal_led.o(.text.led_create))
<BR><BR>[Stack]<UL><LI>Max Depth = 24<LI>Call Chain = led_create
</UL>
<BR>[Called By]<UL><LI><a href="#[1f1]">&gt;&gt;</a>&nbsp;&nbsp;&nbsp;app_button_thread_init
</UL>

<P><STRONG><a name="[1f6]"></a>led_set_mode</STRONG> (Thumb, 330 bytes, Stack size 24 bytes, signal_led.o(.text.led_set_mode))
<BR><BR>[Stack]<UL><LI>Max Depth = 112<LI>Call Chain = led_set_mode &rArr; atol &rArr; strtol &rArr; _strtoul
</UL>
<BR>[Calls]<UL><LI><a href="#[10a]">&gt;&gt;</a>&nbsp;&nbsp;&nbsp;atol
</UL>
<BR>[Called By]<UL><LI><a href="#[1f1]">&gt;&gt;</a>&nbsp;&nbsp;&nbsp;app_button_thread_init
</UL>

<P><STRONG><a name="[1f7]"></a>led_start</STRONG> (Thumb, 72 bytes, Stack size 0 bytes, signal_led.o(.text.led_start))
<BR><BR>[Called By]<UL><LI><a href="#[1f1]">&gt;&gt;</a>&nbsp;&nbsp;&nbsp;app_button_thread_init
</UL>

<P><STRONG><a name="[201]"></a>led_ticks</STRONG> (Thumb, 288 bytes, Stack size 32 bytes, signal_led.o(.text.led_ticks))
<BR><BR>[Stack]<UL><LI>Max Depth = 32<LI>Call Chain = led_ticks
</UL>
<BR>[Called By]<UL><LI><a href="#[ae]">&gt;&gt;</a>&nbsp;&nbsp;&nbsp;io_thread_entry
</UL>

<P><STRONG><a name="[eb]"></a>main</STRONG> (Thumb, 582 bytes, Stack size 24 bytes, main.o(.text.main))
<BR><BR>[Stack]<UL><LI>Max Depth = 456 + Unknown Stack Size
<LI>Call Chain = main &rArr; at24cxx_basic_init &rArr; at24cxx_interface_debug_print &rArr; vsnprintf &rArr; _printf_char_common &rArr; __printf
</UL>
<BR>[Calls]<UL><LI><a href="#[1c3]">&gt;&gt;</a>&nbsp;&nbsp;&nbsp;MX_ThreadX_Init
<LI><a href="#[1f8]">&gt;&gt;</a>&nbsp;&nbsp;&nbsp;at24cxx_basic_init
<LI><a href="#[1b9]">&gt;&gt;</a>&nbsp;&nbsp;&nbsp;MX_ETH_Init
<LI><a href="#[1c1]">&gt;&gt;</a>&nbsp;&nbsp;&nbsp;MX_TIM6_Init
<LI><a href="#[1b6]">&gt;&gt;</a>&nbsp;&nbsp;&nbsp;MX_ADC3_Init
<LI><a href="#[1c5]">&gt;&gt;</a>&nbsp;&nbsp;&nbsp;MX_USART1_UART_Init
<LI><a href="#[1c0]">&gt;&gt;</a>&nbsp;&nbsp;&nbsp;MX_SDMMC1_SD_Init
<LI><a href="#[1b8]">&gt;&gt;</a>&nbsp;&nbsp;&nbsp;MX_DMA_Init
<LI><a href="#[1bb]">&gt;&gt;</a>&nbsp;&nbsp;&nbsp;MX_GPIO_Init
<LI><a href="#[1cb]">&gt;&gt;</a>&nbsp;&nbsp;&nbsp;SystemClock_Config
<LI><a href="#[205]">&gt;&gt;</a>&nbsp;&nbsp;&nbsp;HAL_MPU_Enable
<LI><a href="#[204]">&gt;&gt;</a>&nbsp;&nbsp;&nbsp;HAL_MPU_ConfigRegion
<LI><a href="#[203]">&gt;&gt;</a>&nbsp;&nbsp;&nbsp;HAL_MPU_Disable
<LI><a href="#[16c]">&gt;&gt;</a>&nbsp;&nbsp;&nbsp;HAL_Init
<LI><a href="#[202]">&gt;&gt;</a>&nbsp;&nbsp;&nbsp;dwt_init
</UL>
<BR>[Called By]<UL><LI><a href="#[ea]">&gt;&gt;</a>&nbsp;&nbsp;&nbsp;__rt_entry_main
</UL>

<P><STRONG><a name="[1d1]"></a>tx_application_define</STRONG> (Thumb, 40 bytes, Stack size 8 bytes, app_azure_rtos.o(.text.tx_application_define))
<BR><BR>[Stack]<UL><LI>Max Depth = 216 + Unknown Stack Size
<LI>Call Chain = tx_application_define &rArr; app_button_thread_init &rArr; _txe_thread_create &rArr; _tx_thread_create &rArr; _tx_thread_system_resume &rArr; _tx_thread_stack_analyze
</UL>
<BR>[Calls]<UL><LI><a href="#[141]">&gt;&gt;</a>&nbsp;&nbsp;&nbsp;Error_Handler
<LI><a href="#[1e9]">&gt;&gt;</a>&nbsp;&nbsp;&nbsp;_txe_mutex_create
<LI><a href="#[1f0]">&gt;&gt;</a>&nbsp;&nbsp;&nbsp;app_adc_thread_init
<LI><a href="#[1f1]">&gt;&gt;</a>&nbsp;&nbsp;&nbsp;app_button_thread_init
</UL>
<BR>[Called By]<UL><LI><a href="#[1c4]">&gt;&gt;</a>&nbsp;&nbsp;&nbsp;_tx_initialize_kernel_enter
</UL>

<P><STRONG><a name="[200]"></a>tx_kprintf</STRONG> (Thumb, 80 bytes, Stack size 32 bytes, app_azure_rtos.o(.text.tx_kprintf))
<BR><BR>[Stack]<UL><LI>Max Depth = 176 + Unknown Stack Size
<LI>Call Chain = tx_kprintf &rArr; __2printf &rArr; _printf_char_file &rArr; _printf_char_common &rArr; __printf
</UL>
<BR>[Calls]<UL><LI><a href="#[1eb]">&gt;&gt;</a>&nbsp;&nbsp;&nbsp;_txe_mutex_put
<LI><a href="#[1ea]">&gt;&gt;</a>&nbsp;&nbsp;&nbsp;_txe_mutex_get
<LI><a href="#[102]">&gt;&gt;</a>&nbsp;&nbsp;&nbsp;__2printf
<LI><a href="#[100]">&gt;&gt;</a>&nbsp;&nbsp;&nbsp;vsnprintf
</UL>
<BR>[Called By]<UL><LI><a href="#[ab]">&gt;&gt;</a>&nbsp;&nbsp;&nbsp;cb2_single_click
<LI><a href="#[a9]">&gt;&gt;</a>&nbsp;&nbsp;&nbsp;cb1_single_click
</UL>

<P><STRONG><a name="[123]"></a>_btod_d2e</STRONG> (Thumb, 62 bytes, Stack size 0 bytes, btod.o(CL$$btod_d2e))
<BR><BR>[Calls]<UL><LI><a href="#[206]">&gt;&gt;</a>&nbsp;&nbsp;&nbsp;_d2e_norm_op1
</UL>
<BR>[Called By]<UL><LI><a href="#[121]">&gt;&gt;</a>&nbsp;&nbsp;&nbsp;_fp_digits
</UL>

<P><STRONG><a name="[207]"></a>_d2e_denorm_low</STRONG> (Thumb, 70 bytes, Stack size 0 bytes, btod.o(CL$$btod_d2e_denorm_low))
<BR><BR>[Called By]<UL><LI><a href="#[206]">&gt;&gt;</a>&nbsp;&nbsp;&nbsp;_d2e_norm_op1
</UL>

<P><STRONG><a name="[206]"></a>_d2e_norm_op1</STRONG> (Thumb, 96 bytes, Stack size 0 bytes, btod.o(CL$$btod_d2e_norm_op1))
<BR><BR>[Calls]<UL><LI><a href="#[207]">&gt;&gt;</a>&nbsp;&nbsp;&nbsp;_d2e_denorm_low
</UL>
<BR>[Called By]<UL><LI><a href="#[123]">&gt;&gt;</a>&nbsp;&nbsp;&nbsp;_btod_d2e
</UL>

<P><STRONG><a name="[208]"></a>__btod_div_common</STRONG> (Thumb, 696 bytes, Stack size 24 bytes, btod.o(CL$$btod_div_common))
<BR><BR>[Stack]<UL><LI>Max Depth = 24<LI>Call Chain = __btod_div_common
</UL>
<BR>[Called By]<UL><LI><a href="#[124]">&gt;&gt;</a>&nbsp;&nbsp;&nbsp;_btod_ediv
</UL>

<P><STRONG><a name="[209]"></a>_e2e</STRONG> (Thumb, 220 bytes, Stack size 24 bytes, btod.o(CL$$btod_e2e))
<BR><BR>[Stack]<UL><LI>Max Depth = 24<LI>Call Chain = _e2e
</UL>
<BR>[Called By]<UL><LI><a href="#[125]">&gt;&gt;</a>&nbsp;&nbsp;&nbsp;_btod_emul
<LI><a href="#[124]">&gt;&gt;</a>&nbsp;&nbsp;&nbsp;_btod_ediv
</UL>

<P><STRONG><a name="[124]"></a>_btod_ediv</STRONG> (Thumb, 42 bytes, Stack size 28 bytes, btod.o(CL$$btod_ediv))
<BR><BR>[Stack]<UL><LI>Max Depth = 52<LI>Call Chain = _btod_ediv &rArr; _e2e
</UL>
<BR>[Calls]<UL><LI><a href="#[209]">&gt;&gt;</a>&nbsp;&nbsp;&nbsp;_e2e
<LI><a href="#[208]">&gt;&gt;</a>&nbsp;&nbsp;&nbsp;__btod_div_common
</UL>
<BR>[Called By]<UL><LI><a href="#[122]">&gt;&gt;</a>&nbsp;&nbsp;&nbsp;_btod_etento
<LI><a href="#[121]">&gt;&gt;</a>&nbsp;&nbsp;&nbsp;_fp_digits
</UL>

<P><STRONG><a name="[125]"></a>_btod_emul</STRONG> (Thumb, 42 bytes, Stack size 28 bytes, btod.o(CL$$btod_emul))
<BR><BR>[Stack]<UL><LI>Max Depth = 52<LI>Call Chain = _btod_emul &rArr; _e2e
</UL>
<BR>[Calls]<UL><LI><a href="#[20a]">&gt;&gt;</a>&nbsp;&nbsp;&nbsp;__btod_mult_common
<LI><a href="#[209]">&gt;&gt;</a>&nbsp;&nbsp;&nbsp;_e2e
</UL>
<BR>[Called By]<UL><LI><a href="#[122]">&gt;&gt;</a>&nbsp;&nbsp;&nbsp;_btod_etento
<LI><a href="#[121]">&gt;&gt;</a>&nbsp;&nbsp;&nbsp;_fp_digits
</UL>

<P><STRONG><a name="[20a]"></a>__btod_mult_common</STRONG> (Thumb, 580 bytes, Stack size 16 bytes, btod.o(CL$$btod_mult_common))
<BR><BR>[Stack]<UL><LI>Max Depth = 16<LI>Call Chain = __btod_mult_common
</UL>
<BR>[Called By]<UL><LI><a href="#[125]">&gt;&gt;</a>&nbsp;&nbsp;&nbsp;_btod_emul
</UL>

<P><STRONG><a name="[127]"></a>__ARM_fpclassify</STRONG> (Thumb, 48 bytes, Stack size 8 bytes, fpclassify.o(i.__ARM_fpclassify))
<BR><BR>[Stack]<UL><LI>Max Depth = 8<LI>Call Chain = __ARM_fpclassify
</UL>
<BR>[Called By]<UL><LI><a href="#[129]">&gt;&gt;</a>&nbsp;&nbsp;&nbsp;_printf_fp_hex_real
<LI><a href="#[126]">&gt;&gt;</a>&nbsp;&nbsp;&nbsp;_printf_fp_dec_real
</UL>

<P><STRONG><a name="[108]"></a>_is_digit</STRONG> (Thumb, 14 bytes, Stack size 0 bytes, __printf_wp.o(i._is_digit))
<BR><BR>[Called By]<UL><LI><a href="#[107]">&gt;&gt;</a>&nbsp;&nbsp;&nbsp;__printf
</UL>

<P><STRONG><a name="[9d]"></a>_get_lc_ctype</STRONG> (Thumb, 44 bytes, Stack size 8 bytes, lc_ctype_c.o(locale$$code))
<BR><BR>[Stack]<UL><LI>Max Depth = 16<LI>Call Chain = _get_lc_ctype &rArr; strcmp
</UL>
<BR>[Calls]<UL><LI><a href="#[20b]">&gt;&gt;</a>&nbsp;&nbsp;&nbsp;strcmp
</UL>
<BR>[Called By]<UL><LI><a href="#[e3]">&gt;&gt;</a>&nbsp;&nbsp;&nbsp;__rt_lib_init_lc_ctype_2
</UL>
<BR>[Address Reference Count : 1]<UL><LI> rt_ctype_table.o(.text)
</UL>
<P><STRONG><a name="[e5]"></a>_get_lc_numeric</STRONG> (Thumb, 44 bytes, Stack size 8 bytes, lc_numeric_c.o(locale$$code))
<BR><BR>[Stack]<UL><LI>Max Depth = 16<LI>Call Chain = _get_lc_numeric &rArr; strcmp
</UL>
<BR>[Calls]<UL><LI><a href="#[20b]">&gt;&gt;</a>&nbsp;&nbsp;&nbsp;strcmp
</UL>
<BR>[Called By]<UL><LI><a href="#[e4]">&gt;&gt;</a>&nbsp;&nbsp;&nbsp;__rt_lib_init_lc_numeric_2
</UL>

<P><STRONG><a name="[de]"></a>_fp_init</STRONG> (Thumb, 26 bytes, Stack size 0 bytes, fpinit.o(x$fpl$fpinit))
<BR><BR>[Called By]<UL><LI><a href="#[dd]">&gt;&gt;</a>&nbsp;&nbsp;&nbsp;__rt_lib_init_fp_1
</UL>

<P><STRONG><a name="[24c]"></a>__fplib_config_fpu_vfp</STRONG> (Thumb, 0 bytes, Stack size unknown bytes, fpinit.o(x$fpl$fpinit), UNUSED)

<P><STRONG><a name="[24d]"></a>__fplib_config_pureend_doubles</STRONG> (Thumb, 0 bytes, Stack size unknown bytes, fpinit.o(x$fpl$fpinit), UNUSED)

<P><STRONG><a name="[c0]"></a>_printf_fp_dec</STRONG> (Thumb, 4 bytes, Stack size 0 bytes, printf1.o(x$fpl$printf1))
<BR><BR>[Stack]<UL><LI>Max Depth = 324<LI>Call Chain = _printf_fp_dec &rArr; _printf_fp_dec_real &rArr; _fp_digits &rArr; _btod_etento &rArr; _btod_emul &rArr; _e2e
</UL>
<BR>[Calls]<UL><LI><a href="#[126]">&gt;&gt;</a>&nbsp;&nbsp;&nbsp;_printf_fp_dec_real
</UL>
<BR>[Called By]<UL><LI><a href="#[c2]">&gt;&gt;</a>&nbsp;&nbsp;&nbsp;_printf_g
<LI><a href="#[c1]">&gt;&gt;</a>&nbsp;&nbsp;&nbsp;_printf_e
<LI><a href="#[bf]">&gt;&gt;</a>&nbsp;&nbsp;&nbsp;_printf_f
</UL>

<P><STRONG><a name="[c4]"></a>_printf_fp_hex</STRONG> (Thumb, 4 bytes, Stack size 0 bytes, printf2.o(x$fpl$printf2))
<BR><BR>[Stack]<UL><LI>Max Depth = 112<LI>Call Chain = _printf_fp_hex &rArr; _printf_fp_hex_real &rArr; _printf_fp_infnan &rArr; _printf_post_padding
</UL>
<BR>[Calls]<UL><LI><a href="#[129]">&gt;&gt;</a>&nbsp;&nbsp;&nbsp;_printf_fp_hex_real
</UL>
<BR>[Called By]<UL><LI><a href="#[c3]">&gt;&gt;</a>&nbsp;&nbsp;&nbsp;_printf_a
</UL>
<P>
<H3>
Local Symbols
</H3>
<P><STRONG><a name="[17a]"></a>RCCEx_PLL2_Config</STRONG> (Thumb, 290 bytes, Stack size 24 bytes, stm32h7xx_hal_rcc_ex.o(.text.RCCEx_PLL2_Config))
<BR><BR>[Stack]<UL><LI>Max Depth = 24<LI>Call Chain = RCCEx_PLL2_Config
</UL>
<BR>[Calls]<UL><LI><a href="#[13d]">&gt;&gt;</a>&nbsp;&nbsp;&nbsp;HAL_GetTick
</UL>
<BR>[Called By]<UL><LI><a href="#[14d]">&gt;&gt;</a>&nbsp;&nbsp;&nbsp;HAL_RCCEx_PeriphCLKConfig
</UL>

<P><STRONG><a name="[17b]"></a>RCCEx_PLL3_Config</STRONG> (Thumb, 290 bytes, Stack size 24 bytes, stm32h7xx_hal_rcc_ex.o(.text.RCCEx_PLL3_Config))
<BR><BR>[Stack]<UL><LI>Max Depth = 24<LI>Call Chain = RCCEx_PLL3_Config
</UL>
<BR>[Calls]<UL><LI><a href="#[13d]">&gt;&gt;</a>&nbsp;&nbsp;&nbsp;HAL_GetTick
</UL>
<BR>[Called By]<UL><LI><a href="#[14d]">&gt;&gt;</a>&nbsp;&nbsp;&nbsp;HAL_RCCEx_PeriphCLKConfig
</UL>

<P><STRONG><a name="[154]"></a>DMA_CalcBaseAndBitshift</STRONG> (Thumb, 288 bytes, Stack size 0 bytes, stm32h7xx_hal_dma.o(.text.DMA_CalcBaseAndBitshift))
<BR><BR>[Called By]<UL><LI><a href="#[14f]">&gt;&gt;</a>&nbsp;&nbsp;&nbsp;HAL_DMA_Init
</UL>

<P><STRONG><a name="[155]"></a>DMA_SetConfig</STRONG> (Thumb, 786 bytes, Stack size 16 bytes, stm32h7xx_hal_dma.o(.text.DMA_SetConfig))
<BR><BR>[Stack]<UL><LI>Max Depth = 16<LI>Call Chain = DMA_SetConfig
</UL>
<BR>[Called By]<UL><LI><a href="#[153]">&gt;&gt;</a>&nbsp;&nbsp;&nbsp;HAL_DMA_Start_IT
</UL>

<P><STRONG><a name="[167]"></a>I2C_WaitOnTXISFlagUntilTimeout</STRONG> (Thumb, 148 bytes, Stack size 16 bytes, stm32h7xx_hal_i2c.o(.text.I2C_WaitOnTXISFlagUntilTimeout))
<BR><BR>[Stack]<UL><LI>Max Depth = 32<LI>Call Chain = I2C_WaitOnTXISFlagUntilTimeout &rArr; I2C_IsErrorOccurred
</UL>
<BR>[Calls]<UL><LI><a href="#[13d]">&gt;&gt;</a>&nbsp;&nbsp;&nbsp;HAL_GetTick
<LI><a href="#[1b5]">&gt;&gt;</a>&nbsp;&nbsp;&nbsp;I2C_IsErrorOccurred
</UL>
<BR>[Called By]<UL><LI><a href="#[166]">&gt;&gt;</a>&nbsp;&nbsp;&nbsp;HAL_I2C_Mem_Read
<LI><a href="#[16a]">&gt;&gt;</a>&nbsp;&nbsp;&nbsp;HAL_I2C_Mem_Write
</UL>

<P><STRONG><a name="[168]"></a>I2C_WaitOnFlagUntilTimeout</STRONG> (Thumb, 236 bytes, Stack size 24 bytes, stm32h7xx_hal_i2c.o(.text.I2C_WaitOnFlagUntilTimeout))
<BR><BR>[Stack]<UL><LI>Max Depth = 24<LI>Call Chain = I2C_WaitOnFlagUntilTimeout
</UL>
<BR>[Calls]<UL><LI><a href="#[13d]">&gt;&gt;</a>&nbsp;&nbsp;&nbsp;HAL_GetTick
</UL>
<BR>[Called By]<UL><LI><a href="#[166]">&gt;&gt;</a>&nbsp;&nbsp;&nbsp;HAL_I2C_Mem_Read
<LI><a href="#[16a]">&gt;&gt;</a>&nbsp;&nbsp;&nbsp;HAL_I2C_Mem_Write
</UL>

<P><STRONG><a name="[169]"></a>I2C_WaitOnSTOPFlagUntilTimeout</STRONG> (Thumb, 124 bytes, Stack size 16 bytes, stm32h7xx_hal_i2c.o(.text.I2C_WaitOnSTOPFlagUntilTimeout))
<BR><BR>[Stack]<UL><LI>Max Depth = 32<LI>Call Chain = I2C_WaitOnSTOPFlagUntilTimeout &rArr; I2C_IsErrorOccurred
</UL>
<BR>[Calls]<UL><LI><a href="#[13d]">&gt;&gt;</a>&nbsp;&nbsp;&nbsp;HAL_GetTick
<LI><a href="#[1b5]">&gt;&gt;</a>&nbsp;&nbsp;&nbsp;I2C_IsErrorOccurred
</UL>
<BR>[Called By]<UL><LI><a href="#[166]">&gt;&gt;</a>&nbsp;&nbsp;&nbsp;HAL_I2C_Mem_Read
<LI><a href="#[16a]">&gt;&gt;</a>&nbsp;&nbsp;&nbsp;HAL_I2C_Mem_Write
</UL>

<P><STRONG><a name="[1b5]"></a>I2C_IsErrorOccurred</STRONG> (Thumb, 352 bytes, Stack size 16 bytes, stm32h7xx_hal_i2c.o(.text.I2C_IsErrorOccurred))
<BR><BR>[Stack]<UL><LI>Max Depth = 16<LI>Call Chain = I2C_IsErrorOccurred
</UL>
<BR>[Calls]<UL><LI><a href="#[13d]">&gt;&gt;</a>&nbsp;&nbsp;&nbsp;HAL_GetTick
</UL>
<BR>[Called By]<UL><LI><a href="#[169]">&gt;&gt;</a>&nbsp;&nbsp;&nbsp;I2C_WaitOnSTOPFlagUntilTimeout
<LI><a href="#[167]">&gt;&gt;</a>&nbsp;&nbsp;&nbsp;I2C_WaitOnTXISFlagUntilTimeout
</UL>

<P><STRONG><a name="[160]"></a>ETH_SetMACConfig</STRONG> (Thumb, 386 bytes, Stack size 16 bytes, stm32h7xx_hal_eth.o(.text.ETH_SetMACConfig))
<BR><BR>[Stack]<UL><LI>Max Depth = 16<LI>Call Chain = ETH_SetMACConfig
</UL>
<BR>[Called By]<UL><LI><a href="#[15d]">&gt;&gt;</a>&nbsp;&nbsp;&nbsp;HAL_ETH_Init
</UL>

<P><STRONG><a name="[181]"></a>SD_FindSCR</STRONG> (Thumb, 230 bytes, Stack size 56 bytes, stm32h7xx_hal_sd.o(.text.SD_FindSCR))
<BR><BR>[Stack]<UL><LI>Max Depth = 64<LI>Call Chain = SD_FindSCR &rArr; SDMMC_ConfigData
</UL>
<BR>[Calls]<UL><LI><a href="#[13d]">&gt;&gt;</a>&nbsp;&nbsp;&nbsp;HAL_GetTick
<LI><a href="#[1ca]">&gt;&gt;</a>&nbsp;&nbsp;&nbsp;SDMMC_CmdSendSCR
<LI><a href="#[182]">&gt;&gt;</a>&nbsp;&nbsp;&nbsp;SDMMC_CmdAppCommand
<LI><a href="#[185]">&gt;&gt;</a>&nbsp;&nbsp;&nbsp;SDMMC_CmdBlockLength
<LI><a href="#[187]">&gt;&gt;</a>&nbsp;&nbsp;&nbsp;SDMMC_ConfigData
<LI><a href="#[189]">&gt;&gt;</a>&nbsp;&nbsp;&nbsp;SDMMC_ReadFIFO
</UL>
<BR>[Called By]<UL><LI><a href="#[17f]">&gt;&gt;</a>&nbsp;&nbsp;&nbsp;HAL_SD_ConfigWideBusOperation
</UL>

<P><STRONG><a name="[a8]"></a>button_sw1_read</STRONG> (Thumb, 12 bytes, Stack size 0 bytes, app_io.o(.text.button_sw1_read))
<BR><BR>[Calls]<UL><LI><a href="#[1fd]">&gt;&gt;</a>&nbsp;&nbsp;&nbsp;HAL_GPIO_ReadPin
</UL>
<BR>[Address Reference Count : 1]<UL><LI> app_io.o(.text.app_button_thread_init)
</UL>
<P><STRONG><a name="[a9]"></a>cb1_single_click</STRONG> (Thumb, 8 bytes, Stack size 0 bytes, app_io.o(.text.cb1_single_click))
<BR><BR>[Stack]<UL><LI>Max Depth = 176 + Unknown Stack Size
<LI>Call Chain = cb1_single_click &rArr; tx_kprintf &rArr; __2printf &rArr; _printf_char_file &rArr; _printf_char_common &rArr; __printf
</UL>
<BR>[Calls]<UL><LI><a href="#[200]">&gt;&gt;</a>&nbsp;&nbsp;&nbsp;tx_kprintf
</UL>
<BR>[Address Reference Count : 1]<UL><LI> app_io.o(.text.app_button_thread_init)
</UL>
<P><STRONG><a name="[aa]"></a>button_sw2_read</STRONG> (Thumb, 16 bytes, Stack size 0 bytes, app_io.o(.text.button_sw2_read))
<BR><BR>[Calls]<UL><LI><a href="#[1fd]">&gt;&gt;</a>&nbsp;&nbsp;&nbsp;HAL_GPIO_ReadPin
</UL>
<BR>[Address Reference Count : 1]<UL><LI> app_io.o(.text.app_button_thread_init)
</UL>
<P><STRONG><a name="[ab]"></a>cb2_single_click</STRONG> (Thumb, 8 bytes, Stack size 0 bytes, app_io.o(.text.cb2_single_click))
<BR><BR>[Stack]<UL><LI>Max Depth = 176 + Unknown Stack Size
<LI>Call Chain = cb2_single_click &rArr; tx_kprintf &rArr; __2printf &rArr; _printf_char_file &rArr; _printf_char_common &rArr; __printf
</UL>
<BR>[Calls]<UL><LI><a href="#[200]">&gt;&gt;</a>&nbsp;&nbsp;&nbsp;tx_kprintf
</UL>
<BR>[Address Reference Count : 1]<UL><LI> app_io.o(.text.app_button_thread_init)
</UL>
<P><STRONG><a name="[ac]"></a>led_b_switch_on</STRONG> (Thumb, 14 bytes, Stack size 0 bytes, app_io.o(.text.led_b_switch_on))
<BR><BR>[Calls]<UL><LI><a href="#[1bc]">&gt;&gt;</a>&nbsp;&nbsp;&nbsp;HAL_GPIO_WritePin
</UL>
<BR>[Address Reference Count : 1]<UL><LI> app_io.o(.text.app_button_thread_init)
</UL>
<P><STRONG><a name="[ad]"></a>led_b_switch_off</STRONG> (Thumb, 14 bytes, Stack size 0 bytes, app_io.o(.text.led_b_switch_off))
<BR><BR>[Calls]<UL><LI><a href="#[1bc]">&gt;&gt;</a>&nbsp;&nbsp;&nbsp;HAL_GPIO_WritePin
</UL>
<BR>[Address Reference Count : 1]<UL><LI> app_io.o(.text.app_button_thread_init)
</UL>
<P><STRONG><a name="[ae]"></a>io_thread_entry</STRONG> (Thumb, 16 bytes, Stack size 0 bytes, app_io.o(.text.io_thread_entry))
<BR><BR>[Stack]<UL><LI>Max Depth = 72 + Unknown Stack Size
 + In Cycle
<LI>Call Chain = io_thread_entry &rArr;  io_thread_entry (Cycle)
</UL>
<BR>[Calls]<UL><LI><a href="#[1e3]">&gt;&gt;</a>&nbsp;&nbsp;&nbsp;_tx_thread_sleep
<LI><a href="#[1fe]">&gt;&gt;</a>&nbsp;&nbsp;&nbsp;button_ticks
<LI><a href="#[201]">&gt;&gt;</a>&nbsp;&nbsp;&nbsp;led_ticks
<LI><a href="#[ae]">&gt;&gt;</a>&nbsp;&nbsp;&nbsp;io_thread_entry
</UL>
<BR>[Called By]<UL><LI><a href="#[ae]">&gt;&gt;</a>&nbsp;&nbsp;&nbsp;io_thread_entry
</UL>
<BR>[Address Reference Count : 1]<UL><LI> app_io.o(.text.app_button_thread_init)
</UL>
<P><STRONG><a name="[a7]"></a>adc_thread_entry</STRONG> (Thumb, 272 bytes, Stack size 0 bytes, app_adc.o(.text.adc_thread_entry))
<BR><BR>[Stack]<UL><LI>Max Depth = 72 + Unknown Stack Size
<LI>Call Chain = adc_thread_entry &rArr; _txe_semaphore_get &rArr; _tx_semaphore_get &rArr; _tx_thread_system_suspend &rArr; _tx_thread_stack_analyze
</UL>
<BR>[Calls]<UL><LI><a href="#[142]">&gt;&gt;</a>&nbsp;&nbsp;&nbsp;HAL_ADCEx_Calibration_Start
<LI><a href="#[152]">&gt;&gt;</a>&nbsp;&nbsp;&nbsp;HAL_ADC_Start_DMA
<LI><a href="#[1ef]">&gt;&gt;</a>&nbsp;&nbsp;&nbsp;HAL_TIM_Base_Start
<LI><a href="#[1ed]">&gt;&gt;</a>&nbsp;&nbsp;&nbsp;_txe_semaphore_get
</UL>
<BR>[Address Reference Count : 1]<UL><LI> app_adc.o(.text.app_adc_thread_init)
</UL>
<P><STRONG><a name="[9b]"></a>_printf_input_char</STRONG> (Thumb, 10 bytes, Stack size 0 bytes, _printf_char_common.o(.text))
<BR>[Address Reference Count : 1]<UL><LI> _printf_char_common.o(.text)
</UL>
<P><STRONG><a name="[121]"></a>_fp_digits</STRONG> (Thumb, 432 bytes, Stack size 96 bytes, _printf_fp_dec.o(.text))
<BR><BR>[Stack]<UL><LI>Max Depth = 220<LI>Call Chain = _fp_digits &rArr; _btod_etento &rArr; _btod_emul &rArr; _e2e
</UL>
<BR>[Calls]<UL><LI><a href="#[125]">&gt;&gt;</a>&nbsp;&nbsp;&nbsp;_btod_emul
<LI><a href="#[124]">&gt;&gt;</a>&nbsp;&nbsp;&nbsp;_btod_ediv
<LI><a href="#[123]">&gt;&gt;</a>&nbsp;&nbsp;&nbsp;_btod_d2e
<LI><a href="#[122]">&gt;&gt;</a>&nbsp;&nbsp;&nbsp;_btod_etento
<LI><a href="#[11b]">&gt;&gt;</a>&nbsp;&nbsp;&nbsp;_ll_udiv10
</UL>
<BR>[Called By]<UL><LI><a href="#[126]">&gt;&gt;</a>&nbsp;&nbsp;&nbsp;_printf_fp_dec_real
</UL>
<P>
<H3>
Undefined Global Symbols
</H3><HR></body></html>
