<html>
<body>
<pre>
<h1>µVision Build Log</h1>
<h2>Tool Versions:</h2>
IDE-Version: ¦ÌVision V5.38.0.0
Copyright (C) 2022 ARM Ltd and ARM Germany GmbH. All rights reserved.
License Information: neko mua, 111, LIC=P96DU-BFINT-XZ9WZ-X692L-21WVS-ZDPY5
 
Tool Versions:
Toolchain:       MDK-ARM Community  Version: 5.38.0.0
Toolchain Path:  D:\Program\KEIL\Compiler\AC6.21\Bin
C Compiler:      ArmClang.exe V6.21
Assembler:       Armasm.exe V6.21
Linker/Locator:  ArmLink.exe V6.21
Library Manager: ArmAr.exe V6.21
Hex Converter:   FromElf.exe V6.21
CPU DLL:         SARMCM3.DLL V5.38.0.0
Dialog DLL:      DCM.DLL V1.17.5.0
Target DLL:      STLink\ST-LINKIII-KEIL_SWO.dll V3.1.0.0
Dialog DLL:      TCM.DLL V1.56.4.0
 
<h2>Project:</h2>
F:\3.git\1.Github\ThreadX_H750\EmbedFire_STM32H750XB\MDK-ARM\App.uvprojx
Project File Date:  11/05/2023

<h2>Output:</h2>
*** Using Compiler 'V6.21', folder: 'D:\Program\KEIL\Compiler\AC6.21\Bin'
Build target 'App'
compiling app_adc.c...
compiling app_io.c...
compiling app_idle.c...
compiling gpio.c...
compiling dwt.c...
compiling dma2d.c...
compiling main.c...
compiling app_modbus.c...
assembling startup_stm32h750xx.s...
compiling ltdc.c...
compiling i2c.c...
compiling iwdg.c...
compiling eth.c...
compiling adc.c...
compiling app_azure_rtos.c...
compiling dma.c...
compiling tim.c...
compiling usart.c...
compiling rtc.c...
compiling stm32h7xx_it.c...
compiling stm32h7xx_hal_msp.c...
compiling stm32h7xx_hal_timebase_tim.c...
compiling stm32h7xx_hal_adc.c...
compiling stm32h7xx_hal_adc_ex.c...
compiling stm32h7xx_hal_rcc.c...
compiling stm32h7xx_hal_flash.c...
compiling stm32h7xx_hal_rcc_ex.c...
compiling stm32h7xx_hal_gpio.c...
compiling stm32h7xx_hal_flash_ex.c...
compiling stm32h7xx_hal_hsem.c...
compiling stm32h7xx_hal_dma_ex.c...
compiling stm32h7xx_hal_dma.c...
compiling stm32h7xx_hal_mdma.c...
compiling stm32h7xx_hal_pwr.c...
compiling stm32h7xx_hal_cortex.c...
compiling stm32h7xx_hal_pwr_ex.c...
compiling stm32h7xx_hal.c...
compiling stm32h7xx_hal_i2c_ex.c...
compiling stm32h7xx_hal_i2c.c...
compiling stm32h7xx_hal_exti.c...
compiling stm32h7xx_hal_eth_ex.c...
compiling stm32h7xx_hal_dma2d.c...
compiling stm32h7xx_hal_iwdg.c...
compiling stm32h7xx_hal_eth.c...
compiling stm32h7xx_hal_ltdc.c...
compiling stm32h7xx_hal_ltdc_ex.c...
compiling stm32h7xx_hal_rtc.c...
compiling stm32h7xx_hal_rtc_ex.c...
compiling stm32h7xx_hal_tim_ex.c...
compiling stm32h7xx_hal_tim.c...
compiling stm32h7xx_hal_uart_ex.c...
compiling system_stm32h7xx.c...
compiling stm32h7xx_hal_uart.c...
compiling stm32h750xb_driver_at24cxx_interface.c...
linking...
Program Size: Code=92840 RO-data=2016 RW-data=12304 ZI-data=31632  
FromELF: creating hex file...
"App\App.axf" - 0 Error(s), 0 Warning(s).

<h2>Software Packages used:</h2>

Package Vendor: ARM
                http://www.keil.com/pack/ARM.CMSIS.5.9.0.pack
                ARM.CMSIS.5.9.0
                CMSIS (Common Microcontroller Software Interface Standard)
   * Component: CORE Version: 5.6.0

Package Vendor: Keil
                http://www.keil.com/pack/Keil.STM32H7xx_DFP.3.0.0.pack
                Keil.STM32H7xx_DFP.3.0.0
                STMicroelectronics STM32H7 Series Device Support and Examples

<h2>Collection of Component include folders:</h2>
  ./RTE/_App
  D:/Program/KEIL/Packs/ARM/CMSIS/5.9.0/CMSIS/Core/Include
  D:/Program/KEIL/Packs/Keil/STM32H7xx_DFP/3.0.0/Drivers/CMSIS/Device/ST/STM32H7xx/Include

<h2>Collection of Component Files used:</h2>

   * Component: ARM::CMSIS:CORE:5.6.0
      Include file:  CMSIS/Core/Include/tz_context.h
Build Time Elapsed:  00:00:05
</pre>
</body>
</html>
