Component: Arm Compiler for Embedded 6.19 Tool: armlink [5e73cb00]

==============================================================================

Section Cross References

    startup_stm32h750xx.o(STACK) refers (Special) to heapauxi.o(.text) for __use_two_region_memory
    startup_stm32h750xx.o(HEAP) refers (Special) to heapauxi.o(.text) for __use_two_region_memory
    startup_stm32h750xx.o(RESET) refers (Special) to heapauxi.o(.text) for __use_two_region_memory
    startup_stm32h750xx.o(RESET) refers to startup_stm32h750xx.o(STACK) for __initial_sp
    startup_stm32h750xx.o(RESET) refers to startup_stm32h750xx.o(.text) for Reset_Handler
    startup_stm32h750xx.o(RESET) refers to stm32h7xx_it.o(.text.NMI_Handler) for NMI_Handler
    startup_stm32h750xx.o(RESET) refers to stm32h7xx_it.o(.text.HardFault_Handler) for HardFault_Handler
    startup_stm32h750xx.o(RESET) refers to stm32h7xx_it.o(.text.MemManage_Handler) for MemManage_Handler
    startup_stm32h750xx.o(RESET) refers to stm32h7xx_it.o(.text.BusFault_Handler) for BusFault_Handler
    startup_stm32h750xx.o(RESET) refers to stm32h7xx_it.o(.text.UsageFault_Handler) for UsageFault_Handler
    startup_stm32h750xx.o(RESET) refers to stm32h7xx_it.o(.text.DebugMon_Handler) for DebugMon_Handler
    startup_stm32h750xx.o(RESET) refers to tx_thread_schedule.o(.text) for PendSV_Handler
    startup_stm32h750xx.o(RESET) refers to tx_initialize_low_level.o(.text) for SysTick_Handler
    startup_stm32h750xx.o(RESET) refers to stm32h7xx_it.o(.text.TIM7_IRQHandler) for TIM7_IRQHandler
    startup_stm32h750xx.o(.text) refers (Special) to heapauxi.o(.text) for __use_two_region_memory
    startup_stm32h750xx.o(.text) refers to system_stm32h7xx.o(.text.SystemInit) for SystemInit
    startup_stm32h750xx.o(.text) refers to __main.o(!!!main) for __main
    startup_stm32h750xx.o(.text) refers to startup_stm32h750xx.o(HEAP) for Heap_Mem
    startup_stm32h750xx.o(.text) refers to startup_stm32h750xx.o(STACK) for Stack_Mem
    dwt.o(.ARM.exidx.text.dwt_init) refers to dwt.o(.text.dwt_init) for [Anonymous Symbol]
    dwt.o(.text.dwt_delay_ms) refers to system_stm32h7xx.o(.data.SystemCoreClock) for SystemCoreClock
    dwt.o(.ARM.exidx.text.dwt_delay_ms) refers to dwt.o(.text.dwt_delay_ms) for [Anonymous Symbol]
    dwt.o(.text.dwt_delay_us) refers to system_stm32h7xx.o(.data.SystemCoreClock) for SystemCoreClock
    dwt.o(.ARM.exidx.text.dwt_delay_us) refers to dwt.o(.text.dwt_delay_us) for [Anonymous Symbol]
    dwt.o(.ARM.exidx.text.dwt_delay_ticks) refers to dwt.o(.text.dwt_delay_ticks) for [Anonymous Symbol]
    main.o(.text) refers (Special) to use_no_semi_2.o(.text) for __use_no_semihosting
    main.o(.text.main) refers (Special) to use_no_semi_2.o(.text) for __use_no_semihosting
    main.o(.text.main) refers to dwt.o(.text.dwt_init) for dwt_init
    main.o(.text.main) refers to stm32h7xx_hal.o(.text.HAL_Init) for HAL_Init
    main.o(.text.main) refers to stm32h7xx_hal_cortex.o(.text.HAL_MPU_Disable) for HAL_MPU_Disable
    main.o(.text.main) refers to stm32h7xx_hal_cortex.o(.text.HAL_MPU_ConfigRegion) for HAL_MPU_ConfigRegion
    main.o(.text.main) refers to stm32h7xx_hal_cortex.o(.text.HAL_MPU_Enable) for HAL_MPU_Enable
    main.o(.text.main) refers to main.o(.text.SystemClock_Config) for SystemClock_Config
    main.o(.text.main) refers to gpio.o(.text.MX_GPIO_Init) for MX_GPIO_Init
    main.o(.text.main) refers to usart.o(.text.MX_USART1_UART_Init) for MX_USART1_UART_Init
    main.o(.text.main) refers to driver_at24cxx_basic.o(.text.at24cxx_basic_init) for at24cxx_basic_init
    main.o(.text.main) refers to app_threadx.o(.text.MX_ThreadX_Init) for MX_ThreadX_Init
    main.o(.ARM.exidx.text.main) refers (Special) to use_no_semi_2.o(.text) for __use_no_semihosting
    main.o(.ARM.exidx.text.main) refers to main.o(.text.main) for [Anonymous Symbol]
    main.o(.text.SystemClock_Config) refers (Special) to use_no_semi_2.o(.text) for __use_no_semihosting
    main.o(.text.SystemClock_Config) refers to rt_memclr_w.o(.text) for __aeabi_memclr4
    main.o(.text.SystemClock_Config) refers to stm32h7xx_hal_pwr_ex.o(.text.HAL_PWREx_ConfigSupply) for HAL_PWREx_ConfigSupply
    main.o(.text.SystemClock_Config) refers to stm32h7xx_hal_rcc.o(.text.HAL_RCC_OscConfig) for HAL_RCC_OscConfig
    main.o(.text.SystemClock_Config) refers to stm32h7xx_hal_rcc.o(.text.HAL_RCC_ClockConfig) for HAL_RCC_ClockConfig
    main.o(.ARM.exidx.text.SystemClock_Config) refers (Special) to use_no_semi_2.o(.text) for __use_no_semihosting
    main.o(.ARM.exidx.text.SystemClock_Config) refers to main.o(.text.SystemClock_Config) for [Anonymous Symbol]
    main.o(.text.Error_Handler) refers (Special) to use_no_semi_2.o(.text) for __use_no_semihosting
    main.o(.ARM.exidx.text.Error_Handler) refers (Special) to use_no_semi_2.o(.text) for __use_no_semihosting
    main.o(.ARM.exidx.text.Error_Handler) refers to main.o(.text.Error_Handler) for [Anonymous Symbol]
[...]
    LTDC_ER_IRQHandler                       0x900003ff   Thumb Code     0  startup_stm32h750xx.o(.text)
    LTDC_IRQHandler                          0x900003ff   Thumb Code     0  startup_stm32h750xx.o(.text)
    MDIOS_IRQHandler                         0x900003ff   Thumb Code     0  startup_stm32h750xx.o(.text)
    MDIOS_WKUP_IRQHandler                    0x900003ff   Thumb Code     0  startup_stm32h750xx.o(.text)
    MDMA_IRQHandler                          0x900003ff   Thumb Code     0  startup_stm32h750xx.o(.text)
    OTG_FS_EP1_IN_IRQHandler                 0x900003ff   Thumb Code     0  startup_stm32h750xx.o(.text)
    OTG_FS_EP1_OUT_IRQHandler                0x900003ff   Thumb Code     0  startup_stm32h750xx.o(.text)
    OTG_FS_IRQHandler                        0x900003ff   Thumb Code     0  startup_stm32h750xx.o(.text)
    OTG_FS_WKUP_IRQHandler                   0x900003ff   Thumb Code     0  startup_stm32h750xx.o(.text)
    OTG_HS_EP1_IN_IRQHandler                 0x900003ff   Thumb Code     0  startup_stm32h750xx.o(.text)
    OTG_HS_EP1_OUT_IRQHandler                0x900003ff   Thumb Code     0  startup_stm32h750xx.o(.text)
    OTG_HS_IRQHandler                        0x900003ff   Thumb Code     0  startup_stm32h750xx.o(.text)
    OTG_HS_WKUP_IRQHandler                   0x900003ff   Thumb Code     0  startup_stm32h750xx.o(.text)
    PVD_AVD_IRQHandler                       0x900003ff   Thumb Code     0  startup_stm32h750xx.o(.text)
    QUADSPI_IRQHandler                       0x900003ff   Thumb Code     0  startup_stm32h750xx.o(.text)
    RCC_IRQHandler                           0x900003ff   Thumb Code     0  startup_stm32h750xx.o(.text)
    RTC_Alarm_IRQHandler                     0x900003ff   Thumb Code     0  startup_stm32h750xx.o(.text)
    RTC_WKUP_IRQHandler                      0x900003ff   Thumb Code     0  startup_stm32h750xx.o(.text)
    SAI1_IRQHandler                          0x900003ff   Thumb Code     0  startup_stm32h750xx.o(.text)
    SAI2_IRQHandler                          0x900003ff   Thumb Code     0  startup_stm32h750xx.o(.text)
    SAI3_IRQHandler                          0x900003ff   Thumb Code     0  startup_stm32h750xx.o(.text)
    SAI4_IRQHandler                          0x900003ff   Thumb Code     0  startup_stm32h750xx.o(.text)
    SDMMC1_IRQHandler                        0x900003ff   Thumb Code     0  startup_stm32h750xx.o(.text)
    SDMMC2_IRQHandler                        0x900003ff   Thumb Code     0  startup_stm32h750xx.o(.text)
    SPDIF_RX_IRQHandler                      0x900003ff   Thumb Code     0  startup_stm32h750xx.o(.text)
    SPI1_IRQHandler                          0x900003ff   Thumb Code     0  startup_stm32h750xx.o(.text)
    SPI2_IRQHandler                          0x900003ff   Thumb Code     0  startup_stm32h750xx.o(.text)
    SPI3_IRQHandler                          0x900003ff   Thumb Code     0  startup_stm32h750xx.o(.text)
    SPI4_IRQHandler                          0x900003ff   Thumb Code     0  startup_stm32h750xx.o(.text)
    SPI5_IRQHandler                          0x900003ff   Thumb Code     0  startup_stm32h750xx.o(.text)
    SPI6_IRQHandler                          0x900003ff   Thumb Code     0  startup_stm32h750xx.o(.text)
    SWPMI1_IRQHandler                        0x900003ff   Thumb Code     0  startup_stm32h750xx.o(.text)
    TAMP_STAMP_IRQHandler                    0x900003ff   Thumb Code     0  startup_stm32h750xx.o(.text)
    TIM15_IRQHandler                         0x900003ff   Thumb Code     0  startup_stm32h750xx.o(.text)
    TIM16_IRQHandler                         0x900003ff   Thumb Code     0  startup_stm32h750xx.o(.text)
    TIM17_IRQHandler                         0x900003ff   Thumb Code     0  startup_stm32h750xx.o(.text)
    TIM1_BRK_IRQHandler                      0x900003ff   Thumb Code     0  startup_stm32h750xx.o(.text)
    TIM1_CC_IRQHandler                       0x900003ff   Thumb Code     0  startup_stm32h750xx.o(.text)
    TIM1_TRG_COM_IRQHandler                  0x900003ff   Thumb Code     0  startup_stm32h750xx.o(.text)
    TIM1_UP_IRQHandler                       0x900003ff   Thumb Code     0  startup_stm32h750xx.o(.text)
    TIM2_IRQHandler                          0x900003ff   Thumb Code     0  startup_stm32h750xx.o(.text)
    TIM3_IRQHandler                          0x900003ff   Thumb Code     0  startup_stm32h750xx.o(.text)
    TIM4_IRQHandler                          0x900003ff   Thumb Code     0  startup_stm32h750xx.o(.text)
    TIM5_IRQHandler                          0x900003ff   Thumb Code     0  startup_stm32h750xx.o(.text)
    TIM6_DAC_IRQHandler                      0x900003ff   Thumb Code     0  startup_stm32h750xx.o(.text)
    TIM8_BRK_TIM12_IRQHandler                0x900003ff   Thumb Code     0  startup_stm32h750xx.o(.text)
    TIM8_CC_IRQHandler                       0x900003ff   Thumb Code     0  startup_stm32h750xx.o(.text)
    TIM8_TRG_COM_TIM14_IRQHandler            0x900003ff   Thumb Code     0  startup_stm32h750xx.o(.text)
    TIM8_UP_TIM13_IRQHandler                 0x900003ff   Thumb Code     0  startup_stm32h750xx.o(.text)
    UART4_IRQHandler                         0x900003ff   Thumb Code     0  startup_stm32h750xx.o(.text)
    UART5_IRQHandler                         0x900003ff   Thumb Code     0  startup_stm32h750xx.o(.text)
    UART7_IRQHandler                         0x900003ff   Thumb Code     0  startup_stm32h750xx.o(.text)
    UART8_IRQHandler                         0x900003ff   Thumb Code     0  startup_stm32h750xx.o(.text)
    USART1_IRQHandler                        0x900003ff   Thumb Code     0  startup_stm32h750xx.o(.text)
    USART2_IRQHandler                        0x900003ff   Thumb Code     0  startup_stm32h750xx.o(.text)
    USART3_IRQHandler                        0x900003ff   Thumb Code     0  startup_stm32h750xx.o(.text)
    USART6_IRQHandler                        0x900003ff   Thumb Code     0  startup_stm32h750xx.o(.text)
    WAKEUP_PIN_IRQHandler                    0x900003ff   Thumb Code     0  startup_stm32h750xx.o(.text)
    WWDG_IRQHandler                          0x900003ff   Thumb Code     0  startup_stm32h750xx.o(.text)
    __user_initial_stackheap                 0x90000401   Thumb Code     0  startup_stm32h750xx.o(.text)
    _tx_initialize_low_level                 0x90000451   Thumb Code     0  tx_initialize_low_level.o(.text)
    __tx_BadHandler                          0x900004af   Thumb Code     0  tx_initialize_low_level.o(.text)
    __tx_HardfaultHandler                    0x900004b3   Thumb Code     0  tx_initialize_low_level.o(.text)
    __tx_SVCallHandler                       0x900004b7   Thumb Code     0  tx_initialize_low_level.o(.text)
    __tx_IntHandler                          0x900004bb   Thumb Code     0  tx_initialize_low_level.o(.text)
    SysTick_Handler                          0x900004cb   Thumb Code     0  tx_initialize_low_level.o(.text)
    __tx_SysTickHandler                      0x900004cb   Thumb Code     0  tx_initialize_low_level.o(.text)
    __tx_NMIHandler                          0x900004df   Thumb Code     0  tx_initialize_low_level.o(.text)
    __tx_DBGHandler                          0x900004e3   Thumb Code     0  tx_initialize_low_level.o(.text)
    _tx_thread_interrupt_disable             0x900004f1   Thumb Code     0  tx_thread_interrupt_disable.o(.text)
    _tx_thread_interrupt_restore             0x90000501   Thumb Code     0  tx_thread_interrupt_restore.o(.text)
    _tx_thread_schedule                      0x90000511   Thumb Code     0  tx_thread_schedule.o(.text)
    PendSV_Handler                           0x9000053d   Thumb Code     0  tx_thread_schedule.o(.text)
    __tx_PendSVHandler                       0x9000053d   Thumb Code     0  tx_thread_schedule.o(.text)
    tx_thread_fpu_disable                    0x900005ff   Thumb Code     0  tx_thread_schedule.o(.text)
    tx_thread_fpu_enable                     0x900005ff   Thumb Code     0  tx_thread_schedule.o(.text)
    _tx_thread_stack_build                   0x90000611   Thumb Code     0  tx_thread_stack_build.o(.text)
    _tx_thread_system_return                 0x90000651   Thumb Code     0  tx_thread_system_return.o(.text)
    _tx_timer_interrupt                      0x90000681   Thumb Code     0  tx_timer_interrupt.o(.text)
    __use_no_semihosting                     0x90000739   Thumb Code     2  use_no_semi_2.o(.text)
    __aeabi_uldivmod                         0x9000073b   Thumb Code     0  lludivv7m.o(.text)
    _ll_udiv                                 0x9000073b   Thumb Code   240  lludivv7m.o(.text)
    vsnprintf                                0x9000082d   Thumb Code    56  vsnprintf.o(.text)
    __2printf                                0x90000869   Thumb Code    20  __2printf.o(.text)
    _printf_str                              0x90000881   Thumb Code    82  _printf_str.o(.text)
    __printf                                 0x900008d5   Thumb Code   388  __printf_flags_ss_wp.o(.text)
    strlen                                   0x90000a5d   Thumb Code    62  strlen.o(.text)
    __aeabi_memset                           0x90000a9b   Thumb Code    16  aeabi_memset.o(.text)
    __aeabi_memclr4                          0x90000aab   Thumb Code     0  rt_memclr_w.o(.text)
    __aeabi_memclr8                          0x90000aab   Thumb Code     0  rt_memclr_w.o(.text)
    __rt_memclr_w                            0x90000aab   Thumb Code     0  rt_memclr_w.o(.text)
    _memset_w                                0x90000aaf   Thumb Code    74  rt_memclr_w.o(.text)
    __use_two_region_memory                  0x90000af9   Thumb Code     2  heapauxi.o(.text)
    __rt_heap_escrow$2region                 0x90000afb   Thumb Code     2  heapauxi.o(.text)
    __rt_heap_expand$2region                 0x90000afd   Thumb Code     2  heapauxi.o(.text)
    __I$use$semihosting                      0x90000aff   Thumb Code     0  use_no_semi.o(.text)
    __use_no_semihosting_swi                 0x90000aff   Thumb Code     2  use_no_semi.o(.text)
    _printf_pre_padding                      0x90000b01   Thumb Code    44  _printf_pad.o(.text)
    _printf_post_padding                     0x90000b2d   Thumb Code    34  _printf_pad.o(.text)
    _printf_truncate_signed                  0x90000b4f   Thumb Code    18  _printf_truncate.o(.text)
    _printf_truncate_unsigned                0x90000b61   Thumb Code    18  _printf_truncate.o(.text)
    _printf_int_dec                          0x90000b75   Thumb Code   104  _printf_dec.o(.text)
    _printf_charcount                        0x90000bed   Thumb Code    40  _printf_charcount.o(.text)
    _printf_char_common                      0x90000c1f   Thumb Code    32  _printf_char_common.o(.text)
    _snputc                                  0x90000c45   Thumb Code    16  _snputc.o(.text)
    _printf_cs_common                        0x90000c55   Thumb Code    20  _printf_char.o(.text)
    _printf_char                             0x90000c69   Thumb Code    16  _printf_char.o(.text)
    _printf_string                           0x90000c79   Thumb Code     8  _printf_char.o(.text)
    _printf_char_file                        0x90000c81   Thumb Code    32  _printf_char_file.o(.text)
    _printf_wctomb                           0x90000ca5   Thumb Code   182  _printf_wctomb.o(.text)
    _printf_longlong_dec                     0x90000d61   Thumb Code   108  _printf_longlong_dec.o(.text)
    _printf_longlong_oct                     0x90000ddd   Thumb Code    68  _printf_oct_int_ll.o(.text)
    _printf_int_oct                          0x90000e21   Thumb Code    24  _printf_oct_int_ll.o(.text)
    _printf_ll_oct                           0x90000e39   Thumb Code    12  _printf_oct_int_ll.o(.text)
    _printf_longlong_hex                     0x90000e4d   Thumb Code    86  _printf_hex_int_ll_ptr.o(.text)
    _printf_int_hex                          0x90000ea3   Thumb Code    28  _printf_hex_int_ll_ptr.o(.text)
    _printf_ll_hex                           0x90000ebf   Thumb Code    12  _printf_hex_int_ll_ptr.o(.text)
    _printf_hex_ptr                          0x90000ecb   Thumb Code    18  _printf_hex_int_ll_ptr.o(.text)
    __aeabi_memclr                           0x90000ee1   Thumb Code     0  rt_memclr.o(.text)
    __rt_memclr                              0x90000ee1   Thumb Code     0  rt_memclr.o(.text)
    _memset                                  0x90000ee5   Thumb Code    64  rt_memclr.o(.text)
    _ll_udiv10                               0x90000f25   Thumb Code   138  lludiv10.o(.text)
    _printf_int_common                       0x90000faf   Thumb Code   178  _printf_intcommon.o(.text)
    _printf_fp_dec_real                      0x90001211   Thumb Code   620  _printf_fp_dec.o(.text)
    _printf_fp_hex_real                      0x9000147d   Thumb Code   756  _printf_fp_hex.o(.text)
    _printf_lcs_common                       0x90001779   Thumb Code    20  _printf_wchar.o(.text)
    _printf_wchar                            0x9000178d   Thumb Code    16  _printf_wchar.o(.text)
    _printf_wstring                          0x9000179d   Thumb Code     8  _printf_wchar.o(.text)
    ferror                                   0x900017a5   Thumb Code     8  ferror.o(.text)
    _c16rtomb                                0x900017ad   Thumb Code    72  _c16rtomb.o(.text)
    _wcrtomb                                 0x900017ad   Thumb Code     0  _c16rtomb.o(.text)
    __user_setup_stackheap                   0x900017f5   Thumb Code    74  sys_stackheap_outer.o(.text)
    __rt_ctype_table                         0x90001841   Thumb Code    16  rt_ctype_table.o(.text)
    __rt_locale                              0x90001851   Thumb Code     8  rt_locale_intlibspace.o(.text)
    _printf_fp_infnan                        0x90001859   Thumb Code   112  _printf_fp_infnan.o(.text)
    _btod_etento                             0x900018d9   Thumb Code   224  bigflt0.o(.text)
    exit                                     0x900019bd   Thumb Code    18  exit.o(.text)
    __user_libspace                          0x900019d1   Thumb Code     8  libspace.o(.text)
    __user_perproc_libspace                  0x900019d1   Thumb Code     0  libspace.o(.text)
    __user_perthread_libspace                0x900019d1   Thumb Code     0  libspace.o(.text)
    strcmp                                   0x900019d9   Thumb Code   124  strcmpv7m_pel.o(.text)
    BusFault_Handler                         0x90001a55   Thumb Code     2  stm32h7xx_it.o(.text.BusFault_Handler)
    DebugMon_Handler                         0x90001a57   Thumb Code     2  stm32h7xx_it.o(.text.DebugMon_Handler)
    Error_Handler                            0x90001a59   Thumb Code    10  main.o(.text.Error_Handler)
    HAL_Delay                                0x90001a65   Thumb Code    40  stm32h7xx_hal.o(.text.HAL_Delay)
    HAL_GPIO_DeInit                          0x90001a8d   Thumb Code   264  stm32h7xx_hal_gpio.o(.text.HAL_GPIO_DeInit)
    HAL_GPIO_Init                            0x90001b95   Thumb Code   428  stm32h7xx_hal_gpio.o(.text.HAL_GPIO_Init)
    HAL_GPIO_ReadPin                         0x90001d41   Thumb Code    10  stm32h7xx_hal_gpio.o(.text.HAL_GPIO_ReadPin)
    HAL_GetREVID                             0x90001d4b   Thumb Code    14  stm32h7xx_hal.o(.text.HAL_GetREVID)
    HAL_GetTick                              0x90001d59   Thumb Code    12  stm32h7xx_hal.o(.text.HAL_GetTick)
    HAL_I2CEx_ConfigAnalogFilter             0x90001d65   Thumb Code    74  stm32h7xx_hal_i2c_ex.o(.text.HAL_I2CEx_ConfigAnalogFilter)
    HAL_I2CEx_ConfigDigitalFilter            0x90001daf   Thumb Code    72  stm32h7xx_hal_i2c_ex.o(.text.HAL_I2CEx_ConfigDigitalFilter)
    HAL_I2C_DeInit                           0x90001df7   Thumb Code    52  stm32h7xx_hal_i2c.o(.text.HAL_I2C_DeInit)
    HAL_I2C_Init                             0x90001e2b   Thumb Code   160  stm32h7xx_hal_i2c.o(.text.HAL_I2C_Init)
    HAL_I2C_Mem_Read                         0x90001ecb   Thumb Code   490  stm32h7xx_hal_i2c.o(.text.HAL_I2C_Mem_Read)
    HAL_I2C_Mem_Write                        0x900020b5   Thumb Code   484  stm32h7xx_hal_i2c.o(.text.HAL_I2C_Mem_Write)
    HAL_I2C_MspDeInit                        0x90002299   Thumb Code    66  i2c.o(.text.HAL_I2C_MspDeInit)
    HAL_I2C_MspInit                          0x900022db   Thumb Code   132  i2c.o(.text.HAL_I2C_MspInit)
    HAL_IncTick                              0x9000235f   Thumb Code    26  stm32h7xx_hal.o(.text.HAL_IncTick)
    HAL_Init                                 0x90002379   Thumb Code    98  stm32h7xx_hal.o(.text.HAL_Init)
    HAL_InitTick                             0x900023db   Thumb Code   162  stm32h7xx_hal_timebase_tim.o(.text.HAL_InitTick)
    HAL_MPU_ConfigRegion                     0x9000247d   Thumb Code    90  stm32h7xx_hal_cortex.o(.text.HAL_MPU_ConfigRegion)
    HAL_MPU_Disable                          0x900024d7   Thumb Code    26  stm32h7xx_hal_cortex.o(.text.HAL_MPU_Disable)
    HAL_MPU_Enable                           0x900024f1   Thumb Code    32  stm32h7xx_hal_cortex.o(.text.HAL_MPU_Enable)
    HAL_MspInit                              0x90002511   Thumb Code    32  stm32h7xx_hal_msp.o(.text.HAL_MspInit)
    HAL_NVIC_EnableIRQ                       0x90002531   Thumb Code    32  stm32h7xx_hal_cortex.o(.text.HAL_NVIC_EnableIRQ)
    HAL_NVIC_SetPriority                     0x90002551   Thumb Code    90  stm32h7xx_hal_cortex.o(.text.HAL_NVIC_SetPriority)
    HAL_NVIC_SetPriorityGrouping             0x900025ab   Thumb Code    32  stm32h7xx_hal_cortex.o(.text.HAL_NVIC_SetPriorityGrouping)
    HAL_PWREx_ConfigSupply                   0x900025cd   Thumb Code    72  stm32h7xx_hal_pwr_ex.o(.text.HAL_PWREx_ConfigSupply)
    HAL_RCCEx_GetD3PCLK1Freq                 0x90002615   Thumb Code    38  stm32h7xx_hal_rcc_ex.o(.text.HAL_RCCEx_GetD3PCLK1Freq)
    HAL_RCCEx_GetPLL2ClockFreq               0x9000263d   Thumb Code   292  stm32h7xx_hal_rcc_ex.o(.text.HAL_RCCEx_GetPLL2ClockFreq)
    HAL_RCCEx_GetPLL3ClockFreq               0x90002761   Thumb Code   292  stm32h7xx_hal_rcc_ex.o(.text.HAL_RCCEx_GetPLL3ClockFreq)
    HAL_RCCEx_PeriphCLKConfig                0x90002885   Thumb Code  2396  stm32h7xx_hal_rcc_ex.o(.text.HAL_RCCEx_PeriphCLKConfig)
    HAL_RCC_ClockConfig                      0x900031e1   Thumb Code   586  stm32h7xx_hal_rcc.o(.text.HAL_RCC_ClockConfig)
    HAL_RCC_GetClockConfig                   0x9000342b   Thumb Code    88  stm32h7xx_hal_rcc.o(.text.HAL_RCC_GetClockConfig)
    HAL_RCC_GetHCLKFreq                      0x90003483   Thumb Code    76  stm32h7xx_hal_rcc.o(.text.HAL_RCC_GetHCLKFreq)
    HAL_RCC_GetPCLK1Freq                     0x900034cf   Thumb Code    38  stm32h7xx_hal_rcc.o(.text.HAL_RCC_GetPCLK1Freq)
    HAL_RCC_GetPCLK2Freq                     0x900034f5   Thumb Code    38  stm32h7xx_hal_rcc.o(.text.HAL_RCC_GetPCLK2Freq)
    HAL_RCC_GetSysClockFreq                  0x9000351d   Thumb Code   268  stm32h7xx_hal_rcc.o(.text.HAL_RCC_GetSysClockFreq)
    HAL_RCC_OscConfig                        0x90003629   Thumb Code  1336  stm32h7xx_hal_rcc.o(.text.HAL_RCC_OscConfig)
    HAL_TIMEx_Break2Callback                 0x90003b61   Thumb Code     2  stm32h7xx_hal_tim_ex.o(.text.HAL_TIMEx_Break2Callback)
    HAL_TIMEx_BreakCallback                  0x90003b63   Thumb Code     2  stm32h7xx_hal_tim_ex.o(.text.HAL_TIMEx_BreakCallback)
    HAL_TIMEx_CommutCallback                 0x90003b65   Thumb Code     2  stm32h7xx_hal_tim_ex.o(.text.HAL_TIMEx_CommutCallback)
    HAL_TIM_Base_Init                        0x90003b67   Thumb Code    96  stm32h7xx_hal_tim.o(.text.HAL_TIM_Base_Init)
    HAL_TIM_Base_MspInit                     0x90003bc7   Thumb Code     2  stm32h7xx_hal_tim.o(.text.HAL_TIM_Base_MspInit)
    HAL_TIM_Base_Start_IT                    0x90003bc9   Thumb Code   174  stm32h7xx_hal_tim.o(.text.HAL_TIM_Base_Start_IT)
    HAL_TIM_IC_CaptureCallback               0x90003c77   Thumb Code     2  stm32h7xx_hal_tim.o(.text.HAL_TIM_IC_CaptureCallback)
    HAL_TIM_IRQHandler                       0x90003c79   Thumb Code   392  stm32h7xx_hal_tim.o(.text.HAL_TIM_IRQHandler)
    HAL_TIM_OC_DelayElapsedCallback          0x90003e01   Thumb Code     2  stm32h7xx_hal_tim.o(.text.HAL_TIM_OC_DelayElapsedCallback)
    HAL_TIM_PWM_PulseFinishedCallback        0x90003e03   Thumb Code     2  stm32h7xx_hal_tim.o(.text.HAL_TIM_PWM_PulseFinishedCallback)
    HAL_TIM_PeriodElapsedCallback            0x90003e05   Thumb Code    20  main.o(.text.HAL_TIM_PeriodElapsedCallback)
    HAL_TIM_TriggerCallback                  0x90003e19   Thumb Code     2  stm32h7xx_hal_tim.o(.text.HAL_TIM_TriggerCallback)
    HAL_UARTEx_DisableFifoMode               0x90003e1b   Thumb Code    54  stm32h7xx_hal_uart_ex.o(.text.HAL_UARTEx_DisableFifoMode)
    HAL_UARTEx_SetRxFifoThreshold            0x90003e51   Thumb Code    74  stm32h7xx_hal_uart_ex.o(.text.HAL_UARTEx_SetRxFifoThreshold)
    HAL_UARTEx_SetTxFifoThreshold            0x90003e9b   Thumb Code    74  stm32h7xx_hal_uart_ex.o(.text.HAL_UARTEx_SetTxFifoThreshold)
    HAL_UART_Init                            0x90003ee5   Thumb Code   100  stm32h7xx_hal_uart.o(.text.HAL_UART_Init)
    HAL_UART_MspInit                         0x90003f49   Thumb Code   130  usart.o(.text.HAL_UART_MspInit)
    HAL_UART_Transmit                        0x90003fcd   Thumb Code   190  stm32h7xx_hal_uart.o(.text.HAL_UART_Transmit)
    HardFault_Handler                        0x9000408d   Thumb Code     2  stm32h7xx_it.o(.text.HardFault_Handler)
    MX_GPIO_Init                             0x900042d5   Thumb Code   138  gpio.o(.text.MX_GPIO_Init)
    MX_I2C1_Init                             0x9000435f   Thumb Code   106  i2c.o(.text.MX_I2C1_Init)
    MX_ThreadX_Init                          0x900043c9   Thumb Code     4  app_threadx.o(.text.MX_ThreadX_Init)
    MX_USART1_UART_Init                      0x900043cd   Thumb Code   124  usart.o(.text.MX_USART1_UART_Init)
    MemManage_Handler                        0x90004449   Thumb Code     2  stm32h7xx_it.o(.text.MemManage_Handler)
    NMI_Handler                              0x9000444d   Thumb Code     2  stm32h7xx_it.o(.text.NMI_Handler)
    SystemClock_Config                       0x90004661   Thumb Code   262  main.o(.text.SystemClock_Config)
    SystemInit                               0x90004767   Thumb Code   192  system_stm32h7xx.o(.text.SystemInit)
    TIM7_IRQHandler                          0x90004827   Thumb Code    12  stm32h7xx_it.o(.text.TIM7_IRQHandler)
    TIM_Base_SetConfig                       0x90004833   Thumb Code   306  stm32h7xx_hal_tim.o(.text.TIM_Base_SetConfig)
    UART_AdvFeatureConfig                    0x900049b3   Thumb Code   198  stm32h7xx_hal_uart.o(.text.UART_AdvFeatureConfig)
    UART_CheckIdleState                      0x90004a79   Thumb Code   184  stm32h7xx_hal_uart.o(.text.UART_CheckIdleState)
    UART_SetConfig                           0x90004b8d   Thumb Code   832  stm32h7xx_hal_uart.o(.text.UART_SetConfig)
    UART_WaitOnFlagUntilTimeout              0x90004ed5   Thumb Code   142  stm32h7xx_hal_uart.o(.text.UART_WaitOnFlagUntilTimeout)
    UsageFault_Handler                       0x90004f65   Thumb Code     2  stm32h7xx_it.o(.text.UsageFault_Handler)
    _sys_exit                                0x90004f67   Thumb Code     2  main.o(.text._sys_exit)
    _tx_execution_initialize                 0x90004f69   Thumb Code    34  tx_execution_profile.o(.text._tx_execution_initialize)
    _tx_execution_isr_enter                  0x90004f8b   Thumb Code   226  tx_execution_profile.o(.text._tx_execution_isr_enter)
    _tx_execution_isr_exit                   0x9000506d   Thumb Code   192  tx_execution_profile.o(.text._tx_execution_isr_exit)
    _tx_execution_thread_enter               0x9000512d   Thumb Code    96  tx_execution_profile.o(.text._tx_execution_thread_enter)
    _tx_execution_thread_exit                0x9000518d   Thumb Code   150  tx_execution_profile.o(.text._tx_execution_thread_exit)
    _tx_initialize_high_level                0x90005223   Thumb Code   134  tx_initialize_high_level.o(.text._tx_initialize_high_level)
    _tx_initialize_kernel_enter              0x900052a9   Thumb Code    82  tx_initialize_kernel_enter.o(.text._tx_initialize_kernel_enter)
    _tx_mutex_cleanup                        0x900052fb   Thumb Code   132  tx_mutex_cleanup.o(.text._tx_mutex_cleanup)
    _tx_mutex_create                         0x9000537f   Thumb Code   104  tx_mutex_create.o(.text._tx_mutex_create)
    _tx_mutex_get                            0x900053e7   Thumb Code   264  tx_mutex_get.o(.text._tx_mutex_get)
    _tx_mutex_prioritize                     0x900054f1   Thumb Code   194  tx_mutex_prioritize.o(.text._tx_mutex_prioritize)
    _tx_mutex_priority_change                0x900055b3   Thumb Code   176  tx_mutex_priority_change.o(.text._tx_mutex_priority_change)
    _tx_mutex_put                            0x90005665   Thumb Code   496  tx_mutex_put.o(.text._tx_mutex_put)
    _tx_mutex_thread_release                 0x90005855   Thumb Code    74  tx_mutex_cleanup.o(.text._tx_mutex_thread_release)
    _tx_thread_create                        0x9000589f   Thumb Code   326  tx_thread_create.o(.text._tx_thread_create)
    _tx_thread_initialize                    0x900059e5   Thumb Code   132  tx_thread_initialize.o(.text._tx_thread_initialize)
    _tx_thread_shell_entry                   0x90005a69   Thumb Code    88  tx_thread_shell_entry.o(.text._tx_thread_shell_entry)
    _tx_thread_sleep                         0x90005ac1   Thumb Code   120  tx_thread_sleep.o(.text._tx_thread_sleep)
    _tx_thread_stack_analyze                 0x90005b39   Thumb Code   130  tx_thread_stack_analyze.o(.text._tx_thread_stack_analyze)
    _tx_thread_stack_error_handler           0x90005bbb   Thumb Code    36  tx_thread_stack_error_handler.o(.text._tx_thread_stack_error_handler)
    _tx_thread_system_preempt_check          0x90005bdf   Thumb Code   156  tx_thread_system_preempt_check.o(.text._tx_thread_system_preempt_check)
    _tx_thread_system_resume                 0x90005c7b   Thumb Code   462  tx_thread_system_resume.o(.text._tx_thread_system_resume)
    _tx_thread_system_suspend                0x90005e49   Thumb Code   588  tx_thread_system_suspend.o(.text._tx_thread_system_suspend)
    _tx_thread_time_slice                    0x90006095   Thumb Code   328  tx_thread_time_slice.o(.text._tx_thread_time_slice)
    _tx_thread_timeout                       0x900061dd   Thumb Code    68  tx_thread_timeout.o(.text._tx_thread_timeout)
    _tx_timer_expiration_process             0x90006221   Thumb Code    40  tx_timer_expiration_process.o(.text._tx_timer_expiration_process)
    _tx_timer_initialize                     0x90006249   Thumb Code   252  tx_timer_initialize.o(.text._tx_timer_initialize)
    _tx_timer_system_activate                0x90006359   Thumb Code    90  tx_timer_system_activate.o(.text._tx_timer_system_activate)
    _tx_timer_system_deactivate              0x900063b3   Thumb Code    42  tx_timer_system_deactivate.o(.text._tx_timer_system_deactivate)
    _tx_timer_thread_entry                   0x900063dd   Thumb Code   320  tx_timer_thread_entry.o(.text._tx_timer_thread_entry)
    _txe_mutex_create                        0x9000651d   Thumb Code   230  txe_mutex_create.o(.text._txe_mutex_create)
    _txe_mutex_get                           0x90006603   Thumb Code   114  txe_mutex_get.o(.text._txe_mutex_get)
    _txe_mutex_put                           0x90006675   Thumb Code    60  txe_mutex_put.o(.text._txe_mutex_put)
    _txe_thread_create                       0x900066b1   Thumb Code   336  txe_thread_create.o(.text._txe_thread_create)
    app_button_thread_init                   0x90006801   Thumb Code   168  app_button.o(.text.app_button_thread_init)
    at24cxx_basic_init                       0x900068b1   Thumb Code   164  driver_at24cxx_basic.o(.text.at24cxx_basic_init)
    at24cxx_init                             0x900069ad   Thumb Code   124  driver_at24cxx.o(.text.at24cxx_init)
    at24cxx_interface_debug_print            0x90006ab1   Thumb Code    76  stm32h750xb_driver_at24cxx_interface.o(.text.at24cxx_interface_debug_print)
    at24cxx_interface_delay_ms               0x90006afd   Thumb Code     4  stm32h750xb_driver_at24cxx_interface.o(.text.at24cxx_interface_delay_ms)
    at24cxx_interface_iic_deinit             0x90006b01   Thumb Code    18  stm32h750xb_driver_at24cxx_interface.o(.text.at24cxx_interface_iic_deinit)
    at24cxx_interface_iic_init               0x90006b13   Thumb Code    10  stm32h750xb_driver_at24cxx_interface.o(.text.at24cxx_interface_iic_init)
    at24cxx_interface_iic_read               0x90006b1d   Thumb Code    36  stm32h750xb_driver_at24cxx_interface.o(.text.at24cxx_interface_iic_read)
    at24cxx_interface_iic_read_address16     0x90006b41   Thumb Code    36  stm32h750xb_driver_at24cxx_interface.o(.text.at24cxx_interface_iic_read_address16)
    at24cxx_interface_iic_write              0x90006b65   Thumb Code    36  stm32h750xb_driver_at24cxx_interface.o(.text.at24cxx_interface_iic_write)
    at24cxx_interface_iic_write_address16    0x90006b89   Thumb Code    36  stm32h750xb_driver_at24cxx_interface.o(.text.at24cxx_interface_iic_write_address16)
    at24cxx_set_addr_pin                     0x90006bad   Thumb Code    18  driver_at24cxx.o(.text.at24cxx_set_addr_pin)
    at24cxx_set_type                         0x90006bbf   Thumb Code    12  driver_at24cxx.o(.text.at24cxx_set_type)
    button_attach                            0x90006bcb   Thumb Code     8  multi_button.o(.text.button_attach)
    button_handler                           0x90006bd5   Thumb Code   450  multi_button.o(.text.button_handler)
    button_init                              0x90006d97   Thumb Code    54  multi_button.o(.text.button_init)
    button_start                             0x90006dcd   Thumb Code    40  multi_button.o(.text.button_start)
    button_ticks                             0x90006e1d   Thumb Code    26  multi_button.o(.text.button_ticks)
    dwt_init                                 0x90006e79   Thumb Code    38  dwt.o(.text.dwt_init)
    fputc                                    0x90006e9f   Thumb Code    32  main.o(.text.fputc)
    main                                     0x90006ec1   Thumb Code   442  main.o(.text.main)
    tx_application_define                    0x9000707d   Thumb Code    36  app_azure_rtos.o(.text.tx_application_define)
    tx_kprintf                               0x900070a9   Thumb Code    80  app_azure_rtos.o(.text.tx_kprintf)
    _btod_d2e                                0x900070fd   Thumb Code    62  btod.o(CL$$btod_d2e)
    _d2e_denorm_low                          0x9000713b   Thumb Code    70  btod.o(CL$$btod_d2e_denorm_low)
    _d2e_norm_op1                            0x90007181   Thumb Code    96  btod.o(CL$$btod_d2e_norm_op1)
    __btod_div_common                        0x900071e1   Thumb Code   696  btod.o(CL$$btod_div_common)
    _e2e                                     0x90007519   Thumb Code   220  btod.o(CL$$btod_e2e)
    _btod_ediv                               0x900075f5   Thumb Code    42  btod.o(CL$$btod_ediv)
    _btod_emul                               0x9000761f   Thumb Code    42  btod.o(CL$$btod_emul)
    __btod_mult_common                       0x90007649   Thumb Code   580  btod.o(CL$$btod_mult_common)
    __ARM_fpclassify                         0x9000788d   Thumb Code    48  fpclassify.o(i.__ARM_fpclassify)
    _is_digit                                0x900078bd   Thumb Code    14  __printf_wp.o(i._is_digit)
    _get_lc_numeric                          0x900078cd   Thumb Code    44  lc_numeric_c.o(locale$$code)
    _get_lc_ctype                            0x900078f9   Thumb Code    44  lc_ctype_c.o(locale$$code)
    _fp_init                                 0x90007925   Thumb Code    26  fpinit.o(x$fpl$fpinit)
    __fplib_config_fpu_vfp                   0x9000793d   Thumb Code     0  fpinit.o(x$fpl$fpinit)
    __fplib_config_pureend_doubles           0x9000793d   Thumb Code     0  fpinit.o(x$fpl$fpinit)
    _printf_fp_dec                           0x9000793f   Thumb Code     4  printf1.o(x$fpl$printf1)
    _printf_fp_hex                           0x90007943   Thumb Code     4  printf2.o(x$fpl$printf2)
    __I$use$fp                               0x90007946   Number         0  usenofp.o(x$fpl$usenofp)
    D1CorePrescTable                         0x90007a50   Data          16  system_stm32h7xx.o(.rodata.D1CorePrescTable)
    UARTPrescTable                           0x90007a60   Data          24  stm32h7xx_hal_uart.o(.rodata.UARTPrescTable)
    Region$$Table$$Base                      0x90007afc   Number         0  anon$$obj.o(Region$$Table)
    Region$$Table$$Limit                     0x90007b1c   Number         0  anon$$obj.o(Region$$Table)
    __ctype                                  0x90007b45   Data           0  lc_ctype_c.o(locale$$data)



==============================================================================

Memory Map of the image

  Image Entry point : 0x90000299

  Load Region LR_IROM1 (Base: 0x90000000, Size: 0x00007c60, Max: 0x00800000, ABSOLUTE)

    Execution Region RW_IRAM2 (Exec base: 0x00000010, Load base: 0x90007c48, Size: 0x00000000, Max: 0x0000fff0, ABSOLUTE)

    **** No section assigned to this execution region ****


    Execution Region RW_IRAM1 (Exec base: 0x20000000, Load base: 0x90007c48, Size: 0x00000000, Max: 0x00020000, ABSOLUTE)

    **** No section assigned to this execution region ****


    Execution Region RW_IRAM3 (Exec base: 0x24000000, Load base: 0x90007c48, Size: 0x00001808, Max: 0x00080000, ABSOLUTE)

    Exec Addr    Load Addr    Size         Type   Attr      Idx    E Section Name        Object

    0x24000000   0x90007c48   0x00000004   Data   RW         1498    .data.SystemCoreClock  system_stm32h7xx.o
    0x24000004   0x90007c4c   0x00000004   Data   RW         1499    .data.SystemD2Clock  system_stm32h7xx.o
    0x24000008   0x90007c50   0x00000004   Data   RW         2258    .data._tx_thread_system_state  tx_thread_initialize.o
    0x2400000c   0x90007c54   0x00000001   Data   RW          931    .data.uwTickFreq    stm32h7xx_hal.o
    0x2400000d   0x90007c55   0x00000003   PAD
    0x24000010   0x90007c58   0x00000004   Data   RW          930    .data.uwTickPrio    stm32h7xx_hal.o
    0x24000014   0x90007c5c   0x00000004   PAD
    0x24000018        -       0x00000060   Zero   RW         3502    .bss                c_w.l(libspace.o)
    0x24000078        -       0x00000054   Zero   RW           41    .bss.__stdout       main.o
    0x240000cc        -       0x00000004   Zero   RW         1732    .bss._tx_block_pool_created_count  tx_initialize_high_level.o
    0x240000d0        -       0x00000004   Zero   RW         1731    .bss._tx_block_pool_created_ptr  tx_initialize_high_level.o
    0x240000d4        -       0x00000004   Zero   RW         2270    .bss._tx_build_options  tx_thread_initialize.o
    0x240000d8        -       0x00000004   Zero   RW         1734    .bss._tx_byte_pool_created_count  tx_initialize_high_level.o
    0x240000dc        -       0x00000004   Zero   RW         1733    .bss._tx_byte_pool_created_ptr  tx_initialize_high_level.o
    0x240000e0        -       0x00000004   Zero   RW         1730    .bss._tx_event_flags_created_count  tx_initialize_high_level.o
    0x240000e4        -       0x00000004   Zero   RW         1729    .bss._tx_event_flags_created_ptr  tx_initialize_high_level.o
    0x240000e8        -       0x00000004   Zero   RW         1573    .bss._tx_execution_idle_active  tx_execution_profile.o
    0x240000ec        -       0x00000004   Zero   RW         1574    .bss._tx_execution_idle_time_last_start  tx_execution_profile.o
    0x240000f0        -       0x00000008   Zero   RW         1575    .bss._tx_execution_idle_time_total  tx_execution_profile.o
    0x240000f8        -       0x00000004   Zero   RW         1572    .bss._tx_execution_isr_nest_counter  tx_execution_profile.o
    0x240000fc        -       0x00000004   Zero   RW         1577    .bss._tx_execution_isr_time_last_start  tx_execution_profile.o
    0x24000100        -       0x00000008   Zero   RW         1578    .bss._tx_execution_isr_time_total  tx_execution_profile.o
    0x24000108        -       0x00000008   Zero   RW         1576    .bss._tx_execution_thread_time_total  tx_execution_profile.o
    0x24000110        -       0x00000004   Zero   RW         1737    .bss._tx_initialize_unused_memory  tx_initialize_high_level.o
    0x24000114        -       0x00000004   Zero   RW         1736    .bss._tx_mutex_created_count  tx_initialize_high_level.o
    0x24000118        -       0x00000004   Zero   RW         1735    .bss._tx_mutex_created_ptr  tx_initialize_high_level.o
    0x2400011c        -       0x00000004   Zero   RW         1728    .bss._tx_queue_created_count  tx_initialize_high_level.o
    0x24000120        -       0x00000004   Zero   RW         1727    .bss._tx_queue_created_ptr  tx_initialize_high_level.o
    0x24000124        -       0x00000004   Zero   RW         1726    .bss._tx_semaphore_created_count  tx_initialize_high_level.o
    0x24000128        -       0x00000004   Zero   RW         1725    .bss._tx_semaphore_created_ptr  tx_initialize_high_level.o
    0x2400012c        -       0x00000004   Zero   RW         2269    .bss._tx_thread_application_stack_error_handler  tx_thread_initialize.o
    0x24000130        -       0x00000004   Zero   RW         2266    .bss._tx_thread_created_count  tx_thread_initialize.o
    0x24000134        -       0x00000004   Zero   RW         2265    .bss._tx_thread_created_ptr  tx_thread_initialize.o
    0x24000138        -       0x00000004   Zero   RW         2260    .bss._tx_thread_current_ptr  tx_thread_initialize.o
    0x2400013c        -       0x00000004   Zero   RW         2261    .bss._tx_thread_execute_ptr  tx_thread_initialize.o
    0x24000140        -       0x00000004   Zero   RW         2263    .bss._tx_thread_highest_priority  tx_thread_initialize.o
    0x24000144        -       0x00000004   Zero   RW         2268    .bss._tx_thread_mutex_release  tx_thread_initialize.o
    0x24000148        -       0x00000004   Zero   RW         2267    .bss._tx_thread_preempt_disable  tx_thread_initialize.o
    0x2400014c        -       0x00000080   Zero   RW         2264    .bss._tx_thread_priority_list  tx_thread_initialize.o
    0x240001cc        -       0x00000004   Zero   RW         2262    .bss._tx_thread_priority_maps  tx_thread_initialize.o
    0x240001d0        -       0x00000004   Zero   RW         2271    .bss._tx_thread_system_stack_ptr  tx_thread_initialize.o
    0x240001d4        -       0x00000004   Zero   RW         3034    .bss._tx_timer_created_count  tx_timer_initialize.o
    0x240001d8        -       0x00000004   Zero   RW         3033    .bss._tx_timer_created_ptr  tx_timer_initialize.o
    0x240001dc        -       0x00000004   Zero   RW         3026    .bss._tx_timer_current_ptr  tx_timer_initialize.o
    0x240001e0        -       0x00000004   Zero   RW         3022    .bss._tx_timer_expired  tx_timer_initialize.o
    0x240001e4        -       0x00000004   Zero   RW         3021    .bss._tx_timer_expired_time_slice  tx_timer_initialize.o
    0x240001e8        -       0x00000004   Zero   RW         3023    .bss._tx_timer_expired_timer_ptr  tx_timer_initialize.o
    0x240001ec        -       0x00000080   Zero   RW         3024    .bss._tx_timer_list  tx_timer_initialize.o
    0x2400026c        -       0x00000004   Zero   RW         3027    .bss._tx_timer_list_end  tx_timer_initialize.o
    0x24000270        -       0x00000004   Zero   RW         3025    .bss._tx_timer_list_start  tx_timer_initialize.o
    0x24000274        -       0x00000004   Zero   RW         3031    .bss._tx_timer_priority  tx_timer_initialize.o
    0x24000278        -       0x00000004   Zero   RW         3030    .bss._tx_timer_stack_size  tx_timer_initialize.o
    0x2400027c        -       0x00000004   Zero   RW         3029    .bss._tx_timer_stack_start  tx_timer_initialize.o
    0x24000280        -       0x00000004   Zero   RW         3019    .bss._tx_timer_system_clock  tx_timer_initialize.o
    0x24000284   0x90007c5c   0x00000004   PAD
    0x24000288        -       0x000000c0   Zero   RW         3032    .bss._tx_timer_thread  tx_timer_initialize.o
    0x24000348        -       0x00000400   Zero   RW         3028    .bss._tx_timer_thread_stack_area  tx_timer_initialize.o
    0x24000748        -       0x00000004   Zero   RW         3020    .bss._tx_timer_time_slice  tx_timer_initialize.o
    0x2400074c        -       0x0000002c   Zero   RW         1521    .bss.button_sw1     app_button.o
    0x24000778        -       0x0000002c   Zero   RW         1522    .bss.button_sw2     app_button.o
    0x240007a4   0x90007c5c   0x00000004   PAD
    0x240007a8        -       0x000000c0   Zero   RW         1523    .bss.button_thread  app_button.o
    0x24000868        -       0x00000400   Zero   RW         1524    .bss.button_thread_stack  app_button.o
    0x24000c68        -       0x00000028   Zero   RW         1645    .bss.gs_handle      driver_at24cxx_basic.o
    0x24000c90        -       0x00000004   Zero   RW         1601    .bss.head_handle    multi_button.o
    0x24000c94        -       0x00000054   Zero   RW           83    .bss.hi2c1          i2c.o
    0x24000ce8        -       0x0000004c   Zero   RW          142    .bss.htim7          stm32h7xx_hal_timebase_tim.o
    0x24000d34        -       0x00000094   Zero   RW           98    .bss.huart1         usart.o
    0x24000dc8        -       0x00000401   Zero   RW         1536    .bss.printf_buf     app_azure_rtos.o
    0x240011c9   0x90007c5c   0x00000003   PAD
    0x240011cc        -       0x00000034   Zero   RW         1537    .bss.tx_kprintf_lock  app_azure_rtos.o
    0x24001200        -       0x00000004   Zero   RW          932    .bss.uwTick         stm32h7xx_hal.o
    0x24001204   0x90007c5c   0x00000004   PAD
    0x24001208        -       0x00000200   Zero   RW            2    HEAP                startup_stm32h750xx.o
    0x24001408        -       0x00000400   Zero   RW            1    STACK               startup_stm32h750xx.o


    Execution Region RW_IRAM4 (Exec base: 0x30000000, Load base: 0x90007c60, Size: 0x00000000, Max: 0x00040000, ABSOLUTE)

    **** No section assigned to this execution region ****


    Execution Region RW_IRAM5 (Exec base: 0x30040000, Load base: 0x90007c60, Size: 0x00000000, Max: 0x00008000, ABSOLUTE)

    **** No section assigned to this execution region ****


    Execution Region RW_IRAM6 (Exec base: 0x38000000, Load base: 0x90007c60, Size: 0x00000000, Max: 0x00010000, ABSOLUTE)

    **** No section assigned to this execution region ****


    Execution Region RW_IRAM7 (Exec base: 0x38800000, Load base: 0x90007c60, Size: 0x00000000, Max: 0x00001000, ABSOLUTE)

    **** No section assigned to this execution region ****


    Execution Region ER_IROM1 (Exec base: 0x90000000, Load base: 0x90000000, Size: 0x00007c48, Max: 0x00800000, ABSOLUTE)

    Exec Addr    Load Addr    Size         Type   Attr      Idx    E Section Name        Object

    0x90000000   0x90000000   0x00000298   Data   RO            3    RESET               startup_stm32h750xx.o
    0x90000298   0x90000298   0x00000008   Code   RO         3314  * !!!main             c_w.l(__main.o)
    0x900002a0   0x900002a0   0x00000034   Code   RO         3637    !!!scatter          c_w.l(__scatter.o)
    0x900002d4   0x900002d4   0x0000001a   Code   RO         3639    !!handler_copy      c_w.l(__scatter_copy.o)
    0x900002ee   0x900002ee   0x00000002   PAD
    0x900002f0   0x900002f0   0x0000001c   Code   RO         3641    !!handler_zi        c_w.l(__scatter_zi.o)
    0x9000030c   0x9000030c   0x00000000   Code   RO         3303    .ARM.Collect$$_printf_percent$$00000000  c_w.l(_printf_percent.o)
    0x9000030c   0x9000030c   0x00000006   Code   RO         3372    .ARM.Collect$$_printf_percent$$00000001  c_w.l(_printf_n.o)
    0x90000312   0x90000312   0x00000006   Code   RO         3374    .ARM.Collect$$_printf_percent$$00000002  c_w.l(_printf_p.o)
    0x90000318   0x90000318   0x00000006   Code   RO         3379    .ARM.Collect$$_printf_percent$$00000003  c_w.l(_printf_f.o)
    0x9000031e   0x9000031e   0x00000006   Code   RO         3380    .ARM.Collect$$_printf_percent$$00000004  c_w.l(_printf_e.o)
    0x90000324   0x90000324   0x00000006   Code   RO         3381    .ARM.Collect$$_printf_percent$$00000005  c_w.l(_printf_g.o)
    0x9000032a   0x9000032a   0x00000006   Code   RO         3382    .ARM.Collect$$_printf_percent$$00000006  c_w.l(_printf_a.o)
    0x90000330   0x90000330   0x0000000a   Code   RO         3387    .ARM.Collect$$_printf_percent$$00000007  c_w.l(_printf_ll.o)
    0x9000033a   0x9000033a   0x00000006   Code   RO         3376    .ARM.Collect$$_printf_percent$$00000008  c_w.l(_printf_i.o)
    0x90000340   0x90000340   0x00000006   Code   RO         3377    .ARM.Collect$$_printf_percent$$00000009  c_w.l(_printf_d.o)
    0x90000346   0x90000346   0x00000006   Code   RO         3378    .ARM.Collect$$_printf_percent$$0000000A  c_w.l(_printf_u.o)
    0x9000034c   0x9000034c   0x00000006   Code   RO         3375    .ARM.Collect$$_printf_percent$$0000000B  c_w.l(_printf_o.o)
    0x90000352   0x90000352   0x00000006   Code   RO         3373    .ARM.Collect$$_printf_percent$$0000000C  c_w.l(_printf_x.o)
    0x90000358   0x90000358   0x00000006   Code   RO         3384    .ARM.Collect$$_printf_percent$$0000000D  c_w.l(_printf_lli.o)
    0x9000035e   0x9000035e   0x00000006   Code   RO         3385    .ARM.Collect$$_printf_percent$$0000000E  c_w.l(_printf_lld.o)
    0x90000364   0x90000364   0x00000006   Code   RO         3386    .ARM.Collect$$_printf_percent$$0000000F  c_w.l(_printf_llu.o)
    0x9000036a   0x9000036a   0x00000006   Code   RO         3391    .ARM.Collect$$_printf_percent$$00000010  c_w.l(_printf_llo.o)
    0x90000370   0x90000370   0x00000006   Code   RO         3392    .ARM.Collect$$_printf_percent$$00000011  c_w.l(_printf_llx.o)
    0x90000376   0x90000376   0x0000000a   Code   RO         3388    .ARM.Collect$$_printf_percent$$00000012  c_w.l(_printf_l.o)
    0x90000380   0x90000380   0x00000006   Code   RO         3371    .ARM.Collect$$_printf_percent$$00000013  c_w.l(_printf_c.o)
    0x90000386   0x90000386   0x00000006   Code   RO         3302    .ARM.Collect$$_printf_percent$$00000014  c_w.l(_printf_s.o)
    0x9000038c   0x9000038c   0x00000006   Code   RO         3389    .ARM.Collect$$_printf_percent$$00000015  c_w.l(_printf_lc.o)
    0x90000392   0x90000392   0x00000006   Code   RO         3390    .ARM.Collect$$_printf_percent$$00000016  c_w.l(_printf_ls.o)
    0x90000398   0x90000398   0x00000004   Code   RO         3383    .ARM.Collect$$_printf_percent$$00000017  c_w.l(_printf_percent_end.o)
    0x9000039c   0x9000039c   0x00000002   Code   RO         3495    .ARM.Collect$$libinit$$00000000  c_w.l(libinit.o)
    0x9000039e   0x9000039e   0x00000004   Code   RO         3519    .ARM.Collect$$libinit$$00000001  c_w.l(libinit2.o)
    0x900003a2   0x900003a2   0x00000000   Code   RO         3522    .ARM.Collect$$libinit$$00000004  c_w.l(libinit2.o)
    0x900003a2   0x900003a2   0x00000000   Code   RO         3524    .ARM.Collect$$libinit$$00000006  c_w.l(libinit2.o)
    0x900003a2   0x900003a2   0x00000000   Code   RO         3527    .ARM.Collect$$libinit$$0000000C  c_w.l(libinit2.o)
    0x900003a2   0x900003a2   0x00000000   Code   RO         3529    .ARM.Collect$$libinit$$0000000E  c_w.l(libinit2.o)
    0x900003a2   0x900003a2   0x00000000   Code   RO         3531    .ARM.Collect$$libinit$$00000010  c_w.l(libinit2.o)
    0x900003a2   0x900003a2   0x00000006   Code   RO         3532    .ARM.Collect$$libinit$$00000011  c_w.l(libinit2.o)
    0x900003a8   0x900003a8   0x00000000   Code   RO         3534    .ARM.Collect$$libinit$$00000013  c_w.l(libinit2.o)
    0x900003a8   0x900003a8   0x0000000c   Code   RO         3535    .ARM.Collect$$libinit$$00000014  c_w.l(libinit2.o)
    0x900003b4   0x900003b4   0x00000000   Code   RO         3536    .ARM.Collect$$libinit$$00000015  c_w.l(libinit2.o)
    0x900003b4   0x900003b4   0x00000000   Code   RO         3538    .ARM.Collect$$libinit$$00000017  c_w.l(libinit2.o)
    0x900003b4   0x900003b4   0x0000000a   Code   RO         3539    .ARM.Collect$$libinit$$00000018  c_w.l(libinit2.o)
    0x900003be   0x900003be   0x00000000   Code   RO         3540    .ARM.Collect$$libinit$$00000019  c_w.l(libinit2.o)
    0x900003be   0x900003be   0x00000000   Code   RO         3542    .ARM.Collect$$libinit$$0000001B  c_w.l(libinit2.o)
    0x900003be   0x900003be   0x00000000   Code   RO         3544    .ARM.Collect$$libinit$$0000001D  c_w.l(libinit2.o)
    0x900003be   0x900003be   0x00000000   Code   RO         3546    .ARM.Collect$$libinit$$0000001F  c_w.l(libinit2.o)
    0x900003be   0x900003be   0x00000000   Code   RO         3548    .ARM.Collect$$libinit$$00000021  c_w.l(libinit2.o)
    0x900003be   0x900003be   0x00000000   Code   RO         3550    .ARM.Collect$$libinit$$00000023  c_w.l(libinit2.o)
    0x900003be   0x900003be   0x00000000   Code   RO         3552    .ARM.Collect$$libinit$$00000025  c_w.l(libinit2.o)
    0x900003be   0x900003be   0x00000000   Code   RO         3554    .ARM.Collect$$libinit$$00000027  c_w.l(libinit2.o)
    0x900003be   0x900003be   0x00000000   Code   RO         3558    .ARM.Collect$$libinit$$0000002E  c_w.l(libinit2.o)
    0x900003be   0x900003be   0x00000000   Code   RO         3560    .ARM.Collect$$libinit$$00000030  c_w.l(libinit2.o)
    0x900003be   0x900003be   0x00000000   Code   RO         3562    .ARM.Collect$$libinit$$00000032  c_w.l(libinit2.o)
    0x900003be   0x900003be   0x00000000   Code   RO         3564    .ARM.Collect$$libinit$$00000034  c_w.l(libinit2.o)
    0x900003be   0x900003be   0x00000002   Code   RO         3565    .ARM.Collect$$libinit$$00000035  c_w.l(libinit2.o)
    0x900003c0   0x900003c0   0x00000002   Code   RO         3591    .ARM.Collect$$libshutdown$$00000000  c_w.l(libshutdown.o)
    0x900003c2   0x900003c2   0x00000000   Code   RO         3619    .ARM.Collect$$libshutdown$$00000002  c_w.l(libshutdown2.o)
    0x900003c2   0x900003c2   0x00000000   Code   RO         3621    .ARM.Collect$$libshutdown$$00000004  c_w.l(libshutdown2.o)
    0x900003c2   0x900003c2   0x00000000   Code   RO         3624    .ARM.Collect$$libshutdown$$00000007  c_w.l(libshutdown2.o)
    0x900003c2   0x900003c2   0x00000000   Code   RO         3627    .ARM.Collect$$libshutdown$$0000000A  c_w.l(libshutdown2.o)
    0x900003c2   0x900003c2   0x00000000   Code   RO         3629    .ARM.Collect$$libshutdown$$0000000C  c_w.l(libshutdown2.o)
    0x900003c2   0x900003c2   0x00000000   Code   RO         3632    .ARM.Collect$$libshutdown$$0000000F  c_w.l(libshutdown2.o)
    0x900003c2   0x900003c2   0x00000002   Code   RO         3633    .ARM.Collect$$libshutdown$$00000010  c_w.l(libshutdown2.o)
    0x900003c4   0x900003c4   0x00000000   Code   RO         3318    .ARM.Collect$$rtentry$$00000000  c_w.l(__rtentry.o)
    0x900003c4   0x900003c4   0x00000000   Code   RO         3406    .ARM.Collect$$rtentry$$00000002  c_w.l(__rtentry2.o)
    0x900003c4   0x900003c4   0x00000006   Code   RO         3418    .ARM.Collect$$rtentry$$00000004  c_w.l(__rtentry4.o)
    0x900003ca   0x900003ca   0x00000000   Code   RO         3408    .ARM.Collect$$rtentry$$00000009  c_w.l(__rtentry2.o)
    0x900003ca   0x900003ca   0x00000004   Code   RO         3409    .ARM.Collect$$rtentry$$0000000A  c_w.l(__rtentry2.o)
    0x900003ce   0x900003ce   0x00000000   Code   RO         3411    .ARM.Collect$$rtentry$$0000000C  c_w.l(__rtentry2.o)
    0x900003ce   0x900003ce   0x00000008   Code   RO         3412    .ARM.Collect$$rtentry$$0000000D  c_w.l(__rtentry2.o)
    0x900003d6   0x900003d6   0x00000002   Code   RO         3504    .ARM.Collect$$rtexit$$00000000  c_w.l(rtexit.o)
    0x900003d8   0x900003d8   0x00000000   Code   RO         3567    .ARM.Collect$$rtexit$$00000002  c_w.l(rtexit2.o)
    0x900003d8   0x900003d8   0x00000004   Code   RO         3568    .ARM.Collect$$rtexit$$00000003  c_w.l(rtexit2.o)
    0x900003dc   0x900003dc   0x00000006   Code   RO         3569    .ARM.Collect$$rtexit$$00000004  c_w.l(rtexit2.o)
    0x900003e2   0x900003e2   0x00000002   PAD
    0x900003e4   0x900003e4   0x00000040   Code   RO            4    .text               startup_stm32h750xx.o
    0x90000424   0x90000424   0x0000000c   PAD
    0x90000430   0x90000430   0x000000b6   Code   RO           50    .text               tx_initialize_low_level.o
    0x900004e6   0x900004e6   0x0000000a   PAD
    0x900004f0   0x900004f0   0x0000000e   Code   RO         1692    .text               tx_thread_interrupt_disable.o
    0x900004fe   0x900004fe   0x00000002   PAD
    0x90000500   0x90000500   0x00000006   Code   RO         1697    .text               tx_thread_interrupt_restore.o
    0x90000506   0x90000506   0x0000000a   PAD
    0x90000510   0x90000510   0x00000100   Code   RO         1702    .text               tx_thread_schedule.o
    0x90000610   0x90000610   0x00000040   Code   RO         1707    .text               tx_thread_stack_build.o
    0x90000650   0x90000650   0x00000026   Code   RO         1712    .text               tx_thread_system_return.o
    0x90000676   0x90000676   0x0000000a   PAD
    0x90000680   0x90000680   0x000000b8   Code   RO         1717    .text               tx_timer_interrupt.o
    0x90000738   0x90000738   0x00000002   Code   RO         3268    .text               c_w.l(use_no_semi_2.o)
    0x9000073a   0x9000073a   0x000000f0   Code   RO         3270    .text               c_w.l(lludivv7m.o)
    0x9000082a   0x9000082a   0x00000002   PAD
    0x9000082c   0x9000082c   0x0000003c   Code   RO         3272    .text               c_w.l(vsnprintf.o)
    0x90000868   0x90000868   0x00000018   Code   RO         3274    .text               c_w.l(__2printf.o)
    0x90000880   0x90000880   0x00000052   Code   RO         3280    .text               c_w.l(_printf_str.o)
    0x900008d2   0x900008d2   0x00000002   PAD
    0x900008d4   0x900008d4   0x00000188   Code   RO         3299    .text               c_w.l(__printf_flags_ss_wp.o)
    0x90000a5c   0x90000a5c   0x0000003e   Code   RO         3304    .text               c_w.l(strlen.o)
    0x90000a9a   0x90000a9a   0x00000010   Code   RO         3308    .text               c_w.l(aeabi_memset.o)
    0x90000aaa   0x90000aaa   0x0000004e   Code   RO         3310    .text               c_w.l(rt_memclr_w.o)
    0x90000af8   0x90000af8   0x00000006   Code   RO         3312    .text               c_w.l(heapauxi.o)
    0x90000afe   0x90000afe   0x00000002   Code   RO         3316    .text               c_w.l(use_no_semi.o)
    0x90000b00   0x90000b00   0x0000004e   Code   RO         3323    .text               c_w.l(_printf_pad.o)
    0x90000b4e   0x90000b4e   0x00000024   Code   RO         3325    .text               c_w.l(_printf_truncate.o)
    0x90000b72   0x90000b72   0x00000002   PAD
    0x90000b74   0x90000b74   0x00000078   Code   RO         3327    .text               c_w.l(_printf_dec.o)
    0x90000bec   0x90000bec   0x00000028   Code   RO         3329    .text               c_w.l(_printf_charcount.o)
    0x90000c14   0x90000c14   0x00000030   Code   RO         3331    .text               c_w.l(_printf_char_common.o)
    0x90000c44   0x90000c44   0x00000010   Code   RO         3333    .text               c_w.l(_snputc.o)
    0x90000c54   0x90000c54   0x0000002c   Code   RO         3335    .text               c_w.l(_printf_char.o)
    0x90000c80   0x90000c80   0x00000024   Code   RO         3337    .text               c_w.l(_printf_char_file.o)
    0x90000ca4   0x90000ca4   0x000000bc   Code   RO         3339    .text               c_w.l(_printf_wctomb.o)
    0x90000d60   0x90000d60   0x0000007c   Code   RO         3342    .text               c_w.l(_printf_longlong_dec.o)
    0x90000ddc   0x90000ddc   0x00000070   Code   RO         3348    .text               c_w.l(_printf_oct_int_ll.o)
    0x90000e4c   0x90000e4c   0x00000094   Code   RO         3368    .text               c_w.l(_printf_hex_int_ll_ptr.o)
    0x90000ee0   0x90000ee0   0x00000044   Code   RO         3395    .text               c_w.l(rt_memclr.o)
    0x90000f24   0x90000f24   0x0000008a   Code   RO         3422    .text               c_w.l(lludiv10.o)
    0x90000fae   0x90000fae   0x000000b2   Code   RO         3424    .text               c_w.l(_printf_intcommon.o)
    0x90001060   0x90001060   0x0000041c   Code   RO         3426    .text               c_w.l(_printf_fp_dec.o)
    0x9000147c   0x9000147c   0x000002fc   Code   RO         3430    .text               c_w.l(_printf_fp_hex.o)
    0x90001778   0x90001778   0x0000002c   Code   RO         3435    .text               c_w.l(_printf_wchar.o)
    0x900017a4   0x900017a4   0x00000008   Code   RO         3437    .text               c_w.l(ferror.o)
    0x900017ac   0x900017ac   0x00000048   Code   RO         3441    .text               c_w.l(_c16rtomb.o)
    0x900017f4   0x900017f4   0x0000004a   Code   RO         3443    .text               c_w.l(sys_stackheap_outer.o)
    0x9000183e   0x9000183e   0x00000002   PAD
    0x90001840   0x90001840   0x00000010   Code   RO         3445    .text               c_w.l(rt_ctype_table.o)
    0x90001850   0x90001850   0x00000008   Code   RO         3450    .text               c_w.l(rt_locale_intlibspace.o)
    0x90001858   0x90001858   0x00000080   Code   RO         3452    .text               c_w.l(_printf_fp_infnan.o)
    0x900018d8   0x900018d8   0x000000e4   Code   RO         3454    .text               c_w.l(bigflt0.o)
    0x900019bc   0x900019bc   0x00000012   Code   RO         3484    .text               c_w.l(exit.o)
    0x900019ce   0x900019ce   0x00000002   PAD
    0x900019d0   0x900019d0   0x00000008   Code   RO         3501    .text               c_w.l(libspace.o)
    0x900019d8   0x900019d8   0x0000007c   Code   RO         3517    .text               c_w.l(strcmpv7m_pel.o)
    0x90001a54   0x90001a54   0x00000002   Code   RO          113    .text.BusFault_Handler  stm32h7xx_it.o
    0x90001a56   0x90001a56   0x00000002   Code   RO          117    .text.DebugMon_Handler  stm32h7xx_it.o
    0x90001a58   0x90001a58   0x0000000a   Code   RO           31    .text.Error_Handler  main.o
    0x90001a62   0x90001a62   0x00000002   PAD
    0x90001a64   0x90001a64   0x00000028   Code   RO          854    .text.HAL_Delay     stm32h7xx_hal.o
    0x90001a8c   0x90001a8c   0x00000108   Code   RO          538    .text.HAL_GPIO_DeInit  stm32h7xx_hal_gpio.o
    0x90001b94   0x90001b94   0x000001ac   Code   RO          536    .text.HAL_GPIO_Init  stm32h7xx_hal_gpio.o
    0x90001d40   0x90001d40   0x0000000a   Code   RO          540    .text.HAL_GPIO_ReadPin  stm32h7xx_hal_gpio.o
    0x90001d4a   0x90001d4a   0x0000000e   Code   RO          862    .text.HAL_GetREVID  stm32h7xx_hal.o
    0x90001d58   0x90001d58   0x0000000c   Code   RO          846    .text.HAL_GetTick   stm32h7xx_hal.o
    0x90001d64   0x90001d64   0x0000004a   Code   RO          355    .text.HAL_I2CEx_ConfigAnalogFilter  stm32h7xx_hal_i2c_ex.o
    0x90001dae   0x90001dae   0x00000048   Code   RO          357    .text.HAL_I2CEx_ConfigDigitalFilter  stm32h7xx_hal_i2c_ex.o
    0x90001df6   0x90001df6   0x00000034   Code   RO          203    .text.HAL_I2C_DeInit  stm32h7xx_hal_i2c.o
    0x90001e2a   0x90001e2a   0x000000a0   Code   RO          199    .text.HAL_I2C_Init  stm32h7xx_hal_i2c.o
    0x90001eca   0x90001eca   0x000001ea   Code   RO          259    .text.HAL_I2C_Mem_Read  stm32h7xx_hal_i2c.o
    0x900020b4   0x900020b4   0x000001e4   Code   RO          257    .text.HAL_I2C_Mem_Write  stm32h7xx_hal_i2c.o
    0x90002298   0x90002298   0x00000042   Code   RO           81    .text.HAL_I2C_MspDeInit  i2c.o
    0x900022da   0x900022da   0x00000084   Code   RO           79    .text.HAL_I2C_MspInit  i2c.o
    0x9000235e   0x9000235e   0x0000001a   Code   RO          844    .text.HAL_IncTick   stm32h7xx_hal.o
    0x90002378   0x90002378   0x00000062   Code   RO          834    .text.HAL_Init      stm32h7xx_hal.o
    0x900023da   0x900023da   0x000000a2   Code   RO          136    .text.HAL_InitTick  stm32h7xx_hal_timebase_tim.o
    0x9000247c   0x9000247c   0x0000005a   Code   RO          169    .text.HAL_MPU_ConfigRegion  stm32h7xx_hal_cortex.o
    0x900024d6   0x900024d6   0x0000001a   Code   RO          165    .text.HAL_MPU_Disable  stm32h7xx_hal_cortex.o
    0x900024f0   0x900024f0   0x00000020   Code   RO          167    .text.HAL_MPU_Enable  stm32h7xx_hal_cortex.o
    0x90002510   0x90002510   0x00000020   Code   RO          128    .text.HAL_MspInit   stm32h7xx_hal_msp.o
    0x90002530   0x90002530   0x00000020   Code   RO          155    .text.HAL_NVIC_EnableIRQ  stm32h7xx_hal_cortex.o
    0x90002550   0x90002550   0x0000005a   Code   RO          153    .text.HAL_NVIC_SetPriority  stm32h7xx_hal_cortex.o
    0x900025aa   0x900025aa   0x00000020   Code   RO          151    .text.HAL_NVIC_SetPriorityGrouping  stm32h7xx_hal_cortex.o
    0x900025ca   0x900025ca   0x00000002   PAD
    0x900025cc   0x900025cc   0x00000048   Code   RO          746    .text.HAL_PWREx_ConfigSupply  stm32h7xx_hal_pwr_ex.o
    0x90002614   0x90002614   0x00000026   Code   RO          427    .text.HAL_RCCEx_GetD3PCLK1Freq  stm32h7xx_hal_rcc_ex.o
    0x9000263a   0x9000263a   0x00000002   PAD
    0x9000263c   0x9000263c   0x00000124   Code   RO          423    .text.HAL_RCCEx_GetPLL2ClockFreq  stm32h7xx_hal_rcc_ex.o
    0x90002760   0x90002760   0x00000124   Code   RO          425    .text.HAL_RCCEx_GetPLL3ClockFreq  stm32h7xx_hal_rcc_ex.o
    0x90002884   0x90002884   0x0000095c   Code   RO          411    .text.HAL_RCCEx_PeriphCLKConfig  stm32h7xx_hal_rcc_ex.o
    0x900031e0   0x900031e0   0x0000024a   Code   RO          379    .text.HAL_RCC_ClockConfig  stm32h7xx_hal_rcc.o
    0x9000342a   0x9000342a   0x00000058   Code   RO          397    .text.HAL_RCC_GetClockConfig  stm32h7xx_hal_rcc.o
    0x90003482   0x90003482   0x0000004c   Code   RO          389    .text.HAL_RCC_GetHCLKFreq  stm32h7xx_hal_rcc.o
    0x900034ce   0x900034ce   0x00000026   Code   RO          391    .text.HAL_RCC_GetPCLK1Freq  stm32h7xx_hal_rcc.o
    0x900034f4   0x900034f4   0x00000026   Code   RO          393    .text.HAL_RCC_GetPCLK2Freq  stm32h7xx_hal_rcc.o
    0x9000351a   0x9000351a   0x00000002   PAD
    0x9000351c   0x9000351c   0x0000010c   Code   RO          381    .text.HAL_RCC_GetSysClockFreq  stm32h7xx_hal_rcc.o
    0x90003628   0x90003628   0x00000538   Code   RO          377    .text.HAL_RCC_OscConfig  stm32h7xx_hal_rcc.o
    0x90003b60   0x90003b60   0x00000002   Code   RO         1290    .text.HAL_TIMEx_Break2Callback  stm32h7xx_hal_tim_ex.o
    0x90003b62   0x90003b62   0x00000002   Code   RO         1288    .text.HAL_TIMEx_BreakCallback  stm32h7xx_hal_tim_ex.o
    0x90003b64   0x90003b64   0x00000002   Code   RO         1284    .text.HAL_TIMEx_CommutCallback  stm32h7xx_hal_tim_ex.o
    0x90003b66   0x90003b66   0x00000060   Code   RO          967    .text.HAL_TIM_Base_Init  stm32h7xx_hal_tim.o
    0x90003bc6   0x90003bc6   0x00000002   Code   RO          969    .text.HAL_TIM_Base_MspInit  stm32h7xx_hal_tim.o
    0x90003bc8   0x90003bc8   0x000000ae   Code   RO          981    .text.HAL_TIM_Base_Start_IT  stm32h7xx_hal_tim.o
    0x90003c76   0x90003c76   0x00000002   Code   RO         1103    .text.HAL_TIM_IC_CaptureCallback  stm32h7xx_hal_tim.o
    0x90003c78   0x90003c78   0x00000188   Code   RO         1101    .text.HAL_TIM_IRQHandler  stm32h7xx_hal_tim.o
    0x90003e00   0x90003e00   0x00000002   Code   RO         1105    .text.HAL_TIM_OC_DelayElapsedCallback  stm32h7xx_hal_tim.o
    0x90003e02   0x90003e02   0x00000002   Code   RO         1107    .text.HAL_TIM_PWM_PulseFinishedCallback  stm32h7xx_hal_tim.o
    0x90003e04   0x90003e04   0x00000014   Code   RO           39    .text.HAL_TIM_PeriodElapsedCallback  main.o
    0x90003e18   0x90003e18   0x00000002   Code   RO         1111    .text.HAL_TIM_TriggerCallback  stm32h7xx_hal_tim.o
    0x90003e1a   0x90003e1a   0x00000036   Code   RO         1471    .text.HAL_UARTEx_DisableFifoMode  stm32h7xx_hal_uart_ex.o
    0x90003e50   0x90003e50   0x0000004a   Code   RO         1475    .text.HAL_UARTEx_SetRxFifoThreshold  stm32h7xx_hal_uart_ex.o
    0x90003e9a   0x90003e9a   0x0000004a   Code   RO         1473    .text.HAL_UARTEx_SetTxFifoThreshold  stm32h7xx_hal_uart_ex.o
    0x90003ee4   0x90003ee4   0x00000064   Code   RO         1304    .text.HAL_UART_Init  stm32h7xx_hal_uart.o
    0x90003f48   0x90003f48   0x00000082   Code   RO           94    .text.HAL_UART_MspInit  usart.o
    0x90003fca   0x90003fca   0x00000002   PAD
    0x90003fcc   0x90003fcc   0x000000be   Code   RO         1324    .text.HAL_UART_Transmit  stm32h7xx_hal_uart.o
    0x9000408a   0x9000408a   0x00000002   PAD
    0x9000408c   0x9000408c   0x00000002   Code   RO          109    .text.HardFault_Handler  stm32h7xx_it.o
    0x9000408e   0x9000408e   0x00000002   PAD
    0x90004090   0x90004090   0x00000102   Code   RO          345    .text.I2C_IsErrorOccurred  stm32h7xx_hal_i2c.o
    0x90004192   0x90004192   0x00000002   PAD
    0x90004194   0x90004194   0x00000088   Code   RO          209    .text.I2C_WaitOnFlagUntilTimeout  stm32h7xx_hal_i2c.o
    0x9000421c   0x9000421c   0x00000056   Code   RO          213    .text.I2C_WaitOnSTOPFlagUntilTimeout  stm32h7xx_hal_i2c.o
    0x90004272   0x90004272   0x00000002   PAD
    0x90004274   0x90004274   0x00000060   Code   RO          211    .text.I2C_WaitOnTXISFlagUntilTimeout  stm32h7xx_hal_i2c.o
    0x900042d4   0x900042d4   0x0000008a   Code   RO           56    .text.MX_GPIO_Init  gpio.o
    0x9000435e   0x9000435e   0x0000006a   Code   RO           77    .text.MX_I2C1_Init  i2c.o
    0x900043c8   0x900043c8   0x00000004   Code   RO           67    .text.MX_ThreadX_Init  app_threadx.o
    0x900043cc   0x900043cc   0x0000007c   Code   RO           92    .text.MX_USART1_UART_Init  usart.o
    0x90004448   0x90004448   0x00000002   Code   RO          111    .text.MemManage_Handler  stm32h7xx_it.o
    0x9000444a   0x9000444a   0x00000002   PAD
    0x9000444c   0x9000444c   0x00000002   Code   RO          107    .text.NMI_Handler   stm32h7xx_it.o
    0x9000444e   0x9000444e   0x00000002   PAD
    0x90004450   0x90004450   0x00000106   Code   RO          413    .text.RCCEx_PLL2_Config  stm32h7xx_hal_rcc_ex.o
    0x90004556   0x90004556   0x00000002   PAD
    0x90004558   0x90004558   0x00000106   Code   RO          415    .text.RCCEx_PLL3_Config  stm32h7xx_hal_rcc_ex.o
    0x9000465e   0x9000465e   0x00000002   PAD
    0x90004660   0x90004660   0x00000106   Code   RO           29    .text.SystemClock_Config  main.o
    0x90004766   0x90004766   0x000000c0   Code   RO         1494    .text.SystemInit    system_stm32h7xx.o
    0x90004826   0x90004826   0x0000000c   Code   RO          119    .text.TIM7_IRQHandler  stm32h7xx_it.o
    0x90004832   0x90004832   0x00000132   Code   RO          971    .text.TIM_Base_SetConfig  stm32h7xx_hal_tim.o
    0x90004964   0x90004964   0x0000004e   Code   RO         1469    .text.UARTEx_SetNbDataToProcess  stm32h7xx_hal_uart_ex.o
    0x900049b2   0x900049b2   0x000000c6   Code   RO         1310    .text.UART_AdvFeatureConfig  stm32h7xx_hal_uart.o
    0x90004a78   0x90004a78   0x000000b8   Code   RO         1312    .text.UART_CheckIdleState  stm32h7xx_hal_uart.o
    0x90004b30   0x90004b30   0x0000005a   Code   RO         1362    .text.UART_EndRxTransfer  stm32h7xx_hal_uart.o
    0x90004b8a   0x90004b8a   0x00000002   PAD
    0x90004b8c   0x90004b8c   0x00000348   Code   RO         1308    .text.UART_SetConfig  stm32h7xx_hal_uart.o
    0x90004ed4   0x90004ed4   0x0000008e   Code   RO         1326    .text.UART_WaitOnFlagUntilTimeout  stm32h7xx_hal_uart.o
    0x90004f62   0x90004f62   0x00000002   PAD
    0x90004f64   0x90004f64   0x00000002   Code   RO          115    .text.UsageFault_Handler  stm32h7xx_it.o
    0x90004f66   0x90004f66   0x00000002   Code   RO           33    .text._sys_exit     main.o
    0x90004f68   0x90004f68   0x00000022   Code   RO         1546    .text._tx_execution_initialize  tx_execution_profile.o
    0x90004f8a   0x90004f8a   0x000000e2   Code   RO         1552    .text._tx_execution_isr_enter  tx_execution_profile.o
    0x9000506c   0x9000506c   0x000000c0   Code   RO         1554    .text._tx_execution_isr_exit  tx_execution_profile.o
    0x9000512c   0x9000512c   0x00000060   Code   RO         1548    .text._tx_execution_thread_enter  tx_execution_profile.o
    0x9000518c   0x9000518c   0x00000096   Code   RO         1550    .text._tx_execution_thread_exit  tx_execution_profile.o
    0x90005222   0x90005222   0x00000086   Code   RO         1723    .text._tx_initialize_high_level  tx_initialize_high_level.o
    0x900052a8   0x900052a8   0x00000052   Code   RO         1744    .text._tx_initialize_kernel_enter  tx_initialize_kernel_enter.o
    0x900052fa   0x900052fa   0x00000084   Code   RO         1961    .text._tx_mutex_cleanup  tx_mutex_cleanup.o
    0x9000537e   0x9000537e   0x00000068   Code   RO         1973    .text._tx_mutex_create  tx_mutex_create.o
    0x900053e6   0x900053e6   0x00000108   Code   RO         1991    .text._tx_mutex_get  tx_mutex_get.o
    0x900054ee   0x900054ee   0x00000002   PAD
    0x900054f0   0x900054f0   0x000000c2   Code   RO         2010    .text._tx_mutex_prioritize  tx_mutex_prioritize.o
    0x900055b2   0x900055b2   0x000000b0   Code   RO         2019    .text._tx_mutex_priority_change  tx_mutex_priority_change.o
    0x90005662   0x90005662   0x00000002   PAD
    0x90005664   0x90005664   0x000001f0   Code   RO         2028    .text._tx_mutex_put  tx_mutex_put.o
    0x90005854   0x90005854   0x0000004a   Code   RO         1963    .text._tx_mutex_thread_release  tx_mutex_cleanup.o
    0x9000589e   0x9000589e   0x00000146   Code   RO         2210    .text._tx_thread_create  tx_thread_create.o
    0x900059e4   0x900059e4   0x00000084   Code   RO         2255    .text._tx_thread_initialize  tx_thread_initialize.o
    0x90005a68   0x90005a68   0x00000058   Code   RO         2323    .text._tx_thread_shell_entry  tx_thread_shell_entry.o
    0x90005ac0   0x90005ac0   0x00000078   Code   RO         2332    .text._tx_thread_sleep  tx_thread_sleep.o
    0x90005b38   0x90005b38   0x00000082   Code   RO         2341    .text._tx_thread_stack_analyze  tx_thread_stack_analyze.o
    0x90005bba   0x90005bba   0x00000024   Code   RO         2350    .text._tx_thread_stack_error_handler  tx_thread_stack_error_handler.o
    0x90005bde   0x90005bde   0x0000009c   Code   RO         2377    .text._tx_thread_system_preempt_check  tx_thread_system_preempt_check.o
    0x90005c7a   0x90005c7a   0x000001ce   Code   RO         2386    .text._tx_thread_system_resume  tx_thread_system_resume.o
    0x90005e48   0x90005e48   0x0000024c   Code   RO         2395    .text._tx_thread_system_suspend  tx_thread_system_suspend.o
    0x90006094   0x90006094   0x00000148   Code   RO         2414    .text._tx_thread_time_slice  tx_thread_time_slice.o
    0x900061dc   0x900061dc   0x00000044   Code   RO         2432    .text._tx_thread_timeout  tx_thread_timeout.o
    0x90006220   0x90006220   0x00000028   Code   RO         2999    .text._tx_timer_expiration_process  tx_timer_expiration_process.o
    0x90006248   0x90006248   0x00000110   Code   RO         3017    .text._tx_timer_initialize  tx_timer_initialize.o
    0x90006358   0x90006358   0x0000005a   Code   RO         3042    .text._tx_timer_system_activate  tx_timer_system_activate.o
    0x900063b2   0x900063b2   0x0000002a   Code   RO         3051    .text._tx_timer_system_deactivate  tx_timer_system_deactivate.o
    0x900063dc   0x900063dc   0x00000140   Code   RO         3060    .text._tx_timer_thread_entry  tx_timer_thread_entry.o
    0x9000651c   0x9000651c   0x000000e6   Code   RO         2630    .text._txe_mutex_create  txe_mutex_create.o
    0x90006602   0x90006602   0x00000072   Code   RO         2648    .text._txe_mutex_get  txe_mutex_get.o
    0x90006674   0x90006674   0x0000003c   Code   RO         2675    .text._txe_mutex_put  txe_mutex_put.o
    0x900066b0   0x900066b0   0x00000150   Code   RO         2837    .text._txe_thread_create  txe_thread_create.o
    0x90006800   0x90006800   0x000000b0   Code   RO         1509    .text.app_button_thread_init  app_button.o
    0x900068b0   0x900068b0   0x000000fc   Code   RO         1637    .text.at24cxx_basic_init  driver_at24cxx_basic.o
    0x900069ac   0x900069ac   0x00000104   Code   RO         1610    .text.at24cxx_init  driver_at24cxx.o
    0x90006ab0   0x90006ab0   0x0000004c   Code   RO         1668    .text.at24cxx_interface_debug_print  stm32h750xb_driver_at24cxx_interface.o
    0x90006afc   0x90006afc   0x00000004   Code   RO         1666    .text.at24cxx_interface_delay_ms  stm32h750xb_driver_at24cxx_interface.o
    0x90006b00   0x90006b00   0x00000012   Code   RO         1656    .text.at24cxx_interface_iic_deinit  stm32h750xb_driver_at24cxx_interface.o
    0x90006b12   0x90006b12   0x0000000a   Code   RO         1654    .text.at24cxx_interface_iic_init  stm32h750xb_driver_at24cxx_interface.o
    0x90006b1c   0x90006b1c   0x00000024   Code   RO         1658    .text.at24cxx_interface_iic_read  stm32h750xb_driver_at24cxx_interface.o
    0x90006b40   0x90006b40   0x00000024   Code   RO         1662    .text.at24cxx_interface_iic_read_address16  stm32h750xb_driver_at24cxx_interface.o
    0x90006b64   0x90006b64   0x00000024   Code   RO         1660    .text.at24cxx_interface_iic_write  stm32h750xb_driver_at24cxx_interface.o
    0x90006b88   0x90006b88   0x00000024   Code   RO         1664    .text.at24cxx_interface_iic_write_address16  stm32h750xb_driver_at24cxx_interface.o
    0x90006bac   0x90006bac   0x00000012   Code   RO         1618    .text.at24cxx_set_addr_pin  driver_at24cxx.o
    0x90006bbe   0x90006bbe   0x0000000c   Code   RO         1614    .text.at24cxx_set_type  driver_at24cxx.o
    0x90006bca   0x90006bca   0x00000008   Code   RO         1589    .text.button_attach  multi_button.o
    0x90006bd2   0x90006bd2   0x00000002   PAD
    0x90006bd4   0x90006bd4   0x000001c2   Code   RO         1593    .text.button_handler  multi_button.o
    0x90006d96   0x90006d96   0x00000036   Code   RO         1587    .text.button_init   multi_button.o
    0x90006dcc   0x90006dcc   0x00000028   Code   RO         1595    .text.button_start  multi_button.o
    0x90006df4   0x90006df4   0x0000000c   Code   RO         1511    .text.button_sw1_read  app_button.o
    0x90006e00   0x90006e00   0x00000010   Code   RO         1515    .text.button_sw2_read  app_button.o
    0x90006e10   0x90006e10   0x0000000c   Code   RO         1519    .text.button_thread_entry  app_button.o
    0x90006e1c   0x90006e1c   0x0000001a   Code   RO         1599    .text.button_ticks  multi_button.o
    0x90006e36   0x90006e36   0x00000002   PAD
    0x90006e38   0x90006e38   0x00000020   Code   RO         1513    .text.cb1_single_click  app_button.o
    0x90006e58   0x90006e58   0x00000020   Code   RO         1517    .text.cb2_single_click  app_button.o
    0x90006e78   0x90006e78   0x00000026   Code   RO           11    .text.dwt_init      dwt.o
    0x90006e9e   0x90006e9e   0x00000020   Code   RO           37    .text.fputc         main.o
    0x90006ebe   0x90006ebe   0x00000002   PAD
    0x90006ec0   0x90006ec0   0x000001ba   Code   RO           27    .text.main          main.o
    0x9000707a   0x9000707a   0x00000002   PAD
    0x9000707c   0x9000707c   0x0000002c   Code   RO         1534    .text.tx_application_define  app_azure_rtos.o
    0x900070a8   0x900070a8   0x00000054   Code   RO         1532    .text.tx_kprintf    app_azure_rtos.o
    0x900070fc   0x900070fc   0x0000003e   Code   RO         3457    CL$$btod_d2e        c_w.l(btod.o)
    0x9000713a   0x9000713a   0x00000046   Code   RO         3459    CL$$btod_d2e_denorm_low  c_w.l(btod.o)
    0x90007180   0x90007180   0x00000060   Code   RO         3458    CL$$btod_d2e_norm_op1  c_w.l(btod.o)
    0x900071e0   0x900071e0   0x00000338   Code   RO         3467    CL$$btod_div_common  c_w.l(btod.o)
    0x90007518   0x90007518   0x000000dc   Code   RO         3464    CL$$btod_e2e        c_w.l(btod.o)
    0x900075f4   0x900075f4   0x0000002a   Code   RO         3461    CL$$btod_ediv       c_w.l(btod.o)
    0x9000761e   0x9000761e   0x0000002a   Code   RO         3460    CL$$btod_emul       c_w.l(btod.o)
    0x90007648   0x90007648   0x00000244   Code   RO         3466    CL$$btod_mult_common  c_w.l(btod.o)
    0x9000788c   0x9000788c   0x00000030   Code   RO         3499    i.__ARM_fpclassify  m_wv.l(fpclassify.o)
    0x900078bc   0x900078bc   0x0000000e   Code   RO         3292    i._is_digit         c_w.l(__printf_wp.o)
    0x900078ca   0x900078ca   0x00000002   PAD
    0x900078cc   0x900078cc   0x0000002c   Code   RO         3482    locale$$code        c_w.l(lc_numeric_c.o)
    0x900078f8   0x900078f8   0x0000002c   Code   RO         3511    locale$$code        c_w.l(lc_ctype_c.o)
    0x90007924   0x90007924   0x0000001a   Code   RO         3581    x$fpl$fpinit        fz_wv.l(fpinit.o)
    0x9000793e   0x9000793e   0x00000004   Code   RO         3397    x$fpl$printf1       fz_wv.l(printf1.o)
    0x90007942   0x90007942   0x00000004   Code   RO         3399    x$fpl$printf2       fz_wv.l(printf2.o)
    0x90007946   0x90007946   0x00000000   Code   RO         3498    x$fpl$usenofp       fz_wv.l(usenofp.o)
    0x90007946   0x90007946   0x00000011   Data   RO         3300    .constdata          c_w.l(__printf_flags_ss_wp.o)
    0x90007957   0x90007957   0x00000001   PAD
    0x90007958   0x90007958   0x00000008   Data   RO         3340    .constdata          c_w.l(_printf_wctomb.o)
    0x90007960   0x90007960   0x00000028   Data   RO         3369    .constdata          c_w.l(_printf_hex_int_ll_ptr.o)
    0x90007988   0x90007988   0x00000026   Data   RO         3431    .constdata          c_w.l(_printf_fp_hex.o)
    0x900079ae   0x900079ae   0x00000002   PAD
    0x900079b0   0x900079b0   0x00000094   Data   RO         3455    .constdata          c_w.l(bigflt0.o)
    0x90007a44   0x90007a44   0x00000006   Data   RO         1441    .rodata..Lswitch.table.UART_SetConfig.5  stm32h7xx_hal_uart.o
    0x90007a4a   0x90007a4a   0x00000006   Data   RO         1442    .rodata..Lswitch.table.UART_SetConfig.7  stm32h7xx_hal_uart.o
    0x90007a50   0x90007a50   0x00000010   Data   RO         1500    .rodata.D1CorePrescTable  system_stm32h7xx.o
    0x90007a60   0x90007a60   0x00000018   Data   RO         1440    .rodata.UARTPrescTable  stm32h7xx_hal_uart.o
    0x90007a78   0x90007a78   0x00000010   Data   RO         1485    .rodata.cst8        stm32h7xx_hal_uart_ex.o
    0x90007a88   0x90007a88   0x00000073   Data   RO         1628    .rodata.str1.1      driver_at24cxx.o
    0x90007afb   0x90007afb   0x00000001   PAD
    0x90007afc   0x90007afc   0x00000020   Data   RO         3636    Region$$Table       anon$$obj.o
    0x90007b1c   0x90007b1c   0x0000001c   Data   RO         3481    locale$$data        c_w.l(lc_numeric_c.o)
    0x90007b38   0x90007b38   0x00000110   Data   RO         3510    locale$$data        c_w.l(lc_ctype_c.o)


    Execution Region RW_IRAM8 (Exec base: 0xd0000000, Load base: 0x90007c60, Size: 0x00000000, Max: 0x02000000, ABSOLUTE, UNINIT)

    **** No section assigned to this execution region ****


==============================================================================

Image component sizes


      Code (inc. data)   RO Data    RW Data    ZI Data      Debug   Object Name

       128         12          0          0       1077       4330   app_azure_rtos.o
       280         56          0          0       1304       5680   app_button.o
         4          0          0          0          0        756   app_threadx.o
       290        136        115          0          0       5744   driver_at24cxx.o
       252         88          0          0         40       2835   driver_at24cxx_basic.o
        38          0          0          0          0       2524   dwt.o
       138          0          0          0          0       2876   gpio.o
       304          0          0          0         84       8141   i2c.o
       768          0          0          0         84      12049   main.o
       578          6          0          0          4       3523   multi_button.o
        64         26        664          0       1536        852   startup_stm32h750xx.o
       252          0          0          0          0       3946   stm32h750xb_driver_at24cxx_interface.o
       190          0          0          5          4      15044   stm32h7xx_hal.o
       302          0          0          0          0      12160   stm32h7xx_hal_cortex.o
       702          0          0          0          0       6952   stm32h7xx_hal_gpio.o
      1762          0          0          0          0      53947   stm32h7xx_hal_i2c.o
       146          0          0          0          0       7554   stm32h7xx_hal_i2c_ex.o
        32          0          0          0          0       2241   stm32h7xx_hal_msp.o
        72          0          0          0          0      10535   stm32h7xx_hal_pwr_ex.o
      2430         16          0          0          0      11366   stm32h7xx_hal_rcc.o
      3542        122          0          0          0      18169   stm32h7xx_hal_rcc_ex.o
       978          0          0          0          0      55311   stm32h7xx_hal_tim.o
         6          0          0          0          0      24525   stm32h7xx_hal_tim_ex.o
       162          0          0          0         76       9865   stm32h7xx_hal_timebase_tim.o
      1744         28         36          0          0      34784   stm32h7xx_hal_uart.o
       280          0         16          0          0      10533   stm32h7xx_hal_uart_ex.o
        24          0          0          0          0       4706   stm32h7xx_it.o
       192          0         16          8          0       5804   system_stm32h7xx.o
       698          0          0          0         40       7761   tx_execution_profile.o
       134          0          0          0         52       6544   tx_initialize_high_level.o
        82          0          0          0          0        665   tx_initialize_kernel_enter.o
       182         32          0          0          0        677   tx_initialize_low_level.o
       206          0          0          0          0       4344   tx_mutex_cleanup.o
       104          0          0          0          0       3908   tx_mutex_create.o
       264          0          0          0          0       4302   tx_mutex_get.o
       194          0          0          0          0       4238   tx_mutex_prioritize.o
       176          0          0          0          0       3992   tx_mutex_priority_change.o
       496          0          0          0          0       4924   tx_mutex_put.o
       326          0          0          0          0       4841   tx_thread_create.o
       132          0          0          4        172       4287   tx_thread_initialize.o
        14          0          0          0          0        483   tx_thread_interrupt_disable.o
         6          0          0          0          0        481   tx_thread_interrupt_restore.o
       256         16          0          0          0        871   tx_thread_schedule.o
        88          0          0          0          0       3895   tx_thread_shell_entry.o
       120          0          0          0          0       3895   tx_thread_sleep.o
       130          0          0          0          0       3866   tx_thread_stack_analyze.o
        64          0          0          0          0        478   tx_thread_stack_build.o
        36          0          0          0          0       3595   tx_thread_stack_error_handler.o
       156          0          0          0          0       3802   tx_thread_system_preempt_check.o
       462          0          0          0          0       4404   tx_thread_system_resume.o
        38          0          0          0          0        503   tx_thread_system_return.o
       588          0          0          0          0       4827   tx_thread_system_suspend.o
       328          0          0          0          0       3962   tx_thread_time_slice.o
        68          0          0          0          0       3871   tx_thread_timeout.o
        40          0          0          0          0        688   tx_timer_expiration_process.o
       272         20          0          0       1396       4601   tx_timer_initialize.o
       184         44          0          0          0        831   tx_timer_interrupt.o
        90          0          0          0          0       1556   tx_timer_system_activate.o
        42          0          0          0          0       1379   tx_timer_system_deactivate.o
       320          0          0          0          0       4485   tx_timer_thread_entry.o
       230          0          0          0          0       4312   txe_mutex_create.o
       114          0          0          0          0       3940   txe_mutex_get.o
        60          0          0          0          0       3829   txe_mutex_put.o
       336          0          0          0          0       4938   txe_thread_create.o
       254          0          0          0        148       8232   usart.o

    ----------------------------------------------------------------------
     23036        614        880         20       6036     464959   Object Totals
         0          0         32          0          0          0   (incl. Generated)
        86         12          1          3         19          0   (incl. Padding)

    ----------------------------------------------------------------------

      Code (inc. data)   RO Data    RW Data    ZI Data      Debug   Library Member Name

        24          4          0          0          0         84   __2printf.o
         8          0          0          0          0         68   __main.o
       392          4         17          0          0         92   __printf_flags_ss_wp.o
        14          0          0          0          0         68   __printf_wp.o
         0          0          0          0          0          0   __rtentry.o
        12          0          0          0          0          0   __rtentry2.o
         6          0          0          0          0          0   __rtentry4.o
        52          8          0          0          0          0   __scatter.o
        26          0          0          0          0          0   __scatter_copy.o
        28          0          0          0          0          0   __scatter_zi.o
        72          0          0          0          0         96   _c16rtomb.o
         6          0          0          0          0          0   _printf_a.o
         6          0          0          0          0          0   _printf_c.o
        44          0          0          0          0        108   _printf_char.o
        48          6          0          0          0         96   _printf_char_common.o
        36          4          0          0          0         80   _printf_char_file.o
        40          0          0          0          0         68   _printf_charcount.o
         6          0          0          0          0          0   _printf_d.o
       120         16          0          0          0         92   _printf_dec.o
         6          0          0          0          0          0   _printf_e.o
         6          0          0          0          0          0   _printf_f.o
      1052          0          0          0          0        148   _printf_fp_dec.o
       764          8         38          0          0        100   _printf_fp_hex.o
       128         16          0          0          0         84   _printf_fp_infnan.o
         6          0          0          0          0          0   _printf_g.o
       148          4         40          0          0        160   _printf_hex_int_ll_ptr.o
         6          0          0          0          0          0   _printf_i.o
       178          0          0          0          0         88   _printf_intcommon.o
        10          0          0          0          0          0   _printf_l.o
         6          0          0          0          0          0   _printf_lc.o
        10          0          0          0          0          0   _printf_ll.o
         6          0          0          0          0          0   _printf_lld.o
         6          0          0          0          0          0   _printf_lli.o
         6          0          0          0          0          0   _printf_llo.o
         6          0          0          0          0          0   _printf_llu.o
         6          0          0          0          0          0   _printf_llx.o
       124         16          0          0          0         92   _printf_longlong_dec.o
         6          0          0          0          0          0   _printf_ls.o
         6          0          0          0          0          0   _printf_n.o
         6          0          0          0          0          0   _printf_o.o
       112          8          0          0          0        124   _printf_oct_int_ll.o
         6          0          0          0          0          0   _printf_p.o
        78          0          0          0          0        108   _printf_pad.o
         0          0          0          0          0          0   _printf_percent.o
         4          0          0          0          0          0   _printf_percent_end.o
         6          0          0          0          0          0   _printf_s.o
        82          0          0          0          0         80   _printf_str.o
        36          0          0          0          0         84   _printf_truncate.o
         6          0          0          0          0          0   _printf_u.o
        44          0          0          0          0        108   _printf_wchar.o
       188          6          8          0          0         92   _printf_wctomb.o
         6          0          0          0          0          0   _printf_x.o
        16          0          0          0          0         68   _snputc.o
        16          0          0          0          0         68   aeabi_memset.o
       228          4        148          0          0         96   bigflt0.o
      1936        128          0          0          0        668   btod.o
        18          0          0          0          0         80   exit.o
         8          0          0          0          0         68   ferror.o
         6          0          0          0          0        152   heapauxi.o
        44         10        272          0          0         76   lc_ctype_c.o
        44         10         28          0          0         76   lc_numeric_c.o
         2          0          0          0          0          0   libinit.o
        34          0          0          0          0          0   libinit2.o
         2          0          0          0          0          0   libshutdown.o
         2          0          0          0          0          0   libshutdown2.o
         8          4          0          0         96         68   libspace.o
       138          0          0          0          0         80   lludiv10.o
       240          0          0          0          0        100   lludivv7m.o
        16          4          0          0          0         76   rt_ctype_table.o
         8          4          0          0          0         68   rt_locale_intlibspace.o
        68          0          0          0          0         68   rt_memclr.o
        78          0          0          0          0         80   rt_memclr_w.o
         2          0          0          0          0          0   rtexit.o
        10          0          0          0          0          0   rtexit2.o
       124          0          0          0          0         88   strcmpv7m_pel.o
        62          0          0          0          0         76   strlen.o
        74          0          0          0          0         80   sys_stackheap_outer.o
         2          0          0          0          0         68   use_no_semi.o
         2          0          0          0          0         68   use_no_semi_2.o
        60          4          0          0          0         80   vsnprintf.o
        26          0          0          0          0        116   fpinit.o
         4          0          0          0          0        116   printf1.o
         4          0          0          0          0        116   printf2.o
         0          0          0          0          0          0   usenofp.o
        48          0          0          0          0        124   fpclassify.o

    ----------------------------------------------------------------------
      7346        268        554          0         96       4944   Library Totals
        16          0          3          0          0          0   (incl. Padding)

    ----------------------------------------------------------------------

      Code (inc. data)   RO Data    RW Data    ZI Data      Debug   Library Name

      7248        268        551          0         96       4472   c_w.l
        34          0          0          0          0        348   fz_wv.l
        48          0          0          0          0        124   m_wv.l

    ----------------------------------------------------------------------
      7346        268        554          0         96       4944   Library Totals

    ----------------------------------------------------------------------

==============================================================================


      Code (inc. data)   RO Data    RW Data    ZI Data      Debug   

     30382        882       1434         20       6132     466139   Grand Totals
     30382        882       1434         20       6132     466139   ELF Image Totals
     30382        882       1434         20          0          0   ROM Totals

==============================================================================

    Total RO  Size (Code + RO Data)                31816 (  31.07kB)
    Total RW  Size (RW Data + ZI Data)              6152 (   6.01kB)
    Total ROM Size (Code + RO Data + RW Data)      31836 (  31.09kB)

==============================================================================

