Component: Arm Compiler for Embedded 6.19 Tool: armlink [5e73cb00]

==============================================================================

Section Cross References

    startup_stm32h750xx.o(STACK) refers (Special) to heapauxi.o(.text) for __use_two_region_memory
    startup_stm32h750xx.o(HEAP) refers (Special) to heapauxi.o(.text) for __use_two_region_memory
    startup_stm32h750xx.o(RESET) refers (Special) to heapauxi.o(.text) for __use_two_region_memory
    startup_stm32h750xx.o(RESET) refers to startup_stm32h750xx.o(STACK) for __initial_sp
    startup_stm32h750xx.o(RESET) refers to startup_stm32h750xx.o(.text) for Reset_Handler
    startup_stm32h750xx.o(RESET) refers to stm32h7xx_it.o(.text.NMI_Handler) for NMI_Handler
    startup_stm32h750xx.o(RESET) refers to stm32h7xx_it.o(.text.HardFault_Handler) for HardFault_Handler
    startup_stm32h750xx.o(RESET) refers to stm32h7xx_it.o(.text.MemManage_Handler) for MemManage_Handler
    startup_stm32h750xx.o(RESET) refers to stm32h7xx_it.o(.text.BusFault_Handler) for BusFault_Handler
    startup_stm32h750xx.o(RESET) refers to stm32h7xx_it.o(.text.UsageFault_Handler) for UsageFault_Handler
    startup_stm32h750xx.o(RESET) refers to stm32h7xx_it.o(.text.DebugMon_Handler) for DebugMon_Handler
    startup_stm32h750xx.o(RESET) refers to tx_thread_schedule.o(.text) for PendSV_Handler
    startup_stm32h750xx.o(RESET) refers to tx_initialize_low_level.o(.text) for SysTick_Handler
    startup_stm32h750xx.o(RESET) refers to stm32h7xx_it.o(.text.TIM7_IRQHandler) for TIM7_IRQHandler
    startup_stm32h750xx.o(.text) refers (Special) to heapauxi.o(.text) for __use_two_region_memory
    startup_stm32h750xx.o(.text) refers to system_stm32h7xx.o(.text.SystemInit) for SystemInit
    startup_stm32h750xx.o(.text) refers to __main.o(!!!main) for __main
    startup_stm32h750xx.o(.text) refers to startup_stm32h750xx.o(HEAP) for Heap_Mem
    startup_stm32h750xx.o(.text) refers to startup_stm32h750xx.o(STACK) for Stack_Mem
    dwt.o(.ARM.exidx.text.dwt_init) refers to dwt.o(.text.dwt_init) for [Anonymous Symbol]
    dwt.o(.text.dwt_delay_ms) refers to system_stm32h7xx.o(.data.SystemCoreClock) for SystemCoreClock
    dwt.o(.ARM.exidx.text.dwt_delay_ms) refers to dwt.o(.text.dwt_delay_ms) for [Anonymous Symbol]
    dwt.o(.text.dwt_delay_us) refers to system_stm32h7xx.o(.data.SystemCoreClock) for SystemCoreClock
    dwt.o(.ARM.exidx.text.dwt_delay_us) refers to dwt.o(.text.dwt_delay_us) for [Anonymous Symbol]
    dwt.o(.ARM.exidx.text.dwt_delay_ticks) refers to dwt.o(.text.dwt_delay_ticks) for [Anonymous Symbol]
    main.o(.text) refers (Special) to use_no_semi_2.o(.text) for __use_no_semihosting
    main.o(.text.main) refers (Special) to use_no_semi_2.o(.text) for __use_no_semihosting
    main.o(.text.main) refers to dwt.o(.text.dwt_init) for dwt_init
    main.o(.text.main) refers to stm32h7xx_hal.o(.text.HAL_Init) for HAL_Init
    main.o(.text.main) refers to stm32h7xx_hal_cortex.o(.text.HAL_MPU_Disable) for HAL_MPU_Disable
    main.o(.text.main) refers to stm32h7xx_hal_cortex.o(.text.HAL_MPU_ConfigRegion) for HAL_MPU_ConfigRegion
    main.o(.text.main) refers to stm32h7xx_hal_cortex.o(.text.HAL_MPU_Enable) for HAL_MPU_Enable
    main.o(.text.main) refers to main.o(.text.SystemClock_Config) for SystemClock_Config
    main.o(.text.main) refers to gpio.o(.text.MX_GPIO_Init) for MX_GPIO_Init
    main.o(.text.main) refers to usart.o(.text.MX_USART1_UART_Init) for MX_USART1_UART_Init
    main.o(.text.main) refers to driver_at24cxx_basic.o(.text.at24cxx_basic_init) for at24cxx_basic_init
    main.o(.text.main) refers to app_threadx.o(.text.MX_ThreadX_Init) for MX_ThreadX_Init
    main.o(.ARM.exidx.text.main) refers (Special) to use_no_semi_2.o(.text) for __use_no_semihosting
    main.o(.ARM.exidx.text.main) refers to main.o(.text.main) for [Anonymous Symbol]
    main.o(.text.SystemClock_Config) refers (Special) to use_no_semi_2.o(.text) for __use_no_semihosting
    main.o(.text.SystemClock_Config) refers to rt_memclr_w.o(.text) for __aeabi_memclr4
    main.o(.text.SystemClock_Config) refers to stm32h7xx_hal_pwr_ex.o(.text.HAL_PWREx_ConfigSupply) for HAL_PWREx_ConfigSupply
    main.o(.text.SystemClock_Config) refers to stm32h7xx_hal_rcc.o(.text.HAL_RCC_OscConfig) for HAL_RCC_OscConfig
    main.o(.text.SystemClock_Config) refers to stm32h7xx_hal_rcc.o(.text.HAL_RCC_ClockConfig) for HAL_RCC_ClockConfig
    main.o(.ARM.exidx.text.SystemClock_Config) refers (Special) to use_no_semi_2.o(.text) for __use_no_semihosting
    main.o(.ARM.exidx.text.SystemClock_Config) refers to main.o(.text.SystemClock_Config) for [Anonymous Symbol]
    main.o(.text.Error_Handler) refers (Special) to use_no_semi_2.o(.text) for __use_no_semihosting
    main.o(.ARM.exidx.text.Error_Handler) refers (Special) to use_no_semi_2.o(.text) for __use_no_semihosting
    main.o(.ARM.exidx.text.Error_Handler) refers to main.o(.text.Error_Handler) for [Anonymous Symbol]
[...]
    EXTI0_IRQHandler                         0x900003ff   Thumb Code     0  startup_stm32h750xx.o(.text)
    EXTI15_10_IRQHandler                     0x900003ff   Thumb Code     0  startup_stm32h750xx.o(.text)
    EXTI1_IRQHandler                         0x900003ff   Thumb Code     0  startup_stm32h750xx.o(.text)
    EXTI2_IRQHandler                         0x900003ff   Thumb Code     0  startup_stm32h750xx.o(.text)
    EXTI3_IRQHandler                         0x900003ff   Thumb Code     0  startup_stm32h750xx.o(.text)
    EXTI4_IRQHandler                         0x900003ff   Thumb Code     0  startup_stm32h750xx.o(.text)
    EXTI9_5_IRQHandler                       0x900003ff   Thumb Code     0  startup_stm32h750xx.o(.text)
    FDCAN1_IT0_IRQHandler                    0x900003ff   Thumb Code     0  startup_stm32h750xx.o(.text)
    FDCAN1_IT1_IRQHandler                    0x900003ff   Thumb Code     0  startup_stm32h750xx.o(.text)
    FDCAN2_IT0_IRQHandler                    0x900003ff   Thumb Code     0  startup_stm32h750xx.o(.text)
    FDCAN2_IT1_IRQHandler                    0x900003ff   Thumb Code     0  startup_stm32h750xx.o(.text)
    FDCAN_CAL_IRQHandler                     0x900003ff   Thumb Code     0  startup_stm32h750xx.o(.text)
    FLASH_IRQHandler                         0x900003ff   Thumb Code     0  startup_stm32h750xx.o(.text)
    FMC_IRQHandler                           0x900003ff   Thumb Code     0  startup_stm32h750xx.o(.text)
    FPU_IRQHandler                           0x900003ff   Thumb Code     0  startup_stm32h750xx.o(.text)
    HASH_RNG_IRQHandler                      0x900003ff   Thumb Code     0  startup_stm32h750xx.o(.text)
    HRTIM1_FLT_IRQHandler                    0x900003ff   Thumb Code     0  startup_stm32h750xx.o(.text)
    HRTIM1_Master_IRQHandler                 0x900003ff   Thumb Code     0  startup_stm32h750xx.o(.text)
    HRTIM1_TIMA_IRQHandler                   0x900003ff   Thumb Code     0  startup_stm32h750xx.o(.text)
    HRTIM1_TIMB_IRQHandler                   0x900003ff   Thumb Code     0  startup_stm32h750xx.o(.text)
    HRTIM1_TIMC_IRQHandler                   0x900003ff   Thumb Code     0  startup_stm32h750xx.o(.text)
    HRTIM1_TIMD_IRQHandler                   0x900003ff   Thumb Code     0  startup_stm32h750xx.o(.text)
    HRTIM1_TIME_IRQHandler                   0x900003ff   Thumb Code     0  startup_stm32h750xx.o(.text)
    HSEM1_IRQHandler                         0x900003ff   Thumb Code     0  startup_stm32h750xx.o(.text)
    I2C1_ER_IRQHandler                       0x900003ff   Thumb Code     0  startup_stm32h750xx.o(.text)
    I2C1_EV_IRQHandler                       0x900003ff   Thumb Code     0  startup_stm32h750xx.o(.text)
    I2C2_ER_IRQHandler                       0x900003ff   Thumb Code     0  startup_stm32h750xx.o(.text)
    I2C2_EV_IRQHandler                       0x900003ff   Thumb Code     0  startup_stm32h750xx.o(.text)
    I2C3_ER_IRQHandler                       0x900003ff   Thumb Code     0  startup_stm32h750xx.o(.text)
    I2C3_EV_IRQHandler                       0x900003ff   Thumb Code     0  startup_stm32h750xx.o(.text)
    I2C4_ER_IRQHandler                       0x900003ff   Thumb Code     0  startup_stm32h750xx.o(.text)
    I2C4_EV_IRQHandler                       0x900003ff   Thumb Code     0  startup_stm32h750xx.o(.text)
    JPEG_IRQHandler                          0x900003ff   Thumb Code     0  startup_stm32h750xx.o(.text)
    LPTIM1_IRQHandler                        0x900003ff   Thumb Code     0  startup_stm32h750xx.o(.text)
    LPTIM2_IRQHandler                        0x900003ff   Thumb Code     0  startup_stm32h750xx.o(.text)
    LPTIM3_IRQHandler                        0x900003ff   Thumb Code     0  startup_stm32h750xx.o(.text)
    LPTIM4_IRQHandler                        0x900003ff   Thumb Code     0  startup_stm32h750xx.o(.text)
    LPTIM5_IRQHandler                        0x900003ff   Thumb Code     0  startup_stm32h750xx.o(.text)
    LPUART1_IRQHandler                       0x900003ff   Thumb Code     0  startup_stm32h750xx.o(.text)
    LTDC_ER_IRQHandler                       0x900003ff   Thumb Code     0  startup_stm32h750xx.o(.text)
    LTDC_IRQHandler                          0x900003ff   Thumb Code     0  startup_stm32h750xx.o(.text)
    MDIOS_IRQHandler                         0x900003ff   Thumb Code     0  startup_stm32h750xx.o(.text)
    MDIOS_WKUP_IRQHandler                    0x900003ff   Thumb Code     0  startup_stm32h750xx.o(.text)
    MDMA_IRQHandler                          0x900003ff   Thumb Code     0  startup_stm32h750xx.o(.text)
    OTG_FS_EP1_IN_IRQHandler                 0x900003ff   Thumb Code     0  startup_stm32h750xx.o(.text)
    OTG_FS_EP1_OUT_IRQHandler                0x900003ff   Thumb Code     0  startup_stm32h750xx.o(.text)
    OTG_FS_IRQHandler                        0x900003ff   Thumb Code     0  startup_stm32h750xx.o(.text)
    OTG_FS_WKUP_IRQHandler                   0x900003ff   Thumb Code     0  startup_stm32h750xx.o(.text)
    OTG_HS_EP1_IN_IRQHandler                 0x900003ff   Thumb Code     0  startup_stm32h750xx.o(.text)
    OTG_HS_EP1_OUT_IRQHandler                0x900003ff   Thumb Code     0  startup_stm32h750xx.o(.text)
    OTG_HS_IRQHandler                        0x900003ff   Thumb Code     0  startup_stm32h750xx.o(.text)
    OTG_HS_WKUP_IRQHandler                   0x900003ff   Thumb Code     0  startup_stm32h750xx.o(.text)
    PVD_AVD_IRQHandler                       0x900003ff   Thumb Code     0  startup_stm32h750xx.o(.text)
    QUADSPI_IRQHandler                       0x900003ff   Thumb Code     0  startup_stm32h750xx.o(.text)
    RCC_IRQHandler                           0x900003ff   Thumb Code     0  startup_stm32h750xx.o(.text)
    RTC_Alarm_IRQHandler                     0x900003ff   Thumb Code     0  startup_stm32h750xx.o(.text)
    RTC_WKUP_IRQHandler                      0x900003ff   Thumb Code     0  startup_stm32h750xx.o(.text)
    SAI1_IRQHandler                          0x900003ff   Thumb Code     0  startup_stm32h750xx.o(.text)
    SAI2_IRQHandler                          0x900003ff   Thumb Code     0  startup_stm32h750xx.o(.text)
    SAI3_IRQHandler                          0x900003ff   Thumb Code     0  startup_stm32h750xx.o(.text)
    SAI4_IRQHandler                          0x900003ff   Thumb Code     0  startup_stm32h750xx.o(.text)
    SDMMC1_IRQHandler                        0x900003ff   Thumb Code     0  startup_stm32h750xx.o(.text)
    SDMMC2_IRQHandler                        0x900003ff   Thumb Code     0  startup_stm32h750xx.o(.text)
    SPDIF_RX_IRQHandler                      0x900003ff   Thumb Code     0  startup_stm32h750xx.o(.text)
    SPI1_IRQHandler                          0x900003ff   Thumb Code     0  startup_stm32h750xx.o(.text)
    SPI2_IRQHandler                          0x900003ff   Thumb Code     0  startup_stm32h750xx.o(.text)
    SPI3_IRQHandler                          0x900003ff   Thumb Code     0  startup_stm32h750xx.o(.text)
    SPI4_IRQHandler                          0x900003ff   Thumb Code     0  startup_stm32h750xx.o(.text)
    SPI5_IRQHandler                          0x900003ff   Thumb Code     0  startup_stm32h750xx.o(.text)
    SPI6_IRQHandler                          0x900003ff   Thumb Code     0  startup_stm32h750xx.o(.text)
    SWPMI1_IRQHandler                        0x900003ff   Thumb Code     0  startup_stm32h750xx.o(.text)
    TAMP_STAMP_IRQHandler                    0x900003ff   Thumb Code     0  startup_stm32h750xx.o(.text)
    TIM15_IRQHandler                         0x900003ff   Thumb Code     0  startup_stm32h750xx.o(.text)
    TIM16_IRQHandler                         0x900003ff   Thumb Code     0  startup_stm32h750xx.o(.text)
    TIM17_IRQHandler                         0x900003ff   Thumb Code     0  startup_stm32h750xx.o(.text)
    TIM1_BRK_IRQHandler                      0x900003ff   Thumb Code     0  startup_stm32h750xx.o(.text)
    TIM1_CC_IRQHandler                       0x900003ff   Thumb Code     0  startup_stm32h750xx.o(.text)
    TIM1_TRG_COM_IRQHandler                  0x900003ff   Thumb Code     0  startup_stm32h750xx.o(.text)
    TIM1_UP_IRQHandler                       0x900003ff   Thumb Code     0  startup_stm32h750xx.o(.text)
    TIM2_IRQHandler                          0x900003ff   Thumb Code     0  startup_stm32h750xx.o(.text)
    TIM3_IRQHandler                          0x900003ff   Thumb Code     0  startup_stm32h750xx.o(.text)
    TIM4_IRQHandler                          0x900003ff   Thumb Code     0  startup_stm32h750xx.o(.text)
    TIM5_IRQHandler                          0x900003ff   Thumb Code     0  startup_stm32h750xx.o(.text)
    TIM6_DAC_IRQHandler                      0x900003ff   Thumb Code     0  startup_stm32h750xx.o(.text)
    TIM8_BRK_TIM12_IRQHandler                0x900003ff   Thumb Code     0  startup_stm32h750xx.o(.text)
    TIM8_CC_IRQHandler                       0x900003ff   Thumb Code     0  startup_stm32h750xx.o(.text)
    TIM8_TRG_COM_TIM14_IRQHandler            0x900003ff   Thumb Code     0  startup_stm32h750xx.o(.text)
    TIM8_UP_TIM13_IRQHandler                 0x900003ff   Thumb Code     0  startup_stm32h750xx.o(.text)
    UART4_IRQHandler                         0x900003ff   Thumb Code     0  startup_stm32h750xx.o(.text)
    UART5_IRQHandler                         0x900003ff   Thumb Code     0  startup_stm32h750xx.o(.text)
    UART7_IRQHandler                         0x900003ff   Thumb Code     0  startup_stm32h750xx.o(.text)
    UART8_IRQHandler                         0x900003ff   Thumb Code     0  startup_stm32h750xx.o(.text)
    USART1_IRQHandler                        0x900003ff   Thumb Code     0  startup_stm32h750xx.o(.text)
    USART2_IRQHandler                        0x900003ff   Thumb Code     0  startup_stm32h750xx.o(.text)
    USART3_IRQHandler                        0x900003ff   Thumb Code     0  startup_stm32h750xx.o(.text)
    USART6_IRQHandler                        0x900003ff   Thumb Code     0  startup_stm32h750xx.o(.text)
    WAKEUP_PIN_IRQHandler                    0x900003ff   Thumb Code     0  startup_stm32h750xx.o(.text)
    WWDG_IRQHandler                          0x900003ff   Thumb Code     0  startup_stm32h750xx.o(.text)
    __user_initial_stackheap                 0x90000401   Thumb Code     0  startup_stm32h750xx.o(.text)
    _tx_initialize_low_level                 0x90000451   Thumb Code     0  tx_initialize_low_level.o(.text)
    __tx_BadHandler                          0x900004af   Thumb Code     0  tx_initialize_low_level.o(.text)
    __tx_HardfaultHandler                    0x900004b3   Thumb Code     0  tx_initialize_low_level.o(.text)
    __tx_SVCallHandler                       0x900004b7   Thumb Code     0  tx_initialize_low_level.o(.text)
    __tx_IntHandler                          0x900004bb   Thumb Code     0  tx_initialize_low_level.o(.text)
    SysTick_Handler                          0x900004c3   Thumb Code     0  tx_initialize_low_level.o(.text)
    __tx_SysTickHandler                      0x900004c3   Thumb Code     0  tx_initialize_low_level.o(.text)
    __tx_NMIHandler                          0x900004cf   Thumb Code     0  tx_initialize_low_level.o(.text)
    __tx_DBGHandler                          0x900004d3   Thumb Code     0  tx_initialize_low_level.o(.text)
    _tx_thread_interrupt_disable             0x900004e1   Thumb Code     0  tx_thread_interrupt_disable.o(.text)
    _tx_thread_interrupt_restore             0x900004f1   Thumb Code     0  tx_thread_interrupt_restore.o(.text)
    _tx_thread_schedule                      0x90000501   Thumb Code     0  tx_thread_schedule.o(.text)
    PendSV_Handler                           0x9000052d   Thumb Code     0  tx_thread_schedule.o(.text)
    __tx_PendSVHandler                       0x9000052d   Thumb Code     0  tx_thread_schedule.o(.text)
    tx_thread_fpu_disable                    0x900005cd   Thumb Code     0  tx_thread_schedule.o(.text)
    tx_thread_fpu_enable                     0x900005cd   Thumb Code     0  tx_thread_schedule.o(.text)
    _tx_thread_stack_build                   0x900005e1   Thumb Code     0  tx_thread_stack_build.o(.text)
    _tx_thread_system_return                 0x90000621   Thumb Code     0  tx_thread_system_return.o(.text)
    _tx_timer_interrupt                      0x90000651   Thumb Code     0  tx_timer_interrupt.o(.text)
    __use_no_semihosting                     0x90000709   Thumb Code     2  use_no_semi_2.o(.text)
    __aeabi_uldivmod                         0x9000070b   Thumb Code     0  lludivv7m.o(.text)
    _ll_udiv                                 0x9000070b   Thumb Code   240  lludivv7m.o(.text)
    vsnprintf                                0x900007fd   Thumb Code    56  vsnprintf.o(.text)
    __2printf                                0x90000839   Thumb Code    20  __2printf.o(.text)
    _printf_str                              0x90000851   Thumb Code    82  _printf_str.o(.text)
    __printf                                 0x900008a5   Thumb Code   388  __printf_flags_ss_wp.o(.text)
    strlen                                   0x90000a2d   Thumb Code    62  strlen.o(.text)
    __aeabi_memset                           0x90000a6b   Thumb Code    16  aeabi_memset.o(.text)
    __aeabi_memclr4                          0x90000a7b   Thumb Code     0  rt_memclr_w.o(.text)
    __aeabi_memclr8                          0x90000a7b   Thumb Code     0  rt_memclr_w.o(.text)
    __rt_memclr_w                            0x90000a7b   Thumb Code     0  rt_memclr_w.o(.text)
    _memset_w                                0x90000a7f   Thumb Code    74  rt_memclr_w.o(.text)
    __use_two_region_memory                  0x90000ac9   Thumb Code     2  heapauxi.o(.text)
    __rt_heap_escrow$2region                 0x90000acb   Thumb Code     2  heapauxi.o(.text)
    __rt_heap_expand$2region                 0x90000acd   Thumb Code     2  heapauxi.o(.text)
    __I$use$semihosting                      0x90000acf   Thumb Code     0  use_no_semi.o(.text)
    __use_no_semihosting_swi                 0x90000acf   Thumb Code     2  use_no_semi.o(.text)
    _printf_pre_padding                      0x90000ad1   Thumb Code    44  _printf_pad.o(.text)
    _printf_post_padding                     0x90000afd   Thumb Code    34  _printf_pad.o(.text)
    _printf_truncate_signed                  0x90000b1f   Thumb Code    18  _printf_truncate.o(.text)
    _printf_truncate_unsigned                0x90000b31   Thumb Code    18  _printf_truncate.o(.text)
    _printf_int_dec                          0x90000b45   Thumb Code   104  _printf_dec.o(.text)
    _printf_charcount                        0x90000bbd   Thumb Code    40  _printf_charcount.o(.text)
    _printf_char_common                      0x90000bef   Thumb Code    32  _printf_char_common.o(.text)
    _snputc                                  0x90000c15   Thumb Code    16  _snputc.o(.text)
    _printf_cs_common                        0x90000c25   Thumb Code    20  _printf_char.o(.text)
    _printf_char                             0x90000c39   Thumb Code    16  _printf_char.o(.text)
    _printf_string                           0x90000c49   Thumb Code     8  _printf_char.o(.text)
    _printf_char_file                        0x90000c51   Thumb Code    32  _printf_char_file.o(.text)
    _printf_wctomb                           0x90000c75   Thumb Code   182  _printf_wctomb.o(.text)
    _printf_longlong_dec                     0x90000d31   Thumb Code   108  _printf_longlong_dec.o(.text)
    _printf_longlong_oct                     0x90000dad   Thumb Code    68  _printf_oct_int_ll.o(.text)
    _printf_int_oct                          0x90000df1   Thumb Code    24  _printf_oct_int_ll.o(.text)
    _printf_ll_oct                           0x90000e09   Thumb Code    12  _printf_oct_int_ll.o(.text)
    _printf_longlong_hex                     0x90000e1d   Thumb Code    86  _printf_hex_int_ll_ptr.o(.text)
    _printf_int_hex                          0x90000e73   Thumb Code    28  _printf_hex_int_ll_ptr.o(.text)
    _printf_ll_hex                           0x90000e8f   Thumb Code    12  _printf_hex_int_ll_ptr.o(.text)
    _printf_hex_ptr                          0x90000e9b   Thumb Code    18  _printf_hex_int_ll_ptr.o(.text)
    __aeabi_memclr                           0x90000eb1   Thumb Code     0  rt_memclr.o(.text)
    __rt_memclr                              0x90000eb1   Thumb Code     0  rt_memclr.o(.text)
    _memset                                  0x90000eb5   Thumb Code    64  rt_memclr.o(.text)
    _ll_udiv10                               0x90000ef5   Thumb Code   138  lludiv10.o(.text)
    _printf_int_common                       0x90000f7f   Thumb Code   178  _printf_intcommon.o(.text)
    _printf_fp_dec_real                      0x900011e1   Thumb Code   620  _printf_fp_dec.o(.text)
    _printf_fp_hex_real                      0x9000144d   Thumb Code   756  _printf_fp_hex.o(.text)
    _printf_lcs_common                       0x90001749   Thumb Code    20  _printf_wchar.o(.text)
    _printf_wchar                            0x9000175d   Thumb Code    16  _printf_wchar.o(.text)
    _printf_wstring                          0x9000176d   Thumb Code     8  _printf_wchar.o(.text)
    ferror                                   0x90001775   Thumb Code     8  ferror.o(.text)
    _c16rtomb                                0x9000177d   Thumb Code    72  _c16rtomb.o(.text)
    _wcrtomb                                 0x9000177d   Thumb Code     0  _c16rtomb.o(.text)
    __user_setup_stackheap                   0x900017c5   Thumb Code    74  sys_stackheap_outer.o(.text)
    __rt_ctype_table                         0x90001811   Thumb Code    16  rt_ctype_table.o(.text)
    __rt_locale                              0x90001821   Thumb Code     8  rt_locale_intlibspace.o(.text)
    _printf_fp_infnan                        0x90001829   Thumb Code   112  _printf_fp_infnan.o(.text)
    _btod_etento                             0x900018a9   Thumb Code   224  bigflt0.o(.text)
    exit                                     0x9000198d   Thumb Code    18  exit.o(.text)
    __user_libspace                          0x900019a1   Thumb Code     8  libspace.o(.text)
    __user_perproc_libspace                  0x900019a1   Thumb Code     0  libspace.o(.text)
    __user_perthread_libspace                0x900019a1   Thumb Code     0  libspace.o(.text)
    strcmp                                   0x900019a9   Thumb Code   124  strcmpv7m_pel.o(.text)
    BusFault_Handler                         0x90001a25   Thumb Code     2  stm32h7xx_it.o(.text.BusFault_Handler)
    DebugMon_Handler                         0x90001a27   Thumb Code     2  stm32h7xx_it.o(.text.DebugMon_Handler)
    Error_Handler                            0x90001a29   Thumb Code    10  main.o(.text.Error_Handler)
    HAL_Delay                                0x90001a35   Thumb Code    40  stm32h7xx_hal.o(.text.HAL_Delay)
    HAL_GPIO_DeInit                          0x90001a5d   Thumb Code   264  stm32h7xx_hal_gpio.o(.text.HAL_GPIO_DeInit)
    HAL_GPIO_Init                            0x90001b65   Thumb Code   428  stm32h7xx_hal_gpio.o(.text.HAL_GPIO_Init)
    HAL_GetREVID                             0x90001d11   Thumb Code    14  stm32h7xx_hal.o(.text.HAL_GetREVID)
    HAL_GetTick                              0x90001d1f   Thumb Code    12  stm32h7xx_hal.o(.text.HAL_GetTick)
    HAL_I2CEx_ConfigAnalogFilter             0x90001d2b   Thumb Code    74  stm32h7xx_hal_i2c_ex.o(.text.HAL_I2CEx_ConfigAnalogFilter)
    HAL_I2CEx_ConfigDigitalFilter            0x90001d75   Thumb Code    72  stm32h7xx_hal_i2c_ex.o(.text.HAL_I2CEx_ConfigDigitalFilter)
    HAL_I2C_DeInit                           0x90001dbd   Thumb Code    52  stm32h7xx_hal_i2c.o(.text.HAL_I2C_DeInit)
    HAL_I2C_Init                             0x90001df1   Thumb Code   160  stm32h7xx_hal_i2c.o(.text.HAL_I2C_Init)
    HAL_I2C_Mem_Read                         0x90001e91   Thumb Code   490  stm32h7xx_hal_i2c.o(.text.HAL_I2C_Mem_Read)
    HAL_I2C_Mem_Write                        0x9000207b   Thumb Code   484  stm32h7xx_hal_i2c.o(.text.HAL_I2C_Mem_Write)
    HAL_I2C_MspDeInit                        0x9000225f   Thumb Code    66  i2c.o(.text.HAL_I2C_MspDeInit)
    HAL_I2C_MspInit                          0x900022a1   Thumb Code   132  i2c.o(.text.HAL_I2C_MspInit)
    HAL_IncTick                              0x90002325   Thumb Code    26  stm32h7xx_hal.o(.text.HAL_IncTick)
    HAL_Init                                 0x9000233f   Thumb Code    98  stm32h7xx_hal.o(.text.HAL_Init)
    HAL_InitTick                             0x900023a1   Thumb Code   162  stm32h7xx_hal_timebase_tim.o(.text.HAL_InitTick)
    HAL_MPU_ConfigRegion                     0x90002443   Thumb Code    90  stm32h7xx_hal_cortex.o(.text.HAL_MPU_ConfigRegion)
    HAL_MPU_Disable                          0x9000249d   Thumb Code    26  stm32h7xx_hal_cortex.o(.text.HAL_MPU_Disable)
    HAL_MPU_Enable                           0x900024b7   Thumb Code    32  stm32h7xx_hal_cortex.o(.text.HAL_MPU_Enable)
    HAL_MspInit                              0x900024d7   Thumb Code    32  stm32h7xx_hal_msp.o(.text.HAL_MspInit)
    HAL_NVIC_EnableIRQ                       0x900024f7   Thumb Code    32  stm32h7xx_hal_cortex.o(.text.HAL_NVIC_EnableIRQ)
    HAL_NVIC_SetPriority                     0x90002517   Thumb Code    90  stm32h7xx_hal_cortex.o(.text.HAL_NVIC_SetPriority)
    HAL_NVIC_SetPriorityGrouping             0x90002571   Thumb Code    32  stm32h7xx_hal_cortex.o(.text.HAL_NVIC_SetPriorityGrouping)
    HAL_PWREx_ConfigSupply                   0x90002591   Thumb Code    72  stm32h7xx_hal_pwr_ex.o(.text.HAL_PWREx_ConfigSupply)
    HAL_RCCEx_GetD3PCLK1Freq                 0x900025d9   Thumb Code    38  stm32h7xx_hal_rcc_ex.o(.text.HAL_RCCEx_GetD3PCLK1Freq)
    HAL_RCCEx_GetPLL2ClockFreq               0x90002601   Thumb Code   292  stm32h7xx_hal_rcc_ex.o(.text.HAL_RCCEx_GetPLL2ClockFreq)
    HAL_RCCEx_GetPLL3ClockFreq               0x90002725   Thumb Code   292  stm32h7xx_hal_rcc_ex.o(.text.HAL_RCCEx_GetPLL3ClockFreq)
    HAL_RCCEx_PeriphCLKConfig                0x90002849   Thumb Code  2396  stm32h7xx_hal_rcc_ex.o(.text.HAL_RCCEx_PeriphCLKConfig)
    HAL_RCC_ClockConfig                      0x900031a5   Thumb Code   586  stm32h7xx_hal_rcc.o(.text.HAL_RCC_ClockConfig)
    HAL_RCC_GetClockConfig                   0x900033ef   Thumb Code    88  stm32h7xx_hal_rcc.o(.text.HAL_RCC_GetClockConfig)
    HAL_RCC_GetHCLKFreq                      0x90003447   Thumb Code    76  stm32h7xx_hal_rcc.o(.text.HAL_RCC_GetHCLKFreq)
    HAL_RCC_GetPCLK1Freq                     0x90003493   Thumb Code    38  stm32h7xx_hal_rcc.o(.text.HAL_RCC_GetPCLK1Freq)
    HAL_RCC_GetPCLK2Freq                     0x900034b9   Thumb Code    38  stm32h7xx_hal_rcc.o(.text.HAL_RCC_GetPCLK2Freq)
    HAL_RCC_GetSysClockFreq                  0x900034e1   Thumb Code   268  stm32h7xx_hal_rcc.o(.text.HAL_RCC_GetSysClockFreq)
    HAL_RCC_OscConfig                        0x900035ed   Thumb Code  1336  stm32h7xx_hal_rcc.o(.text.HAL_RCC_OscConfig)
    HAL_TIMEx_Break2Callback                 0x90003b25   Thumb Code     2  stm32h7xx_hal_tim_ex.o(.text.HAL_TIMEx_Break2Callback)
    HAL_TIMEx_BreakCallback                  0x90003b27   Thumb Code     2  stm32h7xx_hal_tim_ex.o(.text.HAL_TIMEx_BreakCallback)
    HAL_TIMEx_CommutCallback                 0x90003b29   Thumb Code     2  stm32h7xx_hal_tim_ex.o(.text.HAL_TIMEx_CommutCallback)
    HAL_TIM_Base_Init                        0x90003b2b   Thumb Code    96  stm32h7xx_hal_tim.o(.text.HAL_TIM_Base_Init)
    HAL_TIM_Base_MspInit                     0x90003b8b   Thumb Code     2  stm32h7xx_hal_tim.o(.text.HAL_TIM_Base_MspInit)
    HAL_TIM_Base_Start_IT                    0x90003b8d   Thumb Code   174  stm32h7xx_hal_tim.o(.text.HAL_TIM_Base_Start_IT)
    HAL_TIM_IC_CaptureCallback               0x90003c3b   Thumb Code     2  stm32h7xx_hal_tim.o(.text.HAL_TIM_IC_CaptureCallback)
    HAL_TIM_IRQHandler                       0x90003c3d   Thumb Code   392  stm32h7xx_hal_tim.o(.text.HAL_TIM_IRQHandler)
    HAL_TIM_OC_DelayElapsedCallback          0x90003dc5   Thumb Code     2  stm32h7xx_hal_tim.o(.text.HAL_TIM_OC_DelayElapsedCallback)
    HAL_TIM_PWM_PulseFinishedCallback        0x90003dc7   Thumb Code     2  stm32h7xx_hal_tim.o(.text.HAL_TIM_PWM_PulseFinishedCallback)
    HAL_TIM_PeriodElapsedCallback            0x90003dc9   Thumb Code    20  main.o(.text.HAL_TIM_PeriodElapsedCallback)
    HAL_TIM_TriggerCallback                  0x90003ddd   Thumb Code     2  stm32h7xx_hal_tim.o(.text.HAL_TIM_TriggerCallback)
    HAL_UARTEx_DisableFifoMode               0x90003ddf   Thumb Code    54  stm32h7xx_hal_uart_ex.o(.text.HAL_UARTEx_DisableFifoMode)
    HAL_UARTEx_SetRxFifoThreshold            0x90003e15   Thumb Code    74  stm32h7xx_hal_uart_ex.o(.text.HAL_UARTEx_SetRxFifoThreshold)
    HAL_UARTEx_SetTxFifoThreshold            0x90003e5f   Thumb Code    74  stm32h7xx_hal_uart_ex.o(.text.HAL_UARTEx_SetTxFifoThreshold)
    HAL_UART_Init                            0x90003ea9   Thumb Code   100  stm32h7xx_hal_uart.o(.text.HAL_UART_Init)
    HAL_UART_MspInit                         0x90003f0d   Thumb Code   130  usart.o(.text.HAL_UART_MspInit)
    HAL_UART_Transmit                        0x90003f91   Thumb Code   190  stm32h7xx_hal_uart.o(.text.HAL_UART_Transmit)
    HardFault_Handler                        0x90004051   Thumb Code     2  stm32h7xx_it.o(.text.HardFault_Handler)
    MX_GPIO_Init                             0x90004299   Thumb Code    86  gpio.o(.text.MX_GPIO_Init)
    MX_I2C1_Init                             0x900042ef   Thumb Code   106  i2c.o(.text.MX_I2C1_Init)
    MX_ThreadX_Init                          0x90004359   Thumb Code     4  app_threadx.o(.text.MX_ThreadX_Init)
    MX_USART1_UART_Init                      0x9000435d   Thumb Code   124  usart.o(.text.MX_USART1_UART_Init)
    MemManage_Handler                        0x900043d9   Thumb Code     2  stm32h7xx_it.o(.text.MemManage_Handler)
    NMI_Handler                              0x900043dd   Thumb Code     2  stm32h7xx_it.o(.text.NMI_Handler)
    SystemClock_Config                       0x900045f1   Thumb Code   262  main.o(.text.SystemClock_Config)
    SystemInit                               0x900046f7   Thumb Code   192  system_stm32h7xx.o(.text.SystemInit)
    TIM7_IRQHandler                          0x900047b7   Thumb Code    12  stm32h7xx_it.o(.text.TIM7_IRQHandler)
    TIM_Base_SetConfig                       0x900047c3   Thumb Code   306  stm32h7xx_hal_tim.o(.text.TIM_Base_SetConfig)
    UART_AdvFeatureConfig                    0x90004943   Thumb Code   198  stm32h7xx_hal_uart.o(.text.UART_AdvFeatureConfig)
    UART_CheckIdleState                      0x90004a09   Thumb Code   184  stm32h7xx_hal_uart.o(.text.UART_CheckIdleState)
    UART_SetConfig                           0x90004b1d   Thumb Code   832  stm32h7xx_hal_uart.o(.text.UART_SetConfig)
    UART_WaitOnFlagUntilTimeout              0x90004e65   Thumb Code   142  stm32h7xx_hal_uart.o(.text.UART_WaitOnFlagUntilTimeout)
    UsageFault_Handler                       0x90004ef5   Thumb Code     2  stm32h7xx_it.o(.text.UsageFault_Handler)
    _sys_exit                                0x90004ef7   Thumb Code     2  main.o(.text._sys_exit)
    _tx_execution_initialize                 0x90004ef9   Thumb Code    34  tx_execution_profile.o(.text._tx_execution_initialize)
    _tx_initialize_high_level                0x90004f1b   Thumb Code   134  tx_initialize_high_level.o(.text._tx_initialize_high_level)
    _tx_initialize_kernel_enter              0x90004fa1   Thumb Code    82  tx_initialize_kernel_enter.o(.text._tx_initialize_kernel_enter)
    _tx_mutex_cleanup                        0x90004ff3   Thumb Code   132  tx_mutex_cleanup.o(.text._tx_mutex_cleanup)
    _tx_mutex_create                         0x90005077   Thumb Code   104  tx_mutex_create.o(.text._tx_mutex_create)
    _tx_mutex_get                            0x900050df   Thumb Code   264  tx_mutex_get.o(.text._tx_mutex_get)
    _tx_mutex_prioritize                     0x900051e9   Thumb Code   194  tx_mutex_prioritize.o(.text._tx_mutex_prioritize)
    _tx_mutex_priority_change                0x900052ab   Thumb Code   176  tx_mutex_priority_change.o(.text._tx_mutex_priority_change)
    _tx_mutex_put                            0x9000535d   Thumb Code   496  tx_mutex_put.o(.text._tx_mutex_put)
    _tx_mutex_thread_release                 0x9000554d   Thumb Code    74  tx_mutex_cleanup.o(.text._tx_mutex_thread_release)
    _tx_thread_create                        0x90005597   Thumb Code   326  tx_thread_create.o(.text._tx_thread_create)
    _tx_thread_initialize                    0x900056dd   Thumb Code   132  tx_thread_initialize.o(.text._tx_thread_initialize)
    _tx_thread_shell_entry                   0x90005761   Thumb Code    88  tx_thread_shell_entry.o(.text._tx_thread_shell_entry)
    _tx_thread_sleep                         0x900057b9   Thumb Code   120  tx_thread_sleep.o(.text._tx_thread_sleep)
    _tx_thread_stack_analyze                 0x90005831   Thumb Code   130  tx_thread_stack_analyze.o(.text._tx_thread_stack_analyze)
    _tx_thread_stack_error_handler           0x900058b3   Thumb Code    36  tx_thread_stack_error_handler.o(.text._tx_thread_stack_error_handler)
    _tx_thread_system_preempt_check          0x900058d7   Thumb Code   156  tx_thread_system_preempt_check.o(.text._tx_thread_system_preempt_check)
    _tx_thread_system_resume                 0x90005973   Thumb Code   462  tx_thread_system_resume.o(.text._tx_thread_system_resume)
    _tx_thread_system_suspend                0x90005b41   Thumb Code   588  tx_thread_system_suspend.o(.text._tx_thread_system_suspend)
    _tx_thread_time_slice                    0x90005d8d   Thumb Code   328  tx_thread_time_slice.o(.text._tx_thread_time_slice)
    _tx_thread_timeout                       0x90005ed5   Thumb Code    68  tx_thread_timeout.o(.text._tx_thread_timeout)
    _tx_timer_expiration_process             0x90005f19   Thumb Code    40  tx_timer_expiration_process.o(.text._tx_timer_expiration_process)
    _tx_timer_initialize                     0x90005f41   Thumb Code   252  tx_timer_initialize.o(.text._tx_timer_initialize)
    _tx_timer_system_activate                0x90006051   Thumb Code    90  tx_timer_system_activate.o(.text._tx_timer_system_activate)
    _tx_timer_system_deactivate              0x900060ab   Thumb Code    42  tx_timer_system_deactivate.o(.text._tx_timer_system_deactivate)
    _tx_timer_thread_entry                   0x900060d5   Thumb Code   320  tx_timer_thread_entry.o(.text._tx_timer_thread_entry)
    _txe_mutex_create                        0x90006215   Thumb Code   230  txe_mutex_create.o(.text._txe_mutex_create)
    _txe_mutex_get                           0x900062fb   Thumb Code   114  txe_mutex_get.o(.text._txe_mutex_get)
    _txe_mutex_put                           0x9000636d   Thumb Code    60  txe_mutex_put.o(.text._txe_mutex_put)
    _txe_thread_create                       0x900063a9   Thumb Code   336  txe_thread_create.o(.text._txe_thread_create)
    at24cxx_basic_init                       0x900064f9   Thumb Code   164  driver_at24cxx_basic.o(.text.at24cxx_basic_init)
    at24cxx_init                             0x900065f5   Thumb Code   124  driver_at24cxx.o(.text.at24cxx_init)
    at24cxx_interface_debug_print            0x900066f9   Thumb Code    76  stm32h750xb_driver_at24cxx_interface.o(.text.at24cxx_interface_debug_print)
    at24cxx_interface_delay_ms               0x90006745   Thumb Code     4  stm32h750xb_driver_at24cxx_interface.o(.text.at24cxx_interface_delay_ms)
    at24cxx_interface_iic_deinit             0x90006749   Thumb Code    18  stm32h750xb_driver_at24cxx_interface.o(.text.at24cxx_interface_iic_deinit)
    at24cxx_interface_iic_init               0x9000675b   Thumb Code    10  stm32h750xb_driver_at24cxx_interface.o(.text.at24cxx_interface_iic_init)
    at24cxx_interface_iic_read               0x90006765   Thumb Code    36  stm32h750xb_driver_at24cxx_interface.o(.text.at24cxx_interface_iic_read)
    at24cxx_interface_iic_read_address16     0x90006789   Thumb Code    36  stm32h750xb_driver_at24cxx_interface.o(.text.at24cxx_interface_iic_read_address16)
    at24cxx_interface_iic_write              0x900067ad   Thumb Code    36  stm32h750xb_driver_at24cxx_interface.o(.text.at24cxx_interface_iic_write)
    at24cxx_interface_iic_write_address16    0x900067d1   Thumb Code    36  stm32h750xb_driver_at24cxx_interface.o(.text.at24cxx_interface_iic_write_address16)
    at24cxx_set_addr_pin                     0x900067f5   Thumb Code    18  driver_at24cxx.o(.text.at24cxx_set_addr_pin)
    at24cxx_set_type                         0x90006807   Thumb Code    12  driver_at24cxx.o(.text.at24cxx_set_type)
    dwt_init                                 0x90006813   Thumb Code    38  dwt.o(.text.dwt_init)
    fputc                                    0x90006839   Thumb Code    32  main.o(.text.fputc)
    main                                     0x90006859   Thumb Code   442  main.o(.text.main)
    test_entry                               0x90006a15   Thumb Code    20  app_test.o(.text.test_entry)
    test_thread_init                         0x90006a39   Thumb Code    76  app_test.o(.text.test_thread_init)
    tx_application_define                    0x90006a8d   Thumb Code    36  app_azure_rtos.o(.text.tx_application_define)
    tx_kprintf                               0x90006ab9   Thumb Code    80  app_azure_rtos.o(.text.tx_kprintf)
    _btod_d2e                                0x90006b0d   Thumb Code    62  btod.o(CL$$btod_d2e)
    _d2e_denorm_low                          0x90006b4b   Thumb Code    70  btod.o(CL$$btod_d2e_denorm_low)
    _d2e_norm_op1                            0x90006b91   Thumb Code    96  btod.o(CL$$btod_d2e_norm_op1)
    __btod_div_common                        0x90006bf1   Thumb Code   696  btod.o(CL$$btod_div_common)
    _e2e                                     0x90006f29   Thumb Code   220  btod.o(CL$$btod_e2e)
    _btod_ediv                               0x90007005   Thumb Code    42  btod.o(CL$$btod_ediv)
    _btod_emul                               0x9000702f   Thumb Code    42  btod.o(CL$$btod_emul)
    __btod_mult_common                       0x90007059   Thumb Code   580  btod.o(CL$$btod_mult_common)
    __ARM_fpclassify                         0x9000729d   Thumb Code    48  fpclassify.o(i.__ARM_fpclassify)
    _is_digit                                0x900072cd   Thumb Code    14  __printf_wp.o(i._is_digit)
    _get_lc_numeric                          0x900072dd   Thumb Code    44  lc_numeric_c.o(locale$$code)
    _get_lc_ctype                            0x90007309   Thumb Code    44  lc_ctype_c.o(locale$$code)
    _fp_init                                 0x90007335   Thumb Code    26  fpinit.o(x$fpl$fpinit)
    __fplib_config_fpu_vfp                   0x9000734d   Thumb Code     0  fpinit.o(x$fpl$fpinit)
    __fplib_config_pureend_doubles           0x9000734d   Thumb Code     0  fpinit.o(x$fpl$fpinit)
    _printf_fp_dec                           0x9000734f   Thumb Code     4  printf1.o(x$fpl$printf1)
    _printf_fp_hex                           0x90007353   Thumb Code     4  printf2.o(x$fpl$printf2)
    __I$use$fp                               0x90007356   Number         0  usenofp.o(x$fpl$usenofp)
    D1CorePrescTable                         0x90007460   Data          16  system_stm32h7xx.o(.rodata.D1CorePrescTable)
    UARTPrescTable                           0x90007470   Data          24  stm32h7xx_hal_uart.o(.rodata.UARTPrescTable)
    Region$$Table$$Base                      0x9000750c   Number         0  anon$$obj.o(Region$$Table)
    Region$$Table$$Limit                     0x9000752c   Number         0  anon$$obj.o(Region$$Table)
    __ctype                                  0x90007555   Data           0  lc_ctype_c.o(locale$$data)



==============================================================================

Memory Map of the image

  Image Entry point : 0x90000299

  Load Region LR_IROM1 (Base: 0x90000000, Size: 0x00007670, Max: 0x00800000, ABSOLUTE)

    Execution Region RW_IRAM2 (Exec base: 0x00000010, Load base: 0x90007658, Size: 0x00000000, Max: 0x0000fff0, ABSOLUTE)

    **** No section assigned to this execution region ****


    Execution Region RW_IRAM1 (Exec base: 0x20000000, Load base: 0x90007658, Size: 0x00000000, Max: 0x00020000, ABSOLUTE)

    **** No section assigned to this execution region ****


    Execution Region RW_IRAM3 (Exec base: 0x24000000, Load base: 0x90007658, Size: 0x00002388, Max: 0x00080000, ABSOLUTE)

    Exec Addr    Load Addr    Size         Type   Attr      Idx    E Section Name        Object

    0x24000000   0x90007658   0x00000004   Data   RW         1497    .data.SystemCoreClock  system_stm32h7xx.o
    0x24000004   0x9000765c   0x00000004   Data   RW         1498    .data.SystemD2Clock  system_stm32h7xx.o
    0x24000008   0x90007660   0x00000004   Data   RW         2224    .data._tx_thread_system_state  tx_thread_initialize.o
    0x2400000c   0x90007664   0x00000001   Data   RW          930    .data.uwTickFreq    stm32h7xx_hal.o
    0x2400000d   0x90007665   0x00000003   PAD
    0x24000010   0x90007668   0x00000004   Data   RW          929    .data.uwTickPrio    stm32h7xx_hal.o
    0x24000014   0x9000766c   0x00000004   PAD
    0x24000018        -       0x00000060   Zero   RW         3468    .bss                c_w.l(libspace.o)
    0x24000078        -       0x00000054   Zero   RW           41    .bss.__stdout       main.o
    0x240000cc        -       0x00000004   Zero   RW         1698    .bss._tx_block_pool_created_count  tx_initialize_high_level.o
    0x240000d0        -       0x00000004   Zero   RW         1697    .bss._tx_block_pool_created_ptr  tx_initialize_high_level.o
    0x240000d4        -       0x00000004   Zero   RW         2236    .bss._tx_build_options  tx_thread_initialize.o
    0x240000d8        -       0x00000004   Zero   RW         1700    .bss._tx_byte_pool_created_count  tx_initialize_high_level.o
    0x240000dc        -       0x00000004   Zero   RW         1699    .bss._tx_byte_pool_created_ptr  tx_initialize_high_level.o
    0x240000e0        -       0x00000004   Zero   RW         1696    .bss._tx_event_flags_created_count  tx_initialize_high_level.o
    0x240000e4        -       0x00000004   Zero   RW         1695    .bss._tx_event_flags_created_ptr  tx_initialize_high_level.o
    0x240000e8        -       0x00000004   Zero   RW         1630    .bss._tx_execution_idle_active  tx_execution_profile.o
    0x240000ec        -       0x00000004   Zero   RW         1631    .bss._tx_execution_idle_time_last_start  tx_execution_profile.o
    0x240000f0        -       0x00000004   Zero   RW         1703    .bss._tx_initialize_unused_memory  tx_initialize_high_level.o
    0x240000f4        -       0x00000004   Zero   RW         1702    .bss._tx_mutex_created_count  tx_initialize_high_level.o
    0x240000f8        -       0x00000004   Zero   RW         1701    .bss._tx_mutex_created_ptr  tx_initialize_high_level.o
    0x240000fc        -       0x00000004   Zero   RW         1694    .bss._tx_queue_created_count  tx_initialize_high_level.o
    0x24000100        -       0x00000004   Zero   RW         1693    .bss._tx_queue_created_ptr  tx_initialize_high_level.o
    0x24000104        -       0x00000004   Zero   RW         1692    .bss._tx_semaphore_created_count  tx_initialize_high_level.o
    0x24000108        -       0x00000004   Zero   RW         1691    .bss._tx_semaphore_created_ptr  tx_initialize_high_level.o
    0x2400010c        -       0x00000004   Zero   RW         2235    .bss._tx_thread_application_stack_error_handler  tx_thread_initialize.o
    0x24000110        -       0x00000004   Zero   RW         2232    .bss._tx_thread_created_count  tx_thread_initialize.o
    0x24000114        -       0x00000004   Zero   RW         2231    .bss._tx_thread_created_ptr  tx_thread_initialize.o
    0x24000118        -       0x00000004   Zero   RW         2226    .bss._tx_thread_current_ptr  tx_thread_initialize.o
    0x2400011c        -       0x00000004   Zero   RW         2227    .bss._tx_thread_execute_ptr  tx_thread_initialize.o
    0x24000120        -       0x00000004   Zero   RW         2229    .bss._tx_thread_highest_priority  tx_thread_initialize.o
    0x24000124        -       0x00000004   Zero   RW         2234    .bss._tx_thread_mutex_release  tx_thread_initialize.o
    0x24000128        -       0x00000004   Zero   RW         2233    .bss._tx_thread_preempt_disable  tx_thread_initialize.o
    0x2400012c        -       0x00000080   Zero   RW         2230    .bss._tx_thread_priority_list  tx_thread_initialize.o
    0x240001ac        -       0x00000004   Zero   RW         2228    .bss._tx_thread_priority_maps  tx_thread_initialize.o
    0x240001b0        -       0x00000004   Zero   RW         2237    .bss._tx_thread_system_stack_ptr  tx_thread_initialize.o
    0x240001b4        -       0x00000004   Zero   RW         3000    .bss._tx_timer_created_count  tx_timer_initialize.o
    0x240001b8        -       0x00000004   Zero   RW         2999    .bss._tx_timer_created_ptr  tx_timer_initialize.o
    0x240001bc        -       0x00000004   Zero   RW         2992    .bss._tx_timer_current_ptr  tx_timer_initialize.o
    0x240001c0        -       0x00000004   Zero   RW         2988    .bss._tx_timer_expired  tx_timer_initialize.o
    0x240001c4        -       0x00000004   Zero   RW         2987    .bss._tx_timer_expired_time_slice  tx_timer_initialize.o
    0x240001c8        -       0x00000004   Zero   RW         2989    .bss._tx_timer_expired_timer_ptr  tx_timer_initialize.o
    0x240001cc        -       0x00000080   Zero   RW         2990    .bss._tx_timer_list  tx_timer_initialize.o
    0x2400024c        -       0x00000004   Zero   RW         2993    .bss._tx_timer_list_end  tx_timer_initialize.o
    0x24000250        -       0x00000004   Zero   RW         2991    .bss._tx_timer_list_start  tx_timer_initialize.o
    0x24000254        -       0x00000004   Zero   RW         2997    .bss._tx_timer_priority  tx_timer_initialize.o
    0x24000258        -       0x00000004   Zero   RW         2996    .bss._tx_timer_stack_size  tx_timer_initialize.o
    0x2400025c        -       0x00000004   Zero   RW         2995    .bss._tx_timer_stack_start  tx_timer_initialize.o
    0x24000260        -       0x00000004   Zero   RW         2985    .bss._tx_timer_system_clock  tx_timer_initialize.o
    0x24000264   0x9000766c   0x00000004   PAD
    0x24000268        -       0x000000c0   Zero   RW         2998    .bss._tx_timer_thread  tx_timer_initialize.o
    0x24000328        -       0x00000400   Zero   RW         2994    .bss._tx_timer_thread_stack_area  tx_timer_initialize.o
    0x24000728        -       0x00000004   Zero   RW         2986    .bss._tx_timer_time_slice  tx_timer_initialize.o
    0x2400072c        -       0x00000028   Zero   RW         1543    .bss.gs_handle      driver_at24cxx_basic.o
    0x24000754        -       0x00000054   Zero   RW           82    .bss.hi2c1          i2c.o
    0x240007a8        -       0x0000004c   Zero   RW          141    .bss.htim7          stm32h7xx_hal_timebase_tim.o
    0x240007f4        -       0x00000094   Zero   RW           97    .bss.huart1         usart.o
    0x24000888        -       0x00000401   Zero   RW         1593    .bss.printf_buf     app_azure_rtos.o
    0x24000c89   0x9000766c   0x00000007   PAD
    0x24000c90        -       0x00001000   Zero   RW         1581    .bss.test_stack     app_test.o
    0x24001c90        -       0x000000c0   Zero   RW         1580    .bss.test_thread    app_test.o
    0x24001d50        -       0x00000034   Zero   RW         1594    .bss.tx_kprintf_lock  app_azure_rtos.o
    0x24001d84        -       0x00000004   Zero   RW          931    .bss.uwTick         stm32h7xx_hal.o
    0x24001d88        -       0x00000200   Zero   RW            2    HEAP                startup_stm32h750xx.o
    0x24001f88        -       0x00000400   Zero   RW            1    STACK               startup_stm32h750xx.o


    Execution Region RW_IRAM4 (Exec base: 0x30000000, Load base: 0x90007670, Size: 0x00000000, Max: 0x00040000, ABSOLUTE)

    **** No section assigned to this execution region ****


    Execution Region RW_IRAM5 (Exec base: 0x30040000, Load base: 0x90007670, Size: 0x00000000, Max: 0x00008000, ABSOLUTE)

    **** No section assigned to this execution region ****


    Execution Region RW_IRAM6 (Exec base: 0x38000000, Load base: 0x90007670, Size: 0x00000000, Max: 0x00010000, ABSOLUTE)

    **** No section assigned to this execution region ****


    Execution Region RW_IRAM7 (Exec base: 0x38800000, Load base: 0x90007670, Size: 0x00000000, Max: 0x00001000, ABSOLUTE)

    **** No section assigned to this execution region ****


    Execution Region ER_IROM1 (Exec base: 0x90000000, Load base: 0x90000000, Size: 0x00007658, Max: 0x00800000, ABSOLUTE)

    Exec Addr    Load Addr    Size         Type   Attr      Idx    E Section Name        Object

    0x90000000   0x90000000   0x00000298   Data   RO            3    RESET               startup_stm32h750xx.o
    0x90000298   0x90000298   0x00000008   Code   RO         3280  * !!!main             c_w.l(__main.o)
    0x900002a0   0x900002a0   0x00000034   Code   RO         3603    !!!scatter          c_w.l(__scatter.o)
    0x900002d4   0x900002d4   0x0000001a   Code   RO         3605    !!handler_copy      c_w.l(__scatter_copy.o)
    0x900002ee   0x900002ee   0x00000002   PAD
    0x900002f0   0x900002f0   0x0000001c   Code   RO         3607    !!handler_zi        c_w.l(__scatter_zi.o)
    0x9000030c   0x9000030c   0x00000000   Code   RO         3269    .ARM.Collect$$_printf_percent$$00000000  c_w.l(_printf_percent.o)
    0x9000030c   0x9000030c   0x00000006   Code   RO         3338    .ARM.Collect$$_printf_percent$$00000001  c_w.l(_printf_n.o)
    0x90000312   0x90000312   0x00000006   Code   RO         3340    .ARM.Collect$$_printf_percent$$00000002  c_w.l(_printf_p.o)
    0x90000318   0x90000318   0x00000006   Code   RO         3345    .ARM.Collect$$_printf_percent$$00000003  c_w.l(_printf_f.o)
    0x9000031e   0x9000031e   0x00000006   Code   RO         3346    .ARM.Collect$$_printf_percent$$00000004  c_w.l(_printf_e.o)
    0x90000324   0x90000324   0x00000006   Code   RO         3347    .ARM.Collect$$_printf_percent$$00000005  c_w.l(_printf_g.o)
    0x9000032a   0x9000032a   0x00000006   Code   RO         3348    .ARM.Collect$$_printf_percent$$00000006  c_w.l(_printf_a.o)
    0x90000330   0x90000330   0x0000000a   Code   RO         3353    .ARM.Collect$$_printf_percent$$00000007  c_w.l(_printf_ll.o)
    0x9000033a   0x9000033a   0x00000006   Code   RO         3342    .ARM.Collect$$_printf_percent$$00000008  c_w.l(_printf_i.o)
    0x90000340   0x90000340   0x00000006   Code   RO         3343    .ARM.Collect$$_printf_percent$$00000009  c_w.l(_printf_d.o)
    0x90000346   0x90000346   0x00000006   Code   RO         3344    .ARM.Collect$$_printf_percent$$0000000A  c_w.l(_printf_u.o)
    0x9000034c   0x9000034c   0x00000006   Code   RO         3341    .ARM.Collect$$_printf_percent$$0000000B  c_w.l(_printf_o.o)
    0x90000352   0x90000352   0x00000006   Code   RO         3339    .ARM.Collect$$_printf_percent$$0000000C  c_w.l(_printf_x.o)
    0x90000358   0x90000358   0x00000006   Code   RO         3350    .ARM.Collect$$_printf_percent$$0000000D  c_w.l(_printf_lli.o)
    0x9000035e   0x9000035e   0x00000006   Code   RO         3351    .ARM.Collect$$_printf_percent$$0000000E  c_w.l(_printf_lld.o)
    0x90000364   0x90000364   0x00000006   Code   RO         3352    .ARM.Collect$$_printf_percent$$0000000F  c_w.l(_printf_llu.o)
    0x9000036a   0x9000036a   0x00000006   Code   RO         3357    .ARM.Collect$$_printf_percent$$00000010  c_w.l(_printf_llo.o)
    0x90000370   0x90000370   0x00000006   Code   RO         3358    .ARM.Collect$$_printf_percent$$00000011  c_w.l(_printf_llx.o)
    0x90000376   0x90000376   0x0000000a   Code   RO         3354    .ARM.Collect$$_printf_percent$$00000012  c_w.l(_printf_l.o)
    0x90000380   0x90000380   0x00000006   Code   RO         3337    .ARM.Collect$$_printf_percent$$00000013  c_w.l(_printf_c.o)
    0x90000386   0x90000386   0x00000006   Code   RO         3268    .ARM.Collect$$_printf_percent$$00000014  c_w.l(_printf_s.o)
    0x9000038c   0x9000038c   0x00000006   Code   RO         3355    .ARM.Collect$$_printf_percent$$00000015  c_w.l(_printf_lc.o)
    0x90000392   0x90000392   0x00000006   Code   RO         3356    .ARM.Collect$$_printf_percent$$00000016  c_w.l(_printf_ls.o)
    0x90000398   0x90000398   0x00000004   Code   RO         3349    .ARM.Collect$$_printf_percent$$00000017  c_w.l(_printf_percent_end.o)
    0x9000039c   0x9000039c   0x00000002   Code   RO         3461    .ARM.Collect$$libinit$$00000000  c_w.l(libinit.o)
    0x9000039e   0x9000039e   0x00000004   Code   RO         3485    .ARM.Collect$$libinit$$00000001  c_w.l(libinit2.o)
    0x900003a2   0x900003a2   0x00000000   Code   RO         3488    .ARM.Collect$$libinit$$00000004  c_w.l(libinit2.o)
    0x900003a2   0x900003a2   0x00000000   Code   RO         3490    .ARM.Collect$$libinit$$00000006  c_w.l(libinit2.o)
    0x900003a2   0x900003a2   0x00000000   Code   RO         3493    .ARM.Collect$$libinit$$0000000C  c_w.l(libinit2.o)
    0x900003a2   0x900003a2   0x00000000   Code   RO         3495    .ARM.Collect$$libinit$$0000000E  c_w.l(libinit2.o)
    0x900003a2   0x900003a2   0x00000000   Code   RO         3497    .ARM.Collect$$libinit$$00000010  c_w.l(libinit2.o)
    0x900003a2   0x900003a2   0x00000006   Code   RO         3498    .ARM.Collect$$libinit$$00000011  c_w.l(libinit2.o)
    0x900003a8   0x900003a8   0x00000000   Code   RO         3500    .ARM.Collect$$libinit$$00000013  c_w.l(libinit2.o)
    0x900003a8   0x900003a8   0x0000000c   Code   RO         3501    .ARM.Collect$$libinit$$00000014  c_w.l(libinit2.o)
    0x900003b4   0x900003b4   0x00000000   Code   RO         3502    .ARM.Collect$$libinit$$00000015  c_w.l(libinit2.o)
    0x900003b4   0x900003b4   0x00000000   Code   RO         3504    .ARM.Collect$$libinit$$00000017  c_w.l(libinit2.o)
    0x900003b4   0x900003b4   0x0000000a   Code   RO         3505    .ARM.Collect$$libinit$$00000018  c_w.l(libinit2.o)
    0x900003be   0x900003be   0x00000000   Code   RO         3506    .ARM.Collect$$libinit$$00000019  c_w.l(libinit2.o)
    0x900003be   0x900003be   0x00000000   Code   RO         3508    .ARM.Collect$$libinit$$0000001B  c_w.l(libinit2.o)
    0x900003be   0x900003be   0x00000000   Code   RO         3510    .ARM.Collect$$libinit$$0000001D  c_w.l(libinit2.o)
    0x900003be   0x900003be   0x00000000   Code   RO         3512    .ARM.Collect$$libinit$$0000001F  c_w.l(libinit2.o)
    0x900003be   0x900003be   0x00000000   Code   RO         3514    .ARM.Collect$$libinit$$00000021  c_w.l(libinit2.o)
    0x900003be   0x900003be   0x00000000   Code   RO         3516    .ARM.Collect$$libinit$$00000023  c_w.l(libinit2.o)
    0x900003be   0x900003be   0x00000000   Code   RO         3518    .ARM.Collect$$libinit$$00000025  c_w.l(libinit2.o)
    0x900003be   0x900003be   0x00000000   Code   RO         3520    .ARM.Collect$$libinit$$00000027  c_w.l(libinit2.o)
    0x900003be   0x900003be   0x00000000   Code   RO         3524    .ARM.Collect$$libinit$$0000002E  c_w.l(libinit2.o)
    0x900003be   0x900003be   0x00000000   Code   RO         3526    .ARM.Collect$$libinit$$00000030  c_w.l(libinit2.o)
    0x900003be   0x900003be   0x00000000   Code   RO         3528    .ARM.Collect$$libinit$$00000032  c_w.l(libinit2.o)
    0x900003be   0x900003be   0x00000000   Code   RO         3530    .ARM.Collect$$libinit$$00000034  c_w.l(libinit2.o)
    0x900003be   0x900003be   0x00000002   Code   RO         3531    .ARM.Collect$$libinit$$00000035  c_w.l(libinit2.o)
    0x900003c0   0x900003c0   0x00000002   Code   RO         3557    .ARM.Collect$$libshutdown$$00000000  c_w.l(libshutdown.o)
    0x900003c2   0x900003c2   0x00000000   Code   RO         3585    .ARM.Collect$$libshutdown$$00000002  c_w.l(libshutdown2.o)
    0x900003c2   0x900003c2   0x00000000   Code   RO         3587    .ARM.Collect$$libshutdown$$00000004  c_w.l(libshutdown2.o)
    0x900003c2   0x900003c2   0x00000000   Code   RO         3590    .ARM.Collect$$libshutdown$$00000007  c_w.l(libshutdown2.o)
    0x900003c2   0x900003c2   0x00000000   Code   RO         3593    .ARM.Collect$$libshutdown$$0000000A  c_w.l(libshutdown2.o)
    0x900003c2   0x900003c2   0x00000000   Code   RO         3595    .ARM.Collect$$libshutdown$$0000000C  c_w.l(libshutdown2.o)
    0x900003c2   0x900003c2   0x00000000   Code   RO         3598    .ARM.Collect$$libshutdown$$0000000F  c_w.l(libshutdown2.o)
    0x900003c2   0x900003c2   0x00000002   Code   RO         3599    .ARM.Collect$$libshutdown$$00000010  c_w.l(libshutdown2.o)
    0x900003c4   0x900003c4   0x00000000   Code   RO         3284    .ARM.Collect$$rtentry$$00000000  c_w.l(__rtentry.o)
    0x900003c4   0x900003c4   0x00000000   Code   RO         3372    .ARM.Collect$$rtentry$$00000002  c_w.l(__rtentry2.o)
    0x900003c4   0x900003c4   0x00000006   Code   RO         3384    .ARM.Collect$$rtentry$$00000004  c_w.l(__rtentry4.o)
    0x900003ca   0x900003ca   0x00000000   Code   RO         3374    .ARM.Collect$$rtentry$$00000009  c_w.l(__rtentry2.o)
    0x900003ca   0x900003ca   0x00000004   Code   RO         3375    .ARM.Collect$$rtentry$$0000000A  c_w.l(__rtentry2.o)
    0x900003ce   0x900003ce   0x00000000   Code   RO         3377    .ARM.Collect$$rtentry$$0000000C  c_w.l(__rtentry2.o)
    0x900003ce   0x900003ce   0x00000008   Code   RO         3378    .ARM.Collect$$rtentry$$0000000D  c_w.l(__rtentry2.o)
    0x900003d6   0x900003d6   0x00000002   Code   RO         3470    .ARM.Collect$$rtexit$$00000000  c_w.l(rtexit.o)
    0x900003d8   0x900003d8   0x00000000   Code   RO         3533    .ARM.Collect$$rtexit$$00000002  c_w.l(rtexit2.o)
    0x900003d8   0x900003d8   0x00000004   Code   RO         3534    .ARM.Collect$$rtexit$$00000003  c_w.l(rtexit2.o)
    0x900003dc   0x900003dc   0x00000006   Code   RO         3535    .ARM.Collect$$rtexit$$00000004  c_w.l(rtexit2.o)
    0x900003e2   0x900003e2   0x00000002   PAD
    0x900003e4   0x900003e4   0x00000040   Code   RO            4    .text               startup_stm32h750xx.o
    0x90000424   0x90000424   0x0000000c   PAD
    0x90000430   0x90000430   0x000000a6   Code   RO           50    .text               tx_initialize_low_level.o
    0x900004d6   0x900004d6   0x0000000a   PAD
    0x900004e0   0x900004e0   0x0000000e   Code   RO         1658    .text               tx_thread_interrupt_disable.o
    0x900004ee   0x900004ee   0x00000002   PAD
    0x900004f0   0x900004f0   0x00000006   Code   RO         1663    .text               tx_thread_interrupt_restore.o
    0x900004f6   0x900004f6   0x0000000a   PAD
    0x90000500   0x90000500   0x000000e0   Code   RO         1668    .text               tx_thread_schedule.o
    0x900005e0   0x900005e0   0x00000040   Code   RO         1673    .text               tx_thread_stack_build.o
    0x90000620   0x90000620   0x00000026   Code   RO         1678    .text               tx_thread_system_return.o
    0x90000646   0x90000646   0x0000000a   PAD
    0x90000650   0x90000650   0x000000b8   Code   RO         1683    .text               tx_timer_interrupt.o
    0x90000708   0x90000708   0x00000002   Code   RO         3234    .text               c_w.l(use_no_semi_2.o)
    0x9000070a   0x9000070a   0x000000f0   Code   RO         3236    .text               c_w.l(lludivv7m.o)
    0x900007fa   0x900007fa   0x00000002   PAD
    0x900007fc   0x900007fc   0x0000003c   Code   RO         3238    .text               c_w.l(vsnprintf.o)
    0x90000838   0x90000838   0x00000018   Code   RO         3240    .text               c_w.l(__2printf.o)
    0x90000850   0x90000850   0x00000052   Code   RO         3246    .text               c_w.l(_printf_str.o)
    0x900008a2   0x900008a2   0x00000002   PAD
    0x900008a4   0x900008a4   0x00000188   Code   RO         3265    .text               c_w.l(__printf_flags_ss_wp.o)
    0x90000a2c   0x90000a2c   0x0000003e   Code   RO         3270    .text               c_w.l(strlen.o)
    0x90000a6a   0x90000a6a   0x00000010   Code   RO         3274    .text               c_w.l(aeabi_memset.o)
    0x90000a7a   0x90000a7a   0x0000004e   Code   RO         3276    .text               c_w.l(rt_memclr_w.o)
    0x90000ac8   0x90000ac8   0x00000006   Code   RO         3278    .text               c_w.l(heapauxi.o)
    0x90000ace   0x90000ace   0x00000002   Code   RO         3282    .text               c_w.l(use_no_semi.o)
    0x90000ad0   0x90000ad0   0x0000004e   Code   RO         3289    .text               c_w.l(_printf_pad.o)
    0x90000b1e   0x90000b1e   0x00000024   Code   RO         3291    .text               c_w.l(_printf_truncate.o)
    0x90000b42   0x90000b42   0x00000002   PAD
    0x90000b44   0x90000b44   0x00000078   Code   RO         3293    .text               c_w.l(_printf_dec.o)
    0x90000bbc   0x90000bbc   0x00000028   Code   RO         3295    .text               c_w.l(_printf_charcount.o)
    0x90000be4   0x90000be4   0x00000030   Code   RO         3297    .text               c_w.l(_printf_char_common.o)
    0x90000c14   0x90000c14   0x00000010   Code   RO         3299    .text               c_w.l(_snputc.o)
    0x90000c24   0x90000c24   0x0000002c   Code   RO         3301    .text               c_w.l(_printf_char.o)
    0x90000c50   0x90000c50   0x00000024   Code   RO         3303    .text               c_w.l(_printf_char_file.o)
    0x90000c74   0x90000c74   0x000000bc   Code   RO         3305    .text               c_w.l(_printf_wctomb.o)
    0x90000d30   0x90000d30   0x0000007c   Code   RO         3308    .text               c_w.l(_printf_longlong_dec.o)
    0x90000dac   0x90000dac   0x00000070   Code   RO         3314    .text               c_w.l(_printf_oct_int_ll.o)
    0x90000e1c   0x90000e1c   0x00000094   Code   RO         3334    .text               c_w.l(_printf_hex_int_ll_ptr.o)
    0x90000eb0   0x90000eb0   0x00000044   Code   RO         3361    .text               c_w.l(rt_memclr.o)
    0x90000ef4   0x90000ef4   0x0000008a   Code   RO         3388    .text               c_w.l(lludiv10.o)
    0x90000f7e   0x90000f7e   0x000000b2   Code   RO         3390    .text               c_w.l(_printf_intcommon.o)
    0x90001030   0x90001030   0x0000041c   Code   RO         3392    .text               c_w.l(_printf_fp_dec.o)
    0x9000144c   0x9000144c   0x000002fc   Code   RO         3396    .text               c_w.l(_printf_fp_hex.o)
    0x90001748   0x90001748   0x0000002c   Code   RO         3401    .text               c_w.l(_printf_wchar.o)
    0x90001774   0x90001774   0x00000008   Code   RO         3403    .text               c_w.l(ferror.o)
    0x9000177c   0x9000177c   0x00000048   Code   RO         3407    .text               c_w.l(_c16rtomb.o)
    0x900017c4   0x900017c4   0x0000004a   Code   RO         3409    .text               c_w.l(sys_stackheap_outer.o)
    0x9000180e   0x9000180e   0x00000002   PAD
    0x90001810   0x90001810   0x00000010   Code   RO         3411    .text               c_w.l(rt_ctype_table.o)
    0x90001820   0x90001820   0x00000008   Code   RO         3416    .text               c_w.l(rt_locale_intlibspace.o)
    0x90001828   0x90001828   0x00000080   Code   RO         3418    .text               c_w.l(_printf_fp_infnan.o)
    0x900018a8   0x900018a8   0x000000e4   Code   RO         3420    .text               c_w.l(bigflt0.o)
    0x9000198c   0x9000198c   0x00000012   Code   RO         3450    .text               c_w.l(exit.o)
    0x9000199e   0x9000199e   0x00000002   PAD
    0x900019a0   0x900019a0   0x00000008   Code   RO         3467    .text               c_w.l(libspace.o)
    0x900019a8   0x900019a8   0x0000007c   Code   RO         3483    .text               c_w.l(strcmpv7m_pel.o)
    0x90001a24   0x90001a24   0x00000002   Code   RO          112    .text.BusFault_Handler  stm32h7xx_it.o
    0x90001a26   0x90001a26   0x00000002   Code   RO          116    .text.DebugMon_Handler  stm32h7xx_it.o
    0x90001a28   0x90001a28   0x0000000a   Code   RO           31    .text.Error_Handler  main.o
    0x90001a32   0x90001a32   0x00000002   PAD
    0x90001a34   0x90001a34   0x00000028   Code   RO          853    .text.HAL_Delay     stm32h7xx_hal.o
    0x90001a5c   0x90001a5c   0x00000108   Code   RO          537    .text.HAL_GPIO_DeInit  stm32h7xx_hal_gpio.o
    0x90001b64   0x90001b64   0x000001ac   Code   RO          535    .text.HAL_GPIO_Init  stm32h7xx_hal_gpio.o
    0x90001d10   0x90001d10   0x0000000e   Code   RO          861    .text.HAL_GetREVID  stm32h7xx_hal.o
    0x90001d1e   0x90001d1e   0x0000000c   Code   RO          845    .text.HAL_GetTick   stm32h7xx_hal.o
    0x90001d2a   0x90001d2a   0x0000004a   Code   RO          354    .text.HAL_I2CEx_ConfigAnalogFilter  stm32h7xx_hal_i2c_ex.o
    0x90001d74   0x90001d74   0x00000048   Code   RO          356    .text.HAL_I2CEx_ConfigDigitalFilter  stm32h7xx_hal_i2c_ex.o
    0x90001dbc   0x90001dbc   0x00000034   Code   RO          202    .text.HAL_I2C_DeInit  stm32h7xx_hal_i2c.o
    0x90001df0   0x90001df0   0x000000a0   Code   RO          198    .text.HAL_I2C_Init  stm32h7xx_hal_i2c.o
    0x90001e90   0x90001e90   0x000001ea   Code   RO          258    .text.HAL_I2C_Mem_Read  stm32h7xx_hal_i2c.o
    0x9000207a   0x9000207a   0x000001e4   Code   RO          256    .text.HAL_I2C_Mem_Write  stm32h7xx_hal_i2c.o
    0x9000225e   0x9000225e   0x00000042   Code   RO           80    .text.HAL_I2C_MspDeInit  i2c.o
    0x900022a0   0x900022a0   0x00000084   Code   RO           78    .text.HAL_I2C_MspInit  i2c.o
    0x90002324   0x90002324   0x0000001a   Code   RO          843    .text.HAL_IncTick   stm32h7xx_hal.o
    0x9000233e   0x9000233e   0x00000062   Code   RO          833    .text.HAL_Init      stm32h7xx_hal.o
    0x900023a0   0x900023a0   0x000000a2   Code   RO          135    .text.HAL_InitTick  stm32h7xx_hal_timebase_tim.o
    0x90002442   0x90002442   0x0000005a   Code   RO          168    .text.HAL_MPU_ConfigRegion  stm32h7xx_hal_cortex.o
    0x9000249c   0x9000249c   0x0000001a   Code   RO          164    .text.HAL_MPU_Disable  stm32h7xx_hal_cortex.o
    0x900024b6   0x900024b6   0x00000020   Code   RO          166    .text.HAL_MPU_Enable  stm32h7xx_hal_cortex.o
    0x900024d6   0x900024d6   0x00000020   Code   RO          127    .text.HAL_MspInit   stm32h7xx_hal_msp.o
    0x900024f6   0x900024f6   0x00000020   Code   RO          154    .text.HAL_NVIC_EnableIRQ  stm32h7xx_hal_cortex.o
    0x90002516   0x90002516   0x0000005a   Code   RO          152    .text.HAL_NVIC_SetPriority  stm32h7xx_hal_cortex.o
    0x90002570   0x90002570   0x00000020   Code   RO          150    .text.HAL_NVIC_SetPriorityGrouping  stm32h7xx_hal_cortex.o
    0x90002590   0x90002590   0x00000048   Code   RO          745    .text.HAL_PWREx_ConfigSupply  stm32h7xx_hal_pwr_ex.o
    0x900025d8   0x900025d8   0x00000026   Code   RO          426    .text.HAL_RCCEx_GetD3PCLK1Freq  stm32h7xx_hal_rcc_ex.o
    0x900025fe   0x900025fe   0x00000002   PAD
    0x90002600   0x90002600   0x00000124   Code   RO          422    .text.HAL_RCCEx_GetPLL2ClockFreq  stm32h7xx_hal_rcc_ex.o
    0x90002724   0x90002724   0x00000124   Code   RO          424    .text.HAL_RCCEx_GetPLL3ClockFreq  stm32h7xx_hal_rcc_ex.o
    0x90002848   0x90002848   0x0000095c   Code   RO          410    .text.HAL_RCCEx_PeriphCLKConfig  stm32h7xx_hal_rcc_ex.o
    0x900031a4   0x900031a4   0x0000024a   Code   RO          378    .text.HAL_RCC_ClockConfig  stm32h7xx_hal_rcc.o
    0x900033ee   0x900033ee   0x00000058   Code   RO          396    .text.HAL_RCC_GetClockConfig  stm32h7xx_hal_rcc.o
    0x90003446   0x90003446   0x0000004c   Code   RO          388    .text.HAL_RCC_GetHCLKFreq  stm32h7xx_hal_rcc.o
    0x90003492   0x90003492   0x00000026   Code   RO          390    .text.HAL_RCC_GetPCLK1Freq  stm32h7xx_hal_rcc.o
    0x900034b8   0x900034b8   0x00000026   Code   RO          392    .text.HAL_RCC_GetPCLK2Freq  stm32h7xx_hal_rcc.o
    0x900034de   0x900034de   0x00000002   PAD
    0x900034e0   0x900034e0   0x0000010c   Code   RO          380    .text.HAL_RCC_GetSysClockFreq  stm32h7xx_hal_rcc.o
    0x900035ec   0x900035ec   0x00000538   Code   RO          376    .text.HAL_RCC_OscConfig  stm32h7xx_hal_rcc.o
    0x90003b24   0x90003b24   0x00000002   Code   RO         1289    .text.HAL_TIMEx_Break2Callback  stm32h7xx_hal_tim_ex.o
    0x90003b26   0x90003b26   0x00000002   Code   RO         1287    .text.HAL_TIMEx_BreakCallback  stm32h7xx_hal_tim_ex.o
    0x90003b28   0x90003b28   0x00000002   Code   RO         1283    .text.HAL_TIMEx_CommutCallback  stm32h7xx_hal_tim_ex.o
    0x90003b2a   0x90003b2a   0x00000060   Code   RO          966    .text.HAL_TIM_Base_Init  stm32h7xx_hal_tim.o
    0x90003b8a   0x90003b8a   0x00000002   Code   RO          968    .text.HAL_TIM_Base_MspInit  stm32h7xx_hal_tim.o
    0x90003b8c   0x90003b8c   0x000000ae   Code   RO          980    .text.HAL_TIM_Base_Start_IT  stm32h7xx_hal_tim.o
    0x90003c3a   0x90003c3a   0x00000002   Code   RO         1102    .text.HAL_TIM_IC_CaptureCallback  stm32h7xx_hal_tim.o
    0x90003c3c   0x90003c3c   0x00000188   Code   RO         1100    .text.HAL_TIM_IRQHandler  stm32h7xx_hal_tim.o
    0x90003dc4   0x90003dc4   0x00000002   Code   RO         1104    .text.HAL_TIM_OC_DelayElapsedCallback  stm32h7xx_hal_tim.o
    0x90003dc6   0x90003dc6   0x00000002   Code   RO         1106    .text.HAL_TIM_PWM_PulseFinishedCallback  stm32h7xx_hal_tim.o
    0x90003dc8   0x90003dc8   0x00000014   Code   RO           39    .text.HAL_TIM_PeriodElapsedCallback  main.o
    0x90003ddc   0x90003ddc   0x00000002   Code   RO         1110    .text.HAL_TIM_TriggerCallback  stm32h7xx_hal_tim.o
    0x90003dde   0x90003dde   0x00000036   Code   RO         1470    .text.HAL_UARTEx_DisableFifoMode  stm32h7xx_hal_uart_ex.o
    0x90003e14   0x90003e14   0x0000004a   Code   RO         1474    .text.HAL_UARTEx_SetRxFifoThreshold  stm32h7xx_hal_uart_ex.o
    0x90003e5e   0x90003e5e   0x0000004a   Code   RO         1472    .text.HAL_UARTEx_SetTxFifoThreshold  stm32h7xx_hal_uart_ex.o
    0x90003ea8   0x90003ea8   0x00000064   Code   RO         1303    .text.HAL_UART_Init  stm32h7xx_hal_uart.o
    0x90003f0c   0x90003f0c   0x00000082   Code   RO           93    .text.HAL_UART_MspInit  usart.o
    0x90003f8e   0x90003f8e   0x00000002   PAD
    0x90003f90   0x90003f90   0x000000be   Code   RO         1323    .text.HAL_UART_Transmit  stm32h7xx_hal_uart.o
    0x9000404e   0x9000404e   0x00000002   PAD
    0x90004050   0x90004050   0x00000002   Code   RO          108    .text.HardFault_Handler  stm32h7xx_it.o
    0x90004052   0x90004052   0x00000002   PAD
    0x90004054   0x90004054   0x00000102   Code   RO          344    .text.I2C_IsErrorOccurred  stm32h7xx_hal_i2c.o
    0x90004156   0x90004156   0x00000002   PAD
    0x90004158   0x90004158   0x00000088   Code   RO          208    .text.I2C_WaitOnFlagUntilTimeout  stm32h7xx_hal_i2c.o
    0x900041e0   0x900041e0   0x00000056   Code   RO          212    .text.I2C_WaitOnSTOPFlagUntilTimeout  stm32h7xx_hal_i2c.o
    0x90004236   0x90004236   0x00000002   PAD
    0x90004238   0x90004238   0x00000060   Code   RO          210    .text.I2C_WaitOnTXISFlagUntilTimeout  stm32h7xx_hal_i2c.o
    0x90004298   0x90004298   0x00000056   Code   RO           56    .text.MX_GPIO_Init  gpio.o
    0x900042ee   0x900042ee   0x0000006a   Code   RO           76    .text.MX_I2C1_Init  i2c.o
    0x90004358   0x90004358   0x00000004   Code   RO           66    .text.MX_ThreadX_Init  app_threadx.o
    0x9000435c   0x9000435c   0x0000007c   Code   RO           91    .text.MX_USART1_UART_Init  usart.o
    0x900043d8   0x900043d8   0x00000002   Code   RO          110    .text.MemManage_Handler  stm32h7xx_it.o
    0x900043da   0x900043da   0x00000002   PAD
    0x900043dc   0x900043dc   0x00000002   Code   RO          106    .text.NMI_Handler   stm32h7xx_it.o
    0x900043de   0x900043de   0x00000002   PAD
    0x900043e0   0x900043e0   0x00000106   Code   RO          412    .text.RCCEx_PLL2_Config  stm32h7xx_hal_rcc_ex.o
    0x900044e6   0x900044e6   0x00000002   PAD
    0x900044e8   0x900044e8   0x00000106   Code   RO          414    .text.RCCEx_PLL3_Config  stm32h7xx_hal_rcc_ex.o
    0x900045ee   0x900045ee   0x00000002   PAD
    0x900045f0   0x900045f0   0x00000106   Code   RO           29    .text.SystemClock_Config  main.o
    0x900046f6   0x900046f6   0x000000c0   Code   RO         1493    .text.SystemInit    system_stm32h7xx.o
    0x900047b6   0x900047b6   0x0000000c   Code   RO          118    .text.TIM7_IRQHandler  stm32h7xx_it.o
    0x900047c2   0x900047c2   0x00000132   Code   RO          970    .text.TIM_Base_SetConfig  stm32h7xx_hal_tim.o
    0x900048f4   0x900048f4   0x0000004e   Code   RO         1468    .text.UARTEx_SetNbDataToProcess  stm32h7xx_hal_uart_ex.o
    0x90004942   0x90004942   0x000000c6   Code   RO         1309    .text.UART_AdvFeatureConfig  stm32h7xx_hal_uart.o
    0x90004a08   0x90004a08   0x000000b8   Code   RO         1311    .text.UART_CheckIdleState  stm32h7xx_hal_uart.o
    0x90004ac0   0x90004ac0   0x0000005a   Code   RO         1361    .text.UART_EndRxTransfer  stm32h7xx_hal_uart.o
    0x90004b1a   0x90004b1a   0x00000002   PAD
    0x90004b1c   0x90004b1c   0x00000348   Code   RO         1307    .text.UART_SetConfig  stm32h7xx_hal_uart.o
    0x90004e64   0x90004e64   0x0000008e   Code   RO         1325    .text.UART_WaitOnFlagUntilTimeout  stm32h7xx_hal_uart.o
    0x90004ef2   0x90004ef2   0x00000002   PAD
    0x90004ef4   0x90004ef4   0x00000002   Code   RO          114    .text.UsageFault_Handler  stm32h7xx_it.o
    0x90004ef6   0x90004ef6   0x00000002   Code   RO           33    .text._sys_exit     main.o
    0x90004ef8   0x90004ef8   0x00000022   Code   RO         1603    .text._tx_execution_initialize  tx_execution_profile.o
    0x90004f1a   0x90004f1a   0x00000086   Code   RO         1689    .text._tx_initialize_high_level  tx_initialize_high_level.o
    0x90004fa0   0x90004fa0   0x00000052   Code   RO         1710    .text._tx_initialize_kernel_enter  tx_initialize_kernel_enter.o
    0x90004ff2   0x90004ff2   0x00000084   Code   RO         1927    .text._tx_mutex_cleanup  tx_mutex_cleanup.o
    0x90005076   0x90005076   0x00000068   Code   RO         1939    .text._tx_mutex_create  tx_mutex_create.o
    0x900050de   0x900050de   0x00000108   Code   RO         1957    .text._tx_mutex_get  tx_mutex_get.o
    0x900051e6   0x900051e6   0x00000002   PAD
    0x900051e8   0x900051e8   0x000000c2   Code   RO         1976    .text._tx_mutex_prioritize  tx_mutex_prioritize.o
    0x900052aa   0x900052aa   0x000000b0   Code   RO         1985    .text._tx_mutex_priority_change  tx_mutex_priority_change.o
    0x9000535a   0x9000535a   0x00000002   PAD
    0x9000535c   0x9000535c   0x000001f0   Code   RO         1994    .text._tx_mutex_put  tx_mutex_put.o
    0x9000554c   0x9000554c   0x0000004a   Code   RO         1929    .text._tx_mutex_thread_release  tx_mutex_cleanup.o
    0x90005596   0x90005596   0x00000146   Code   RO         2176    .text._tx_thread_create  tx_thread_create.o
    0x900056dc   0x900056dc   0x00000084   Code   RO         2221    .text._tx_thread_initialize  tx_thread_initialize.o
    0x90005760   0x90005760   0x00000058   Code   RO         2289    .text._tx_thread_shell_entry  tx_thread_shell_entry.o
    0x900057b8   0x900057b8   0x00000078   Code   RO         2298    .text._tx_thread_sleep  tx_thread_sleep.o
    0x90005830   0x90005830   0x00000082   Code   RO         2307    .text._tx_thread_stack_analyze  tx_thread_stack_analyze.o
    0x900058b2   0x900058b2   0x00000024   Code   RO         2316    .text._tx_thread_stack_error_handler  tx_thread_stack_error_handler.o
    0x900058d6   0x900058d6   0x0000009c   Code   RO         2343    .text._tx_thread_system_preempt_check  tx_thread_system_preempt_check.o
    0x90005972   0x90005972   0x000001ce   Code   RO         2352    .text._tx_thread_system_resume  tx_thread_system_resume.o
    0x90005b40   0x90005b40   0x0000024c   Code   RO         2361    .text._tx_thread_system_suspend  tx_thread_system_suspend.o
    0x90005d8c   0x90005d8c   0x00000148   Code   RO         2380    .text._tx_thread_time_slice  tx_thread_time_slice.o
    0x90005ed4   0x90005ed4   0x00000044   Code   RO         2398    .text._tx_thread_timeout  tx_thread_timeout.o
    0x90005f18   0x90005f18   0x00000028   Code   RO         2965    .text._tx_timer_expiration_process  tx_timer_expiration_process.o
    0x90005f40   0x90005f40   0x00000110   Code   RO         2983    .text._tx_timer_initialize  tx_timer_initialize.o
    0x90006050   0x90006050   0x0000005a   Code   RO         3008    .text._tx_timer_system_activate  tx_timer_system_activate.o
    0x900060aa   0x900060aa   0x0000002a   Code   RO         3017    .text._tx_timer_system_deactivate  tx_timer_system_deactivate.o
    0x900060d4   0x900060d4   0x00000140   Code   RO         3026    .text._tx_timer_thread_entry  tx_timer_thread_entry.o
    0x90006214   0x90006214   0x000000e6   Code   RO         2596    .text._txe_mutex_create  txe_mutex_create.o
    0x900062fa   0x900062fa   0x00000072   Code   RO         2614    .text._txe_mutex_get  txe_mutex_get.o
    0x9000636c   0x9000636c   0x0000003c   Code   RO         2641    .text._txe_mutex_put  txe_mutex_put.o
    0x900063a8   0x900063a8   0x00000150   Code   RO         2803    .text._txe_thread_create  txe_thread_create.o
    0x900064f8   0x900064f8   0x000000fc   Code   RO         1535    .text.at24cxx_basic_init  driver_at24cxx_basic.o
    0x900065f4   0x900065f4   0x00000104   Code   RO         1508    .text.at24cxx_init  driver_at24cxx.o
    0x900066f8   0x900066f8   0x0000004c   Code   RO         1566    .text.at24cxx_interface_debug_print  stm32h750xb_driver_at24cxx_interface.o
    0x90006744   0x90006744   0x00000004   Code   RO         1564    .text.at24cxx_interface_delay_ms  stm32h750xb_driver_at24cxx_interface.o
    0x90006748   0x90006748   0x00000012   Code   RO         1554    .text.at24cxx_interface_iic_deinit  stm32h750xb_driver_at24cxx_interface.o
    0x9000675a   0x9000675a   0x0000000a   Code   RO         1552    .text.at24cxx_interface_iic_init  stm32h750xb_driver_at24cxx_interface.o
    0x90006764   0x90006764   0x00000024   Code   RO         1556    .text.at24cxx_interface_iic_read  stm32h750xb_driver_at24cxx_interface.o
    0x90006788   0x90006788   0x00000024   Code   RO         1560    .text.at24cxx_interface_iic_read_address16  stm32h750xb_driver_at24cxx_interface.o
    0x900067ac   0x900067ac   0x00000024   Code   RO         1558    .text.at24cxx_interface_iic_write  stm32h750xb_driver_at24cxx_interface.o
    0x900067d0   0x900067d0   0x00000024   Code   RO         1562    .text.at24cxx_interface_iic_write_address16  stm32h750xb_driver_at24cxx_interface.o
    0x900067f4   0x900067f4   0x00000012   Code   RO         1516    .text.at24cxx_set_addr_pin  driver_at24cxx.o
    0x90006806   0x90006806   0x0000000c   Code   RO         1512    .text.at24cxx_set_type  driver_at24cxx.o
    0x90006812   0x90006812   0x00000026   Code   RO           11    .text.dwt_init      dwt.o
    0x90006838   0x90006838   0x00000020   Code   RO           37    .text.fputc         main.o
    0x90006858   0x90006858   0x000001ba   Code   RO           27    .text.main          main.o
    0x90006a12   0x90006a12   0x00000002   PAD
    0x90006a14   0x90006a14   0x00000024   Code   RO         1576    .text.test_entry    app_test.o
    0x90006a38   0x90006a38   0x00000054   Code   RO         1578    .text.test_thread_init  app_test.o
    0x90006a8c   0x90006a8c   0x0000002c   Code   RO         1591    .text.tx_application_define  app_azure_rtos.o
    0x90006ab8   0x90006ab8   0x00000054   Code   RO         1589    .text.tx_kprintf    app_azure_rtos.o
    0x90006b0c   0x90006b0c   0x0000003e   Code   RO         3423    CL$$btod_d2e        c_w.l(btod.o)
    0x90006b4a   0x90006b4a   0x00000046   Code   RO         3425    CL$$btod_d2e_denorm_low  c_w.l(btod.o)
    0x90006b90   0x90006b90   0x00000060   Code   RO         3424    CL$$btod_d2e_norm_op1  c_w.l(btod.o)
    0x90006bf0   0x90006bf0   0x00000338   Code   RO         3433    CL$$btod_div_common  c_w.l(btod.o)
    0x90006f28   0x90006f28   0x000000dc   Code   RO         3430    CL$$btod_e2e        c_w.l(btod.o)
    0x90007004   0x90007004   0x0000002a   Code   RO         3427    CL$$btod_ediv       c_w.l(btod.o)
    0x9000702e   0x9000702e   0x0000002a   Code   RO         3426    CL$$btod_emul       c_w.l(btod.o)
    0x90007058   0x90007058   0x00000244   Code   RO         3432    CL$$btod_mult_common  c_w.l(btod.o)
    0x9000729c   0x9000729c   0x00000030   Code   RO         3465    i.__ARM_fpclassify  m_wv.l(fpclassify.o)
    0x900072cc   0x900072cc   0x0000000e   Code   RO         3258    i._is_digit         c_w.l(__printf_wp.o)
    0x900072da   0x900072da   0x00000002   PAD
    0x900072dc   0x900072dc   0x0000002c   Code   RO         3448    locale$$code        c_w.l(lc_numeric_c.o)
    0x90007308   0x90007308   0x0000002c   Code   RO         3477    locale$$code        c_w.l(lc_ctype_c.o)
    0x90007334   0x90007334   0x0000001a   Code   RO         3547    x$fpl$fpinit        fz_wv.l(fpinit.o)
    0x9000734e   0x9000734e   0x00000004   Code   RO         3363    x$fpl$printf1       fz_wv.l(printf1.o)
    0x90007352   0x90007352   0x00000004   Code   RO         3365    x$fpl$printf2       fz_wv.l(printf2.o)
    0x90007356   0x90007356   0x00000000   Code   RO         3464    x$fpl$usenofp       fz_wv.l(usenofp.o)
    0x90007356   0x90007356   0x00000011   Data   RO         3266    .constdata          c_w.l(__printf_flags_ss_wp.o)
    0x90007367   0x90007367   0x00000001   PAD
    0x90007368   0x90007368   0x00000008   Data   RO         3306    .constdata          c_w.l(_printf_wctomb.o)
    0x90007370   0x90007370   0x00000028   Data   RO         3335    .constdata          c_w.l(_printf_hex_int_ll_ptr.o)
    0x90007398   0x90007398   0x00000026   Data   RO         3397    .constdata          c_w.l(_printf_fp_hex.o)
    0x900073be   0x900073be   0x00000002   PAD
    0x900073c0   0x900073c0   0x00000094   Data   RO         3421    .constdata          c_w.l(bigflt0.o)
    0x90007454   0x90007454   0x00000006   Data   RO         1440    .rodata..Lswitch.table.UART_SetConfig.5  stm32h7xx_hal_uart.o
    0x9000745a   0x9000745a   0x00000006   Data   RO         1441    .rodata..Lswitch.table.UART_SetConfig.7  stm32h7xx_hal_uart.o
    0x90007460   0x90007460   0x00000010   Data   RO         1499    .rodata.D1CorePrescTable  system_stm32h7xx.o
    0x90007470   0x90007470   0x00000018   Data   RO         1439    .rodata.UARTPrescTable  stm32h7xx_hal_uart.o
    0x90007488   0x90007488   0x00000010   Data   RO         1484    .rodata.cst8        stm32h7xx_hal_uart_ex.o
    0x90007498   0x90007498   0x00000073   Data   RO         1526    .rodata.str1.1      driver_at24cxx.o
    0x9000750b   0x9000750b   0x00000001   PAD
    0x9000750c   0x9000750c   0x00000020   Data   RO         3602    Region$$Table       anon$$obj.o
    0x9000752c   0x9000752c   0x0000001c   Data   RO         3447    locale$$data        c_w.l(lc_numeric_c.o)
    0x90007548   0x90007548   0x00000110   Data   RO         3476    locale$$data        c_w.l(lc_ctype_c.o)


    Execution Region RW_IRAM8 (Exec base: 0xd0000000, Load base: 0x90007670, Size: 0x00000000, Max: 0x02000000, ABSOLUTE, UNINIT)

    **** No section assigned to this execution region ****


==============================================================================

Image component sizes


      Code (inc. data)   RO Data    RW Data    ZI Data      Debug   Object Name

       128         12          0          0       1077       4324   app_azure_rtos.o
       120         24          0          0       4288       3745   app_test.o
         4          0          0          0          0        756   app_threadx.o
       290        136        115          0          0       5744   driver_at24cxx.o
       252         88          0          0         40       2835   driver_at24cxx_basic.o
        38          0          0          0          0       2524   dwt.o
        86          0          0          0          0       2293   gpio.o
       304          0          0          0         84       8141   i2c.o
       768          0          0          0         84      12049   main.o
        64         26        664          0       1536        852   startup_stm32h750xx.o
       252          0          0          0          0       3946   stm32h750xb_driver_at24cxx_interface.o
       190          0          0          5          4      15044   stm32h7xx_hal.o
       302          0          0          0          0      12160   stm32h7xx_hal_cortex.o
       692          0          0          0          0       6952   stm32h7xx_hal_gpio.o
      1762          0          0          0          0      53947   stm32h7xx_hal_i2c.o
       146          0          0          0          0       7554   stm32h7xx_hal_i2c_ex.o
        32          0          0          0          0       2241   stm32h7xx_hal_msp.o
        72          0          0          0          0      10535   stm32h7xx_hal_pwr_ex.o
      2430         16          0          0          0      11366   stm32h7xx_hal_rcc.o
      3542        122          0          0          0      18169   stm32h7xx_hal_rcc_ex.o
       978          0          0          0          0      55311   stm32h7xx_hal_tim.o
         6          0          0          0          0      24525   stm32h7xx_hal_tim_ex.o
       162          0          0          0         76       9865   stm32h7xx_hal_timebase_tim.o
      1744         28         36          0          0      34784   stm32h7xx_hal_uart.o
       280          0         16          0          0      10533   stm32h7xx_hal_uart_ex.o
        24          0          0          0          0       4706   stm32h7xx_it.o
       192          0         16          8          0       5804   system_stm32h7xx.o
        34          0          0          0          8       7761   tx_execution_profile.o
       134          0          0          0         52       6544   tx_initialize_high_level.o
        82          0          0          0          0        665   tx_initialize_kernel_enter.o
       166         32          0          0          0        666   tx_initialize_low_level.o
       206          0          0          0          0       4344   tx_mutex_cleanup.o
       104          0          0          0          0       3908   tx_mutex_create.o
       264          0          0          0          0       4302   tx_mutex_get.o
       194          0          0          0          0       4238   tx_mutex_prioritize.o
       176          0          0          0          0       3992   tx_mutex_priority_change.o
       496          0          0          0          0       4924   tx_mutex_put.o
       326          0          0          0          0       4841   tx_thread_create.o
       132          0          0          4        172       4287   tx_thread_initialize.o
        14          0          0          0          0        474   tx_thread_interrupt_disable.o
         6          0          0          0          0        472   tx_thread_interrupt_restore.o
       224         16          0          0          0        854   tx_thread_schedule.o
        88          0          0          0          0       3895   tx_thread_shell_entry.o
       120          0          0          0          0       3895   tx_thread_sleep.o
       130          0          0          0          0       3866   tx_thread_stack_analyze.o
        64          0          0          0          0        469   tx_thread_stack_build.o
        36          0          0          0          0       3595   tx_thread_stack_error_handler.o
       156          0          0          0          0       3802   tx_thread_system_preempt_check.o
       462          0          0          0          0       4404   tx_thread_system_resume.o
        38          0          0          0          0        494   tx_thread_system_return.o
       588          0          0          0          0       4827   tx_thread_system_suspend.o
       328          0          0          0          0       3962   tx_thread_time_slice.o
        68          0          0          0          0       3871   tx_thread_timeout.o
        40          0          0          0          0        688   tx_timer_expiration_process.o
       272         20          0          0       1396       4601   tx_timer_initialize.o
       184         44          0          0          0        822   tx_timer_interrupt.o
        90          0          0          0          0       1556   tx_timer_system_activate.o
        42          0          0          0          0       1379   tx_timer_system_deactivate.o
       320          0          0          0          0       4485   tx_timer_thread_entry.o
       230          0          0          0          0       4312   txe_mutex_create.o
       114          0          0          0          0       3940   txe_mutex_get.o
        60          0          0          0          0       3829   txe_mutex_put.o
       336          0          0          0          0       4938   txe_thread_create.o
       254          0          0          0        148       8232   usart.o

    ----------------------------------------------------------------------
     21516        576        880         20       8980     458839   Object Totals
         0          0         32          0          0          0   (incl. Generated)
        78         12          1          3         15          0   (incl. Padding)

    ----------------------------------------------------------------------

      Code (inc. data)   RO Data    RW Data    ZI Data      Debug   Library Member Name

        24          4          0          0          0         84   __2printf.o
         8          0          0          0          0         68   __main.o
       392          4         17          0          0         92   __printf_flags_ss_wp.o
        14          0          0          0          0         68   __printf_wp.o
         0          0          0          0          0          0   __rtentry.o
        12          0          0          0          0          0   __rtentry2.o
         6          0          0          0          0          0   __rtentry4.o
        52          8          0          0          0          0   __scatter.o
        26          0          0          0          0          0   __scatter_copy.o
        28          0          0          0          0          0   __scatter_zi.o
        72          0          0          0          0         96   _c16rtomb.o
         6          0          0          0          0          0   _printf_a.o
         6          0          0          0          0          0   _printf_c.o
        44          0          0          0          0        108   _printf_char.o
        48          6          0          0          0         96   _printf_char_common.o
        36          4          0          0          0         80   _printf_char_file.o
        40          0          0          0          0         68   _printf_charcount.o
         6          0          0          0          0          0   _printf_d.o
       120         16          0          0          0         92   _printf_dec.o
         6          0          0          0          0          0   _printf_e.o
         6          0          0          0          0          0   _printf_f.o
      1052          0          0          0          0        148   _printf_fp_dec.o
       764          8         38          0          0        100   _printf_fp_hex.o
       128         16          0          0          0         84   _printf_fp_infnan.o
         6          0          0          0          0          0   _printf_g.o
       148          4         40          0          0        160   _printf_hex_int_ll_ptr.o
         6          0          0          0          0          0   _printf_i.o
       178          0          0          0          0         88   _printf_intcommon.o
        10          0          0          0          0          0   _printf_l.o
         6          0          0          0          0          0   _printf_lc.o
        10          0          0          0          0          0   _printf_ll.o
         6          0          0          0          0          0   _printf_lld.o
         6          0          0          0          0          0   _printf_lli.o
         6          0          0          0          0          0   _printf_llo.o
         6          0          0          0          0          0   _printf_llu.o
         6          0          0          0          0          0   _printf_llx.o
       124         16          0          0          0         92   _printf_longlong_dec.o
         6          0          0          0          0          0   _printf_ls.o
         6          0          0          0          0          0   _printf_n.o
         6          0          0          0          0          0   _printf_o.o
       112          8          0          0          0        124   _printf_oct_int_ll.o
         6          0          0          0          0          0   _printf_p.o
        78          0          0          0          0        108   _printf_pad.o
         0          0          0          0          0          0   _printf_percent.o
         4          0          0          0          0          0   _printf_percent_end.o
         6          0          0          0          0          0   _printf_s.o
        82          0          0          0          0         80   _printf_str.o
        36          0          0          0          0         84   _printf_truncate.o
         6          0          0          0          0          0   _printf_u.o
        44          0          0          0          0        108   _printf_wchar.o
       188          6          8          0          0         92   _printf_wctomb.o
         6          0          0          0          0          0   _printf_x.o
        16          0          0          0          0         68   _snputc.o
        16          0          0          0          0         68   aeabi_memset.o
       228          4        148          0          0         96   bigflt0.o
      1936        128          0          0          0        668   btod.o
        18          0          0          0          0         80   exit.o
         8          0          0          0          0         68   ferror.o
         6          0          0          0          0        152   heapauxi.o
        44         10        272          0          0         76   lc_ctype_c.o
        44         10         28          0          0         76   lc_numeric_c.o
         2          0          0          0          0          0   libinit.o
        34          0          0          0          0          0   libinit2.o
         2          0          0          0          0          0   libshutdown.o
         2          0          0          0          0          0   libshutdown2.o
         8          4          0          0         96         68   libspace.o
       138          0          0          0          0         80   lludiv10.o
       240          0          0          0          0        100   lludivv7m.o
        16          4          0          0          0         76   rt_ctype_table.o
         8          4          0          0          0         68   rt_locale_intlibspace.o
        68          0          0          0          0         68   rt_memclr.o
        78          0          0          0          0         80   rt_memclr_w.o
         2          0          0          0          0          0   rtexit.o
        10          0          0          0          0          0   rtexit2.o
       124          0          0          0          0         88   strcmpv7m_pel.o
        62          0          0          0          0         76   strlen.o
        74          0          0          0          0         80   sys_stackheap_outer.o
         2          0          0          0          0         68   use_no_semi.o
         2          0          0          0          0         68   use_no_semi_2.o
        60          4          0          0          0         80   vsnprintf.o
        26          0          0          0          0        116   fpinit.o
         4          0          0          0          0        116   printf1.o
         4          0          0          0          0        116   printf2.o
         0          0          0          0          0          0   usenofp.o
        48          0          0          0          0        124   fpclassify.o

    ----------------------------------------------------------------------
      7346        268        554          0         96       4944   Library Totals
        16          0          3          0          0          0   (incl. Padding)

    ----------------------------------------------------------------------

      Code (inc. data)   RO Data    RW Data    ZI Data      Debug   Library Name

      7248        268        551          0         96       4472   c_w.l
        34          0          0          0          0        348   fz_wv.l
        48          0          0          0          0        124   m_wv.l

    ----------------------------------------------------------------------
      7346        268        554          0         96       4944   Library Totals

    ----------------------------------------------------------------------

==============================================================================


      Code (inc. data)   RO Data    RW Data    ZI Data      Debug   

     28862        844       1434         20       9076     460039   Grand Totals
     28862        844       1434         20       9076     460039   ELF Image Totals
     28862        844       1434         20          0          0   ROM Totals

==============================================================================

    Total RO  Size (Code + RO Data)                30296 (  29.59kB)
    Total RW  Size (RW Data + ZI Data)              9096 (   8.88kB)
    Total ROM Size (Code + RO Data + RW Data)      30316 (  29.61kB)

==============================================================================

